../Core/Src/btn.c:18:6:InitializeButtons	4	static
../Core/Src/btn.c:41:6:HandleButtonPress	24	static
../Core/Src/btn.c:75:6:CheckButtonPressTime	16	static
../Core/Src/btn.c:91:6:BtnHoldEvent	24	static
../Core/Src/btn.c:103:6:CheckBtnHoldingTime	24	static
../Core/Src/btn.c:120:6:BtnThresHoldEvent	24	static
../Core/Src/btn.c:139:6:WatchHandleButton1	8	static
../Core/Src/btn.c:167:6:WatchHandleButton2	8	static
../Core/Src/btn.c:194:6:WatchHandleButton3	8	static
../Core/Src/btn.c:239:6:WatchHandleButton4	8	static
../Core/Src/btn.c:271:6:DecreaseTime	4	static
../Core/Src/btn.c:296:6:IncreaseTime	4	static
../Core/Src/btn.c:322:6:AlarmHandleButton1	8	static
../Core/Src/btn.c:357:6:AlarmHandleButton2	8	static
../Core/Src/btn.c:383:6:AlarmHandleButton3	8	static
../Core/Src/btn.c:426:6:AlarmHandleButton4	8	static
