Archive member included to satisfy reference by file (symbol)

C:/ST/STM32CubeIDE_1.16.0/STM32CubeIDE/plugins/com.st.stm32cube.ide.mcu.externaltools.gnu-tools-for-stm32.12.3.rel1.win32_1.0.200.202406191623/tools/bin/../lib/gcc/arm-none-eabi/12.3.1/../../../../arm-none-eabi/lib/thumb/v7e-m+fp/hard\libc_nano.a(libc_a-exit.o)
                              C:/ST/STM32CubeIDE_1.16.0/STM32CubeIDE/plugins/com.st.stm32cube.ide.mcu.externaltools.gnu-tools-for-stm32.12.3.rel1.win32_1.0.200.202406191623/tools/bin/../lib/gcc/arm-none-eabi/12.3.1/../../../../arm-none-eabi/lib/thumb/v7e-m+fp/hard/crt0.o (exit)
C:/ST/STM32CubeIDE_1.16.0/STM32CubeIDE/plugins/com.st.stm32cube.ide.mcu.externaltools.gnu-tools-for-stm32.12.3.rel1.win32_1.0.200.202406191623/tools/bin/../lib/gcc/arm-none-eabi/12.3.1/../../../../arm-none-eabi/lib/thumb/v7e-m+fp/hard\libc_nano.a(libc_a-findfp.o)
                              C:/ST/STM32CubeIDE_1.16.0/STM32CubeIDE/plugins/com.st.stm32cube.ide.mcu.externaltools.gnu-tools-for-stm32.12.3.rel1.win32_1.0.200.202406191623/tools/bin/../lib/gcc/arm-none-eabi/12.3.1/../../../../arm-none-eabi/lib/thumb/v7e-m+fp/hard\libc_nano.a(libc_a-exit.o) (__stdio_exit_handler)
C:/ST/STM32CubeIDE_1.16.0/STM32CubeIDE/plugins/com.st.stm32cube.ide.mcu.externaltools.gnu-tools-for-stm32.12.3.rel1.win32_1.0.200.202406191623/tools/bin/../lib/gcc/arm-none-eabi/12.3.1/../../../../arm-none-eabi/lib/thumb/v7e-m+fp/hard\libc_nano.a(libc_a-fwalk.o)
                              C:/ST/STM32CubeIDE_1.16.0/STM32CubeIDE/plugins/com.st.stm32cube.ide.mcu.externaltools.gnu-tools-for-stm32.12.3.rel1.win32_1.0.200.202406191623/tools/bin/../lib/gcc/arm-none-eabi/12.3.1/../../../../arm-none-eabi/lib/thumb/v7e-m+fp/hard\libc_nano.a(libc_a-findfp.o) (_fwalk_sglue)
C:/ST/STM32CubeIDE_1.16.0/STM32CubeIDE/plugins/com.st.stm32cube.ide.mcu.externaltools.gnu-tools-for-stm32.12.3.rel1.win32_1.0.200.202406191623/tools/bin/../lib/gcc/arm-none-eabi/12.3.1/../../../../arm-none-eabi/lib/thumb/v7e-m+fp/hard\libc_nano.a(libc_a-printf.o)
                              ./Core/Src/mode.o (printf)
C:/ST/STM32CubeIDE_1.16.0/STM32CubeIDE/plugins/com.st.stm32cube.ide.mcu.externaltools.gnu-tools-for-stm32.12.3.rel1.win32_1.0.200.202406191623/tools/bin/../lib/gcc/arm-none-eabi/12.3.1/../../../../arm-none-eabi/lib/thumb/v7e-m+fp/hard\libc_nano.a(libc_a-sprintf.o)
                              ./Core/Src/alarm.o (sprintf)
C:/ST/STM32CubeIDE_1.16.0/STM32CubeIDE/plugins/com.st.stm32cube.ide.mcu.externaltools.gnu-tools-for-stm32.12.3.rel1.win32_1.0.200.202406191623/tools/bin/../lib/gcc/arm-none-eabi/12.3.1/../../../../arm-none-eabi/lib/thumb/v7e-m+fp/hard\libc_nano.a(libc_a-stdio.o)
                              C:/ST/STM32CubeIDE_1.16.0/STM32CubeIDE/plugins/com.st.stm32cube.ide.mcu.externaltools.gnu-tools-for-stm32.12.3.rel1.win32_1.0.200.202406191623/tools/bin/../lib/gcc/arm-none-eabi/12.3.1/../../../../arm-none-eabi/lib/thumb/v7e-m+fp/hard\libc_nano.a(libc_a-findfp.o) (__sread)
C:/ST/STM32CubeIDE_1.16.0/STM32CubeIDE/plugins/com.st.stm32cube.ide.mcu.externaltools.gnu-tools-for-stm32.12.3.rel1.win32_1.0.200.202406191623/tools/bin/../lib/gcc/arm-none-eabi/12.3.1/../../../../arm-none-eabi/lib/thumb/v7e-m+fp/hard\libc_nano.a(libc_a-memset.o)
                              C:/ST/STM32CubeIDE_1.16.0/STM32CubeIDE/plugins/com.st.stm32cube.ide.mcu.externaltools.gnu-tools-for-stm32.12.3.rel1.win32_1.0.200.202406191623/tools/bin/../lib/gcc/arm-none-eabi/12.3.1/../../../../arm-none-eabi/lib/thumb/v7e-m+fp/hard/crt0.o (memset)
C:/ST/STM32CubeIDE_1.16.0/STM32CubeIDE/plugins/com.st.stm32cube.ide.mcu.externaltools.gnu-tools-for-stm32.12.3.rel1.win32_1.0.200.202406191623/tools/bin/../lib/gcc/arm-none-eabi/12.3.1/../../../../arm-none-eabi/lib/thumb/v7e-m+fp/hard\libc_nano.a(libc_a-closer.o)
                              C:/ST/STM32CubeIDE_1.16.0/STM32CubeIDE/plugins/com.st.stm32cube.ide.mcu.externaltools.gnu-tools-for-stm32.12.3.rel1.win32_1.0.200.202406191623/tools/bin/../lib/gcc/arm-none-eabi/12.3.1/../../../../arm-none-eabi/lib/thumb/v7e-m+fp/hard\libc_nano.a(libc_a-stdio.o) (_close_r)
C:/ST/STM32CubeIDE_1.16.0/STM32CubeIDE/plugins/com.st.stm32cube.ide.mcu.externaltools.gnu-tools-for-stm32.12.3.rel1.win32_1.0.200.202406191623/tools/bin/../lib/gcc/arm-none-eabi/12.3.1/../../../../arm-none-eabi/lib/thumb/v7e-m+fp/hard\libc_nano.a(libc_a-reent.o)
                              C:/ST/STM32CubeIDE_1.16.0/STM32CubeIDE/plugins/com.st.stm32cube.ide.mcu.externaltools.gnu-tools-for-stm32.12.3.rel1.win32_1.0.200.202406191623/tools/bin/../lib/gcc/arm-none-eabi/12.3.1/../../../../arm-none-eabi/lib/thumb/v7e-m+fp/hard\libc_nano.a(libc_a-closer.o) (errno)
C:/ST/STM32CubeIDE_1.16.0/STM32CubeIDE/plugins/com.st.stm32cube.ide.mcu.externaltools.gnu-tools-for-stm32.12.3.rel1.win32_1.0.200.202406191623/tools/bin/../lib/gcc/arm-none-eabi/12.3.1/../../../../arm-none-eabi/lib/thumb/v7e-m+fp/hard\libc_nano.a(libc_a-impure.o)
[...]
Memory Configuration

Name             Origin             Length             Attributes
CCMRAM           0x10000000         0x00010000         xrw
RAM              0x20000000         0x00020000         xrw
FLASH            0x08000000         0x00080000         xr
*default*        0x00000000         0xffffffff

Linker script and memory map

LOAD C:/ST/STM32CubeIDE_1.16.0/STM32CubeIDE/plugins/com.st.stm32cube.ide.mcu.externaltools.gnu-tools-for-stm32.12.3.rel1.win32_1.0.200.202406191623/tools/bin/../lib/gcc/arm-none-eabi/12.3.1/thumb/v7e-m+fp/hard/crti.o
LOAD C:/ST/STM32CubeIDE_1.16.0/STM32CubeIDE/plugins/com.st.stm32cube.ide.mcu.externaltools.gnu-tools-for-stm32.12.3.rel1.win32_1.0.200.202406191623/tools/bin/../lib/gcc/arm-none-eabi/12.3.1/thumb/v7e-m+fp/hard/crtbegin.o
LOAD C:/ST/STM32CubeIDE_1.16.0/STM32CubeIDE/plugins/com.st.stm32cube.ide.mcu.externaltools.gnu-tools-for-stm32.12.3.rel1.win32_1.0.200.202406191623/tools/bin/../lib/gcc/arm-none-eabi/12.3.1/../../../../arm-none-eabi/lib/thumb/v7e-m+fp/hard/crt0.o
LOAD ./Core/Src/7SEG.o
LOAD ./Core/Src/CLCD.o
LOAD ./Core/Src/alarm.o
LOAD ./Core/Src/btn.o
LOAD ./Core/Src/buzzer.o
LOAD ./Core/Src/gpio.o
LOAD ./Core/Src/lap.o
LOAD ./Core/Src/main.o
LOAD ./Core/Src/mode.o
LOAD ./Core/Src/stm32f4xx_hal_msp.o
LOAD ./Core/Src/stm32f4xx_it.o
LOAD ./Core/Src/stopwatch.o
LOAD ./Core/Src/syscalls.o
LOAD ./Core/Src/sysmem.o
LOAD ./Core/Src/system_stm32f4xx.o
LOAD ./Core/Src/tim.o
LOAD ./Core/Src/usart.o
LOAD ./Core/Src/watch.o
LOAD ./Core/Startup/startup_stm32f407vetx.o
LOAD ./Drivers/STM32F4xx_HAL_Driver/Src/stm32f4xx_hal.o
LOAD ./Drivers/STM32F4xx_HAL_Driver/Src/stm32f4xx_hal_cortex.o
LOAD ./Drivers/STM32F4xx_HAL_Driver/Src/stm32f4xx_hal_dma.o
LOAD ./Drivers/STM32F4xx_HAL_Driver/Src/stm32f4xx_hal_dma_ex.o
LOAD ./Drivers/STM32F4xx_HAL_Driver/Src/stm32f4xx_hal_exti.o
LOAD ./Drivers/STM32F4xx_HAL_Driver/Src/stm32f4xx_hal_flash.o
LOAD ./Drivers/STM32F4xx_HAL_Driver/Src/stm32f4xx_hal_flash_ex.o
LOAD ./Drivers/STM32F4xx_HAL_Driver/Src/stm32f4xx_hal_flash_ramfunc.o
LOAD ./Drivers/STM32F4xx_HAL_Driver/Src/stm32f4xx_hal_gpio.o
LOAD ./Drivers/STM32F4xx_HAL_Driver/Src/stm32f4xx_hal_pwr.o
LOAD ./Drivers/STM32F4xx_HAL_Driver/Src/stm32f4xx_hal_pwr_ex.o
LOAD ./Drivers/STM32F4xx_HAL_Driver/Src/stm32f4xx_hal_rcc.o
LOAD ./Drivers/STM32F4xx_HAL_Driver/Src/stm32f4xx_hal_rcc_ex.o
LOAD ./Drivers/STM32F4xx_HAL_Driver/Src/stm32f4xx_hal_tim.o
LOAD ./Drivers/STM32F4xx_HAL_Driver/Src/stm32f4xx_hal_tim_ex.o
LOAD ./Drivers/STM32F4xx_HAL_Driver/Src/stm32f4xx_hal_uart.o
START GROUP
LOAD C:/ST/STM32CubeIDE_1.16.0/STM32CubeIDE/plugins/com.st.stm32cube.ide.mcu.externaltools.gnu-tools-for-stm32.12.3.rel1.win32_1.0.200.202406191623/tools/bin/../lib/gcc/arm-none-eabi/12.3.1/../../../../arm-none-eabi/lib/thumb/v7e-m+fp/hard\libc_nano.a
LOAD C:/ST/STM32CubeIDE_1.16.0/STM32CubeIDE/plugins/com.st.stm32cube.ide.mcu.externaltools.gnu-tools-for-stm32.12.3.rel1.win32_1.0.200.202406191623/tools/bin/../lib/gcc/arm-none-eabi/12.3.1/../../../../arm-none-eabi/lib/thumb/v7e-m+fp/hard\libm.a
END GROUP
START GROUP
LOAD C:/ST/STM32CubeIDE_1.16.0/STM32CubeIDE/plugins/com.st.stm32cube.ide.mcu.externaltools.gnu-tools-for-stm32.12.3.rel1.win32_1.0.200.202406191623/tools/bin/../lib/gcc/arm-none-eabi/12.3.1/thumb/v7e-m+fp/hard\libgcc.a
LOAD C:/ST/STM32CubeIDE_1.16.0/STM32CubeIDE/plugins/com.st.stm32cube.ide.mcu.externaltools.gnu-tools-for-stm32.12.3.rel1.win32_1.0.200.202406191623/tools/bin/../lib/gcc/arm-none-eabi/12.3.1/../../../../arm-none-eabi/lib/thumb/v7e-m+fp/hard\libc_nano.a
END GROUP
START GROUP
LOAD C:/ST/STM32CubeIDE_1.16.0/STM32CubeIDE/plugins/com.st.stm32cube.ide.mcu.externaltools.gnu-tools-for-stm32.12.3.rel1.win32_1.0.200.202406191623/tools/bin/../lib/gcc/arm-none-eabi/12.3.1/thumb/v7e-m+fp/hard\libgcc.a
LOAD C:/ST/STM32CubeIDE_1.16.0/STM32CubeIDE/plugins/com.st.stm32cube.ide.mcu.externaltools.gnu-tools-for-stm32.12.3.rel1.win32_1.0.200.202406191623/tools/bin/../lib/gcc/arm-none-eabi/12.3.1/../../../../arm-none-eabi/lib/thumb/v7e-m+fp/hard\libc_nano.a
LOAD C:/ST/STM32CubeIDE_1.16.0/STM32CubeIDE/plugins/com.st.stm32cube.ide.mcu.externaltools.gnu-tools-for-stm32.12.3.rel1.win32_1.0.200.202406191623/tools/bin/../lib/gcc/arm-none-eabi/12.3.1/../../../../arm-none-eabi/lib/thumb/v7e-m+fp/hard\libnosys.a
END GROUP
START GROUP
LOAD C:/ST/STM32CubeIDE_1.16.0/STM32CubeIDE/plugins/com.st.stm32cube.ide.mcu.externaltools.gnu-tools-for-stm32.12.3.rel1.win32_1.0.200.202406191623/tools/bin/../lib/gcc/arm-none-eabi/12.3.1/thumb/v7e-m+fp/hard\libgcc.a
LOAD C:/ST/STM32CubeIDE_1.16.0/STM32CubeIDE/plugins/com.st.stm32cube.ide.mcu.externaltools.gnu-tools-for-stm32.12.3.rel1.win32_1.0.200.202406191623/tools/bin/../lib/gcc/arm-none-eabi/12.3.1/../../../../arm-none-eabi/lib/thumb/v7e-m+fp/hard\libc_nano.a
LOAD C:/ST/STM32CubeIDE_1.16.0/STM32CubeIDE/plugins/com.st.stm32cube.ide.mcu.externaltools.gnu-tools-for-stm32.12.3.rel1.win32_1.0.200.202406191623/tools/bin/../lib/gcc/arm-none-eabi/12.3.1/../../../../arm-none-eabi/lib/thumb/v7e-m+fp/hard\libnosys.a
END GROUP
LOAD C:/ST/STM32CubeIDE_1.16.0/STM32CubeIDE/plugins/com.st.stm32cube.ide.mcu.externaltools.gnu-tools-for-stm32.12.3.rel1.win32_1.0.200.202406191623/tools/bin/../lib/gcc/arm-none-eabi/12.3.1/thumb/v7e-m+fp/hard/crtend.o
LOAD C:/ST/STM32CubeIDE_1.16.0/STM32CubeIDE/plugins/com.st.stm32cube.ide.mcu.externaltools.gnu-tools-for-stm32.12.3.rel1.win32_1.0.200.202406191623/tools/bin/../lib/gcc/arm-none-eabi/12.3.1/thumb/v7e-m+fp/hard/crtn.o
                0x20020000                        _estack = (ORIGIN (RAM) + LENGTH (RAM))
                0x00000200                        _Min_Heap_Size = 0x200
                0x00000400                        _Min_Stack_Size = 0x400

.isr_vector     0x08000000      0x188
                0x08000000                        . = ALIGN (0x4)
 *(.isr_vector)
 .isr_vector    0x08000000      0x188 ./Core/Startup/startup_stm32f407vetx.o
                0x08000000                g_pfnVectors
                0x08000188                        . = ALIGN (0x4)

.text           0x08000190     0x781c
                0x08000190                        . = ALIGN (0x4)
 *(.text)
 .text          0x08000190       0x40 C:/ST/STM32CubeIDE_1.16.0/STM32CubeIDE/plugins/com.st.stm32cube.ide.mcu.externaltools.gnu-tools-for-stm32.12.3.rel1.win32_1.0.200.202406191623/tools/bin/../lib/gcc/arm-none-eabi/12.3.1/thumb/v7e-m+fp/hard/crtbegin.o
 .text          0x080001d0       0xa0 C:/ST/STM32CubeIDE_1.16.0/STM32CubeIDE/plugins/com.st.stm32cube.ide.mcu.externaltools.gnu-tools-for-stm32.12.3.rel1.win32_1.0.200.202406191623/tools/bin/../lib/gcc/arm-none-eabi/12.3.1/../../../../arm-none-eabi/lib/thumb/v7e-m+fp/hard\libc_nano.a(libc_a-memchr.o)
                0x080001d0                memchr
 .text          0x08000270       0x30 C:/ST/STM32CubeIDE_1.16.0/STM32CubeIDE/plugins/com.st.stm32cube.ide.mcu.externaltools.gnu-tools-for-stm32.12.3.rel1.win32_1.0.200.202406191623/tools/bin/../lib/gcc/arm-none-eabi/12.3.1/thumb/v7e-m+fp/hard\libgcc.a(_aeabi_uldivmod.o)
                0x08000270                __aeabi_uldivmod
 .text          0x080002a0      0x2bc C:/ST/STM32CubeIDE_1.16.0/STM32CubeIDE/plugins/com.st.stm32cube.ide.mcu.externaltools.gnu-tools-for-stm32.12.3.rel1.win32_1.0.200.202406191623/tools/bin/../lib/gcc/arm-none-eabi/12.3.1/thumb/v7e-m+fp/hard\libgcc.a(_udivmoddi4.o)
                0x080002a0                __udivmoddi4
 .text          0x0800055c        0x4 C:/ST/STM32CubeIDE_1.16.0/STM32CubeIDE/plugins/com.st.stm32cube.ide.mcu.externaltools.gnu-tools-for-stm32.12.3.rel1.win32_1.0.200.202406191623/tools/bin/../lib/gcc/arm-none-eabi/12.3.1/thumb/v7e-m+fp/hard\libgcc.a(_dvmd_tls.o)
                0x0800055c                __aeabi_idiv0
                0x0800055c                __aeabi_ldiv0
 *(.text*)
 .text._7SEG_GPIO_Init
                0x08000560      0x1cc ./Core/Src/7SEG.o
                0x08000560                _7SEG_GPIO_Init
 .text._7SEG_SetNumber
                0x0800072c      0x7c4 ./Core/Src/7SEG.o
                0x0800072c                _7SEG_SetNumber
 .text.CLCD_GPIO_Init
                0x08000ef0       0xa0 ./Core/Src/CLCD.o
                0x08000ef0                CLCD_GPIO_Init
 .text.CLCD_Write_Instruction
                0x08000f90      0x194 ./Core/Src/CLCD.o
                0x08000f90                CLCD_Write_Instruction
 .text.CLCD_Write_Display
                0x08001124      0x194 ./Core/Src/CLCD.o
                0x08001124                CLCD_Write_Display
 .text.CLCD_Gotoxy
                0x080012b8       0x40 ./Core/Src/CLCD.o
                0x080012b8                CLCD_Gotoxy
 .text.CLCD_Puts
                0x080012f8       0x4a ./Core/Src/CLCD.o
                0x080012f8                CLCD_Puts
 .text.CLCD_Init
                0x08001342       0x44 ./Core/Src/CLCD.o
                0x08001342                CLCD_Init
 .text.CLCD_Clear
                0x08001386       0x14 ./Core/Src/CLCD.o
                0x08001386                CLCD_Clear
 *fill*         0x0800139a        0x2 
 .text.displayAlarmSettings
                0x0800139c      0x24c ./Core/Src/alarm.o
                0x0800139c                displayAlarmSettings
 .text.alert    0x080015e8      0x188 ./Core/Src/alarm.o
                0x080015e8                alert
 .text.IncreaseAlarmTimeOnce
                0x08001770      0x168 ./Core/Src/alarm.o
                0x08001770                IncreaseAlarmTimeOnce
 .text.DecreaseAlarmTimeOnce
                0x080018d8      0x168 ./Core/Src/alarm.o
                0x080018d8                DecreaseAlarmTimeOnce
 .text.AlarmLEDOff
                0x08001a40       0x3c ./Core/Src/alarm.o
                0x08001a40                AlarmLEDOff
 .text.triggerAlarm
                0x08001a7c       0xa8 ./Core/Src/alarm.o
                0x08001a7c                triggerAlarm
 .text.InitializeButtons
                0x08001b24       0x80 ./Core/Src/btn.o
                0x08001b24                InitializeButtons
 .text.HandleButtonPress
                0x08001ba4       0x88 ./Core/Src/btn.o
                0x08001ba4                HandleButtonPress
 .text.CheckButtonPressTime
                0x08001c2c       0x40 ./Core/Src/btn.o
                0x08001c2c                CheckButtonPressTime
 .text.BtnHoldEvent
                0x08001c6c       0x44 ./Core/Src/btn.o
                0x08001c6c                BtnHoldEvent
 .text.CheckBtnHoldingTime
                0x08001cb0       0x46 ./Core/Src/btn.o
                0x08001cb0                CheckBtnHoldingTime
 *fill*         0x08001cf6        0x2 
 .text.BtnThresHoldEvent
                0x08001cf8       0x78 ./Core/Src/btn.o
                0x08001cf8                BtnThresHoldEvent
 .text.WatchHandleButton1
                0x08001d70       0x9c ./Core/Src/btn.o
                0x08001d70                WatchHandleButton1
 .text.WatchHandleButton2
                0x08001e0c       0xac ./Core/Src/btn.o
                0x08001e0c                WatchHandleButton2
 .text.WatchHandleButton3
                0x08001eb8       0xb4 ./Core/Src/btn.o
                0x08001eb8                WatchHandleButton3
 .text.WatchHandleButton4
                0x08001f6c       0x84 ./Core/Src/btn.o
                0x08001f6c                WatchHandleButton4
 .text.DecreaseTime
                0x08001ff0       0x90 ./Core/Src/btn.o
                0x08001ff0                DecreaseTime
 .text.IncreaseTime
                0x08002080       0x90 ./Core/Src/btn.o
                0x08002080                IncreaseTime
 .text.AlarmHandleButton1
                0x08002110       0xe0 ./Core/Src/btn.o
                0x08002110                AlarmHandleButton1
 .text.AlarmHandleButton2
                0x080021f0       0xa8 ./Core/Src/btn.o
                0x080021f0                AlarmHandleButton2
 .text.AlarmHandleButton3
                0x08002298       0xd8 ./Core/Src/btn.o
                0x08002298                AlarmHandleButton3
 .text.AlarmHandleButton4
                0x08002370       0xdc ./Core/Src/btn.o
                0x08002370                AlarmHandleButton4
 .text.InitializeBuzzer
                0x0800244c       0x38 ./Core/Src/buzzer.o
                0x0800244c                InitializeBuzzer
 .text.activateBuzzer30msOn
                0x08002484       0x42 ./Core/Src/buzzer.o
                0x08002484                activateBuzzer30msOn
 .text.activateBuzzer30msOff
                0x080024c6       0x4a ./Core/Src/buzzer.o
                0x080024c6                activateBuzzer30msOff
 .text.checkAndRingBuzzer
                0x08002510       0x6c ./Core/Src/buzzer.o
                0x08002510                checkAndRingBuzzer
 .text.handleBuzzerActivation
                0x0800257c       0x88 ./Core/Src/buzzer.o
                0x0800257c                handleBuzzerActivation
 .text.MX_GPIO_Init
                0x08002604      0x1a4 ./Core/Src/gpio.o
                0x08002604                MX_GPIO_Init
 .text.LapMeasure
                0x080027a8      0x12c ./Core/Src/lap.o
                0x080027a8                LapMeasure
 .text.LapDisplay
                0x080028d4       0xcc ./Core/Src/lap.o
                0x080028d4                LapDisplay
 .text.LapClear
                0x080029a0       0x34 ./Core/Src/lap.o
                0x080029a0                LapClear
 .text.main     0x080029d4      0x2ac ./Core/Src/main.o
                0x080029d4                main
 .text.SystemClock_Config
                0x08002c80       0xd4 ./Core/Src/main.o
                0x08002c80                SystemClock_Config
 .text.MX_NVIC_Init
                0x08002d54       0x58 ./Core/Src/main.o
 .text.HAL_GPIO_EXTI_Callback
                0x08002dac      0x1e8 ./Core/Src/main.o
                0x08002dac                HAL_GPIO_EXTI_Callback
 .text.HAL_TIM_PeriodElapsedCallback
                0x08002f94       0x90 ./Core/Src/main.o
                0x08002f94                HAL_TIM_PeriodElapsedCallback
 .text.Error_Handler
                0x08003024        0xc ./Core/Src/main.o
                0x08003024                Error_Handler
 .text.UpdateWatchString
                0x08003030       0x38 ./Core/Src/mode.o
                0x08003030                UpdateWatchString
 .text.HAL_MspInit
                0x08003068       0x50 ./Core/Src/stm32f4xx_hal_msp.o
                0x08003068                HAL_MspInit
 .text.NMI_Handler
                0x080030b8        0x8 ./Core/Src/stm32f4xx_it.o
                0x080030b8                NMI_Handler
 .text.HardFault_Handler
                0x080030c0        0x8 ./Core/Src/stm32f4xx_it.o
                0x080030c0                HardFault_Handler
 .text.MemManage_Handler
                0x080030c8        0x8 ./Core/Src/stm32f4xx_it.o
                0x080030c8                MemManage_Handler
 .text.BusFault_Handler
                0x080030d0        0x8 ./Core/Src/stm32f4xx_it.o
                0x080030d0                BusFault_Handler
 .text.UsageFault_Handler
                0x080030d8        0x8 ./Core/Src/stm32f4xx_it.o
                0x080030d8                UsageFault_Handler
 .text.SVC_Handler
                0x080030e0        0xe ./Core/Src/stm32f4xx_it.o
                0x080030e0                SVC_Handler
 .text.DebugMon_Handler
                0x080030ee        0xe ./Core/Src/stm32f4xx_it.o
                0x080030ee                DebugMon_Handler
 .text.PendSV_Handler
                0x080030fc        0xe ./Core/Src/stm32f4xx_it.o
                0x080030fc                PendSV_Handler
 .text.SysTick_Handler
                0x0800310a        0xc ./Core/Src/stm32f4xx_it.o
                0x0800310a                SysTick_Handler
 .text.EXTI3_IRQHandler
                0x08003116        0xe ./Core/Src/stm32f4xx_it.o
                0x08003116                EXTI3_IRQHandler
 .text.EXTI4_IRQHandler
                0x08003124        0xe ./Core/Src/stm32f4xx_it.o
                0x08003124                EXTI4_IRQHandler
 *fill*         0x08003132        0x2 
 .text.USART3_IRQHandler
                0x08003134       0x14 ./Core/Src/stm32f4xx_it.o
                0x08003134                USART3_IRQHandler
 .text.EXTI15_10_IRQHandler
                0x08003148       0x18 ./Core/Src/stm32f4xx_it.o
                0x08003148                EXTI15_10_IRQHandler
 .text.TIM6_DAC_IRQHandler
                0x08003160       0x14 ./Core/Src/stm32f4xx_it.o
                0x08003160                TIM6_DAC_IRQHandler
 .text.updateStopwatchTime
                0x08003174       0x80 ./Core/Src/stopwatch.o
                0x08003174                updateStopwatchTime
 .text.updateStopwatchState
                0x080031f4       0x58 ./Core/Src/stopwatch.o
                0x080031f4                updateStopwatchState
 .text.updateStopwatchDisplay
                0x0800324c       0x98 ./Core/Src/stopwatch.o
                0x0800324c                updateStopwatchDisplay
 .text._sbrk    0x080032e4       0x6c ./Core/Src/sysmem.o
                0x080032e4                _sbrk
 .text.SystemInit
                0x08003350       0x24 ./Core/Src/system_stm32f4xx.o
                0x08003350                SystemInit
 .text.MX_TIM2_Init
                0x08003374       0xec ./Core/Src/tim.o
                0x08003374                MX_TIM2_Init
 .text.MX_TIM6_Init
                0x08003460       0x6c ./Core/Src/tim.o
                0x08003460                MX_TIM6_Init
 .text.HAL_TIM_Base_MspInit
                0x080034cc       0x6c ./Core/Src/tim.o
                0x080034cc                HAL_TIM_Base_MspInit
 .text.HAL_TIM_MspPostInit
                0x08003538       0x70 ./Core/Src/tim.o
                0x08003538                HAL_TIM_MspPostInit
 .text.MX_USART3_UART_Init
                0x080035a8       0x54 ./Core/Src/usart.o
                0x080035a8                MX_USART3_UART_Init
 .text.HAL_UART_MspInit
                0x080035fc       0x90 ./Core/Src/usart.o
                0x080035fc                HAL_UART_MspInit
 .text.InitializeWatch
                0x0800368c       0x40 ./Core/Src/watch.o
                0x0800368c                InitializeWatch
 .text.isLeapYear
                0x080036cc       0x60 ./Core/Src/watch.o
                0x080036cc                isLeapYear
 .text.getDaysInMonth
                0x0800372c       0x8e ./Core/Src/watch.o
                0x0800372c                getDaysInMonth
 *fill*         0x080037ba        0x2 
 .text.updateWatchTime
                0x080037bc       0xc4 ./Core/Src/watch.o
                0x080037bc                updateWatchTime
 .text.updateWatchDisplay
                0x08003880      0x188 ./Core/Src/watch.o
                0x08003880                updateWatchDisplay
 .text.ClockSettingMode
                0x08003a08      0x1a0 ./Core/Src/watch.o
                0x08003a08                ClockSettingMode
 .text.IncreaseTimeOnce
                0x08003ba8      0x198 ./Core/Src/watch.o
                0x08003ba8                IncreaseTimeOnce
 .text.DecreaseTimeOnce
                0x08003d40      0x1a0 ./Core/Src/watch.o
                0x08003d40                DecreaseTimeOnce
 .text.Reset_Handler
                0x08003ee0       0x50 ./Core/Startup/startup_stm32f407vetx.o
                0x08003ee0                Reset_Handler
 .text.Default_Handler
                0x08003f30        0x2 ./Core/Startup/startup_stm32f407vetx.o
                0x08003f30                RTC_Alarm_IRQHandler
                0x08003f30                HASH_RNG_IRQHandler
                0x08003f30                EXTI2_IRQHandler
                0x08003f30                TIM8_CC_IRQHandler
                0x08003f30                TIM1_CC_IRQHandler
                0x08003f30                DMA2_Stream5_IRQHandler
                0x08003f30                DMA1_Stream5_IRQHandler
                0x08003f30                PVD_IRQHandler
                0x08003f30                SDIO_IRQHandler
                0x08003f30                TAMP_STAMP_IRQHandler
                0x08003f30                CAN2_RX1_IRQHandler
                0x08003f30                TIM8_TRG_COM_TIM14_IRQHandler
                0x08003f30                TIM1_UP_TIM10_IRQHandler
                0x08003f30                TIM8_UP_TIM13_IRQHandler
                0x08003f30                I2C3_ER_IRQHandler
                0x08003f30                EXTI0_IRQHandler
                0x08003f30                I2C2_EV_IRQHandler
                0x08003f30                DMA1_Stream2_IRQHandler
                0x08003f30                CAN1_RX0_IRQHandler
                0x08003f30                FPU_IRQHandler
                0x08003f30                OTG_HS_WKUP_IRQHandler
                0x08003f30                CAN2_SCE_IRQHandler
                0x08003f30                DMA2_Stream2_IRQHandler
                0x08003f30                SPI1_IRQHandler
                0x08003f30                TIM1_BRK_TIM9_IRQHandler
                0x08003f30                DCMI_IRQHandler
                0x08003f30                CAN2_RX0_IRQHandler
                0x08003f30                DMA2_Stream3_IRQHandler
                0x08003f30                USART6_IRQHandler
                0x08003f30                CAN1_RX1_IRQHandler
                0x08003f30                UART5_IRQHandler
                0x08003f30                DMA2_Stream0_IRQHandler
                0x08003f30                TIM4_IRQHandler
                0x08003f30                I2C1_EV_IRQHandler
                0x08003f30                DMA1_Stream6_IRQHandler
                0x08003f30                DMA1_Stream1_IRQHandler
                0x08003f30                UART4_IRQHandler
                0x08003f30                TIM3_IRQHandler
                0x08003f30                RCC_IRQHandler
                0x08003f30                TIM8_BRK_TIM12_IRQHandler
                0x08003f30                Default_Handler
                0x08003f30                ADC_IRQHandler
                0x08003f30                DMA1_Stream7_IRQHandler
                0x08003f30                TIM7_IRQHandler
                0x08003f30                CAN2_TX_IRQHandler
                0x08003f30                TIM5_IRQHandler
                0x08003f30                DMA2_Stream7_IRQHandler
                0x08003f30                I2C3_EV_IRQHandler
                0x08003f30                EXTI9_5_IRQHandler
                0x08003f30                RTC_WKUP_IRQHandler
                0x08003f30                ETH_WKUP_IRQHandler
                0x08003f30                SPI2_IRQHandler
                0x08003f30                OTG_HS_EP1_IN_IRQHandler
                0x08003f30                DMA1_Stream0_IRQHandler
                0x08003f30                CAN1_TX_IRQHandler
                0x08003f30                FSMC_IRQHandler
                0x08003f30                ETH_IRQHandler
                0x08003f30                OTG_HS_EP1_OUT_IRQHandler
                0x08003f30                WWDG_IRQHandler
                0x08003f30                TIM2_IRQHandler
                0x08003f30                OTG_FS_WKUP_IRQHandler
                0x08003f30                TIM1_TRG_COM_TIM11_IRQHandler
                0x08003f30                OTG_HS_IRQHandler
                0x08003f30                EXTI1_IRQHandler
                0x08003f30                USART2_IRQHandler
                0x08003f30                I2C2_ER_IRQHandler
                0x08003f30                DMA2_Stream1_IRQHandler
                0x08003f30                CAN1_SCE_IRQHandler
                0x08003f30                FLASH_IRQHandler
                0x08003f30                DMA2_Stream4_IRQHandler
                0x08003f30                USART1_IRQHandler
                0x08003f30                OTG_FS_IRQHandler
                0x08003f30                SPI3_IRQHandler
                0x08003f30                DMA1_Stream4_IRQHandler
                0x08003f30                I2C1_ER_IRQHandler
                0x08003f30                DMA2_Stream6_IRQHandler
                0x08003f30                DMA1_Stream3_IRQHandler
 *fill*         0x08003f32        0x2 
 .text.HAL_Init
                0x08003f34       0x44 ./Drivers/STM32F4xx_HAL_Driver/Src/stm32f4xx_hal.o
                0x08003f34                HAL_Init
 .text.HAL_InitTick
                0x08003f78       0x60 ./Drivers/STM32F4xx_HAL_Driver/Src/stm32f4xx_hal.o
                0x08003f78                HAL_InitTick
 .text.HAL_IncTick
                0x08003fd8       0x28 ./Drivers/STM32F4xx_HAL_Driver/Src/stm32f4xx_hal.o
                0x08003fd8                HAL_IncTick
 .text.HAL_GetTick
                0x08004000       0x18 ./Drivers/STM32F4xx_HAL_Driver/Src/stm32f4xx_hal.o
                0x08004000                HAL_GetTick
 .text.HAL_Delay
                0x08004018       0x48 ./Drivers/STM32F4xx_HAL_Driver/Src/stm32f4xx_hal.o
                0x08004018                HAL_Delay
 .text.__NVIC_SetPriorityGrouping
                0x08004060       0x48 ./Drivers/STM32F4xx_HAL_Driver/Src/stm32f4xx_hal_cortex.o
 .text.__NVIC_GetPriorityGrouping
                0x080040a8       0x1c ./Drivers/STM32F4xx_HAL_Driver/Src/stm32f4xx_hal_cortex.o
 .text.__NVIC_EnableIRQ
                0x080040c4       0x3c ./Drivers/STM32F4xx_HAL_Driver/Src/stm32f4xx_hal_cortex.o
 .text.__NVIC_SetPriority
                0x08004100       0x54 ./Drivers/STM32F4xx_HAL_Driver/Src/stm32f4xx_hal_cortex.o
 .text.NVIC_EncodePriority
                0x08004154       0x66 ./Drivers/STM32F4xx_HAL_Driver/Src/stm32f4xx_hal_cortex.o
 *fill*         0x080041ba        0x2 
 .text.SysTick_Config
                0x080041bc       0x44 ./Drivers/STM32F4xx_HAL_Driver/Src/stm32f4xx_hal_cortex.o
 .text.HAL_NVIC_SetPriorityGrouping
                0x08004200       0x16 ./Drivers/STM32F4xx_HAL_Driver/Src/stm32f4xx_hal_cortex.o
                0x08004200                HAL_NVIC_SetPriorityGrouping
 .text.HAL_NVIC_SetPriority
                0x08004216       0x38 ./Drivers/STM32F4xx_HAL_Driver/Src/stm32f4xx_hal_cortex.o
                0x08004216                HAL_NVIC_SetPriority
 .text.HAL_NVIC_EnableIRQ
                0x0800424e       0x1c ./Drivers/STM32F4xx_HAL_Driver/Src/stm32f4xx_hal_cortex.o
                0x0800424e                HAL_NVIC_EnableIRQ
 .text.HAL_SYSTICK_Config
                0x0800426a       0x18 ./Drivers/STM32F4xx_HAL_Driver/Src/stm32f4xx_hal_cortex.o
                0x0800426a                HAL_SYSTICK_Config
 .text.HAL_DMA_Abort
                0x08004282       0xe0 ./Drivers/STM32F4xx_HAL_Driver/Src/stm32f4xx_hal_dma.o
                0x08004282                HAL_DMA_Abort
 .text.HAL_DMA_Abort_IT
                0x08004362       0x44 ./Drivers/STM32F4xx_HAL_Driver/Src/stm32f4xx_hal_dma.o
                0x08004362                HAL_DMA_Abort_IT
 *fill*         0x080043a6        0x2 
 .text.HAL_GPIO_Init
                0x080043a8      0x338 ./Drivers/STM32F4xx_HAL_Driver/Src/stm32f4xx_hal_gpio.o
                0x080043a8                HAL_GPIO_Init
 .text.HAL_GPIO_ReadPin
                0x080046e0       0x30 ./Drivers/STM32F4xx_HAL_Driver/Src/stm32f4xx_hal_gpio.o
                0x080046e0                HAL_GPIO_ReadPin
 .text.HAL_GPIO_WritePin
                0x08004710       0x32 ./Drivers/STM32F4xx_HAL_Driver/Src/stm32f4xx_hal_gpio.o
                0x08004710                HAL_GPIO_WritePin
 .text.HAL_GPIO_TogglePin
                0x08004742       0x34 ./Drivers/STM32F4xx_HAL_Driver/Src/stm32f4xx_hal_gpio.o
                0x08004742                HAL_GPIO_TogglePin
 *fill*         0x08004776        0x2 
 .text.HAL_GPIO_EXTI_IRQHandler
                0x08004778       0x30 ./Drivers/STM32F4xx_HAL_Driver/Src/stm32f4xx_hal_gpio.o
                0x08004778                HAL_GPIO_EXTI_IRQHandler
 .text.HAL_RCC_OscConfig
                0x080047a8      0x4f0 ./Drivers/STM32F4xx_HAL_Driver/Src/stm32f4xx_hal_rcc.o
                0x080047a8                HAL_RCC_OscConfig
 .text.HAL_RCC_ClockConfig
                0x08004c98      0x1cc ./Drivers/STM32F4xx_HAL_Driver/Src/stm32f4xx_hal_rcc.o
                0x08004c98                HAL_RCC_ClockConfig
 .text.HAL_RCC_GetSysClockFreq
                0x08004e64      0x20c ./Drivers/STM32F4xx_HAL_Driver/Src/stm32f4xx_hal_rcc.o
                0x08004e64                HAL_RCC_GetSysClockFreq
 .text.HAL_RCC_GetHCLKFreq
                0x08005070       0x18 ./Drivers/STM32F4xx_HAL_Driver/Src/stm32f4xx_hal_rcc.o
                0x08005070                HAL_RCC_GetHCLKFreq
 .text.HAL_RCC_GetPCLK1Freq
                0x08005088       0x28 ./Drivers/STM32F4xx_HAL_Driver/Src/stm32f4xx_hal_rcc.o
                0x08005088                HAL_RCC_GetPCLK1Freq
 .text.HAL_RCC_GetPCLK2Freq
                0x080050b0       0x28 ./Drivers/STM32F4xx_HAL_Driver/Src/stm32f4xx_hal_rcc.o
                0x080050b0                HAL_RCC_GetPCLK2Freq
 .text.HAL_TIM_Base_Init
                0x080050d8       0x9e ./Drivers/STM32F4xx_HAL_Driver/Src/stm32f4xx_hal_tim.o
                0x080050d8                HAL_TIM_Base_Init
 *fill*         0x08005176        0x2 
 .text.HAL_TIM_Base_Start_IT
                0x08005178       0xe0 ./Drivers/STM32F4xx_HAL_Driver/Src/stm32f4xx_hal_tim.o
                0x08005178                HAL_TIM_Base_Start_IT
 .text.HAL_TIM_PWM_Init
                0x08005258       0x9e ./Drivers/STM32F4xx_HAL_Driver/Src/stm32f4xx_hal_tim.o
                0x08005258                HAL_TIM_PWM_Init
 .text.HAL_TIM_PWM_MspInit
                0x080052f6       0x14 ./Drivers/STM32F4xx_HAL_Driver/Src/stm32f4xx_hal_tim.o
                0x080052f6                HAL_TIM_PWM_MspInit
 *fill*         0x0800530a        0x2 
 .text.HAL_TIM_PWM_Start
                0x0800530c      0x190 ./Drivers/STM32F4xx_HAL_Driver/Src/stm32f4xx_hal_tim.o
                0x0800530c                HAL_TIM_PWM_Start
 .text.HAL_TIM_PWM_Stop
                0x0800549c       0xe0 ./Drivers/STM32F4xx_HAL_Driver/Src/stm32f4xx_hal_tim.o
                0x0800549c                HAL_TIM_PWM_Stop
 .text.HAL_TIM_IRQHandler
                0x0800557c      0x1e0 ./Drivers/STM32F4xx_HAL_Driver/Src/stm32f4xx_hal_tim.o
                0x0800557c                HAL_TIM_IRQHandler
 .text.HAL_TIM_PWM_ConfigChannel
                0x0800575c      0x184 ./Drivers/STM32F4xx_HAL_Driver/Src/stm32f4xx_hal_tim.o
                0x0800575c                HAL_TIM_PWM_ConfigChannel
 .text.HAL_TIM_ConfigClockSource
                0x080058e0      0x18e ./Drivers/STM32F4xx_HAL_Driver/Src/stm32f4xx_hal_tim.o
                0x080058e0                HAL_TIM_ConfigClockSource
 .text.HAL_TIM_OC_DelayElapsedCallback
                0x08005a6e       0x14 ./Drivers/STM32F4xx_HAL_Driver/Src/stm32f4xx_hal_tim.o
                0x08005a6e                HAL_TIM_OC_DelayElapsedCallback
 .text.HAL_TIM_IC_CaptureCallback
                0x08005a82       0x14 ./Drivers/STM32F4xx_HAL_Driver/Src/stm32f4xx_hal_tim.o
                0x08005a82                HAL_TIM_IC_CaptureCallback
 .text.HAL_TIM_PWM_PulseFinishedCallback
                0x08005a96       0x14 ./Drivers/STM32F4xx_HAL_Driver/Src/stm32f4xx_hal_tim.o
                0x08005a96                HAL_TIM_PWM_PulseFinishedCallback
 .text.HAL_TIM_TriggerCallback
                0x08005aaa       0x14 ./Drivers/STM32F4xx_HAL_Driver/Src/stm32f4xx_hal_tim.o
                0x08005aaa                HAL_TIM_TriggerCallback
 *fill*         0x08005abe        0x2 
 .text.TIM_Base_SetConfig
                0x08005ac0      0x158 ./Drivers/STM32F4xx_HAL_Driver/Src/stm32f4xx_hal_tim.o
                0x08005ac0                TIM_Base_SetConfig
 .text.TIM_OC1_SetConfig
                0x08005c18       0xe0 ./Drivers/STM32F4xx_HAL_Driver/Src/stm32f4xx_hal_tim.o
 .text.TIM_OC2_SetConfig
                0x08005cf8       0xec ./Drivers/STM32F4xx_HAL_Driver/Src/stm32f4xx_hal_tim.o
                0x08005cf8                TIM_OC2_SetConfig
 .text.TIM_OC3_SetConfig
                0x08005de4       0xe8 ./Drivers/STM32F4xx_HAL_Driver/Src/stm32f4xx_hal_tim.o
 .text.TIM_OC4_SetConfig
                0x08005ecc       0xac ./Drivers/STM32F4xx_HAL_Driver/Src/stm32f4xx_hal_tim.o
 .text.TIM_TI1_ConfigInputStage
                0x08005f78       0x5e ./Drivers/STM32F4xx_HAL_Driver/Src/stm32f4xx_hal_tim.o
 .text.TIM_TI2_ConfigInputStage
                0x08005fd6       0x60 ./Drivers/STM32F4xx_HAL_Driver/Src/stm32f4xx_hal_tim.o
 .text.TIM_ITRx_SetConfig
                0x08006036       0x36 ./Drivers/STM32F4xx_HAL_Driver/Src/stm32f4xx_hal_tim.o
 .text.TIM_ETR_SetConfig
                0x0800606c       0x40 ./Drivers/STM32F4xx_HAL_Driver/Src/stm32f4xx_hal_tim.o
                0x0800606c                TIM_ETR_SetConfig
 .text.TIM_CCxChannelCmd
                0x080060ac       0x4a ./Drivers/STM32F4xx_HAL_Driver/Src/stm32f4xx_hal_tim.o
                0x080060ac                TIM_CCxChannelCmd
 *fill*         0x080060f6        0x2 
 .text.HAL_TIMEx_MasterConfigSynchronization
                0x080060f8       0xf8 ./Drivers/STM32F4xx_HAL_Driver/Src/stm32f4xx_hal_tim_ex.o
                0x080060f8                HAL_TIMEx_MasterConfigSynchronization
 .text.HAL_TIMEx_CommutCallback
                0x080061f0       0x14 ./Drivers/STM32F4xx_HAL_Driver/Src/stm32f4xx_hal_tim_ex.o
                0x080061f0                HAL_TIMEx_CommutCallback
 .text.HAL_TIMEx_BreakCallback
                0x08006204       0x14 ./Drivers/STM32F4xx_HAL_Driver/Src/stm32f4xx_hal_tim_ex.o
                0x08006204                HAL_TIMEx_BreakCallback
 .text.HAL_UART_Init
                0x08006218       0xa0 ./Drivers/STM32F4xx_HAL_Driver/Src/stm32f4xx_hal_uart.o
                0x08006218                HAL_UART_Init
 .text.HAL_UART_IRQHandler
                0x080062b8      0x524 ./Drivers/STM32F4xx_HAL_Driver/Src/stm32f4xx_hal_uart.o
                0x080062b8                HAL_UART_IRQHandler
 .text.HAL_UART_TxCpltCallback
                0x080067dc       0x14 ./Drivers/STM32F4xx_HAL_Driver/Src/stm32f4xx_hal_uart.o
                0x080067dc                HAL_UART_TxCpltCallback
 .text.HAL_UART_RxCpltCallback
                0x080067f0       0x14 ./Drivers/STM32F4xx_HAL_Driver/Src/stm32f4xx_hal_uart.o
                0x080067f0                HAL_UART_RxCpltCallback
 .text.HAL_UART_ErrorCallback
                0x08006804       0x14 ./Drivers/STM32F4xx_HAL_Driver/Src/stm32f4xx_hal_uart.o
                0x08006804                HAL_UART_ErrorCallback
 .text.HAL_UARTEx_RxEventCallback
                0x08006818       0x18 ./Drivers/STM32F4xx_HAL_Driver/Src/stm32f4xx_hal_uart.o
                0x08006818                HAL_UARTEx_RxEventCallback
 .text.UART_EndRxTransfer
                0x08006830       0xc6 ./Drivers/STM32F4xx_HAL_Driver/Src/stm32f4xx_hal_uart.o
 .text.UART_DMAAbortOnError
                0x080068f6       0x28 ./Drivers/STM32F4xx_HAL_Driver/Src/stm32f4xx_hal_uart.o
 .text.UART_Transmit_IT
                0x0800691e       0xa0 ./Drivers/STM32F4xx_HAL_Driver/Src/stm32f4xx_hal_uart.o
 .text.UART_EndTransmit_IT
                0x080069be       0x30 ./Drivers/STM32F4xx_HAL_Driver/Src/stm32f4xx_hal_uart.o
 .text.UART_Receive_IT
                0x080069ee      0x17c ./Drivers/STM32F4xx_HAL_Driver/Src/stm32f4xx_hal_uart.o
 *fill*         0x08006b6a        0x2 
 .text.UART_SetConfig
                0x08006b6c      0x4e8 ./Drivers/STM32F4xx_HAL_Driver/Src/stm32f4xx_hal_uart.o
 .text.sprintf  0x08007054       0x40 C:/ST/STM32CubeIDE_1.16.0/STM32CubeIDE/plugins/com.st.stm32cube.ide.mcu.externaltools.gnu-tools-for-stm32.12.3.rel1.win32_1.0.200.202406191623/tools/bin/../lib/gcc/arm-none-eabi/12.3.1/../../../../arm-none-eabi/lib/thumb/v7e-m+fp/hard\libc_nano.a(libc_a-sprintf.o)
                0x08007054                siprintf
                0x08007054                sprintf
 .text.memset   0x08007094       0x10 C:/ST/STM32CubeIDE_1.16.0/STM32CubeIDE/plugins/com.st.stm32cube.ide.mcu.externaltools.gnu-tools-for-stm32.12.3.rel1.win32_1.0.200.202406191623/tools/bin/../lib/gcc/arm-none-eabi/12.3.1/../../../../arm-none-eabi/lib/thumb/v7e-m+fp/hard\libc_nano.a(libc_a-memset.o)
                0x08007094                memset
 .text.__errno  0x080070a4        0xc C:/ST/STM32CubeIDE_1.16.0/STM32CubeIDE/plugins/com.st.stm32cube.ide.mcu.externaltools.gnu-tools-for-stm32.12.3.rel1.win32_1.0.200.202406191623/tools/bin/../lib/gcc/arm-none-eabi/12.3.1/../../../../arm-none-eabi/lib/thumb/v7e-m+fp/hard\libc_nano.a(libc_a-errno.o)
                0x080070a4                __errno
 .text.__libc_init_array
                0x080070b0       0x48 C:/ST/STM32CubeIDE_1.16.0/STM32CubeIDE/plugins/com.st.stm32cube.ide.mcu.externaltools.gnu-tools-for-stm32.12.3.rel1.win32_1.0.200.202406191623/tools/bin/../lib/gcc/arm-none-eabi/12.3.1/../../../../arm-none-eabi/lib/thumb/v7e-m+fp/hard\libc_nano.a(libc_a-init.o)
                0x080070b0                __libc_init_array
 .text.__retarget_lock_acquire_recursive
                0x080070f8        0x2 C:/ST/STM32CubeIDE_1.16.0/STM32CubeIDE/plugins/com.st.stm32cube.ide.mcu.externaltools.gnu-tools-for-stm32.12.3.rel1.win32_1.0.200.202406191623/tools/bin/../lib/gcc/arm-none-eabi/12.3.1/../../../../arm-none-eabi/lib/thumb/v7e-m+fp/hard\libc_nano.a(libc_a-lock.o)
                0x080070f8                __retarget_lock_acquire_recursive
 .text.__retarget_lock_release_recursive
                0x080070fa        0x2 C:/ST/STM32CubeIDE_1.16.0/STM32CubeIDE/plugins/com.st.stm32cube.ide.mcu.externaltools.gnu-tools-for-stm32.12.3.rel1.win32_1.0.200.202406191623/tools/bin/../lib/gcc/arm-none-eabi/12.3.1/../../../../arm-none-eabi/lib/thumb/v7e-m+fp/hard\libc_nano.a(libc_a-lock.o)
                0x080070fa                __retarget_lock_release_recursive
 .text._free_r  0x080070fc       0x94 C:/ST/STM32CubeIDE_1.16.0/STM32CubeIDE/plugins/com.st.stm32cube.ide.mcu.externaltools.gnu-tools-for-stm32.12.3.rel1.win32_1.0.200.202406191623/tools/bin/../lib/gcc/arm-none-eabi/12.3.1/../../../../arm-none-eabi/lib/thumb/v7e-m+fp/hard\libc_nano.a(libc_a-freer.o)
                0x080070fc                _free_r
 .text.sbrk_aligned
                0x08007190       0x44 C:/ST/STM32CubeIDE_1.16.0/STM32CubeIDE/plugins/com.st.stm32cube.ide.mcu.externaltools.gnu-tools-for-stm32.12.3.rel1.win32_1.0.200.202406191623/tools/bin/../lib/gcc/arm-none-eabi/12.3.1/../../../../arm-none-eabi/lib/thumb/v7e-m+fp/hard\libc_nano.a(libc_a-mallocr.o)
 .text._malloc_r
                0x080071d4      0x100 C:/ST/STM32CubeIDE_1.16.0/STM32CubeIDE/plugins/com.st.stm32cube.ide.mcu.externaltools.gnu-tools-for-stm32.12.3.rel1.win32_1.0.200.202406191623/tools/bin/../lib/gcc/arm-none-eabi/12.3.1/../../../../arm-none-eabi/lib/thumb/v7e-m+fp/hard\libc_nano.a(libc_a-mallocr.o)
                0x080071d4                _malloc_r
 .text.__malloc_lock
                0x080072d4        0xc C:/ST/STM32CubeIDE_1.16.0/STM32CubeIDE/plugins/com.st.stm32cube.ide.mcu.externaltools.gnu-tools-for-stm32.12.3.rel1.win32_1.0.200.202406191623/tools/bin/../lib/gcc/arm-none-eabi/12.3.1/../../../../arm-none-eabi/lib/thumb/v7e-m+fp/hard\libc_nano.a(libc_a-mlock.o)
                0x080072d4                __malloc_lock
 .text.__malloc_unlock
                0x080072e0        0xc C:/ST/STM32CubeIDE_1.16.0/STM32CubeIDE/plugins/com.st.stm32cube.ide.mcu.externaltools.gnu-tools-for-stm32.12.3.rel1.win32_1.0.200.202406191623/tools/bin/../lib/gcc/arm-none-eabi/12.3.1/../../../../arm-none-eabi/lib/thumb/v7e-m+fp/hard\libc_nano.a(libc_a-mlock.o)
                0x080072e0                __malloc_unlock
 .text.__ssputs_r
                0x080072ec       0xb6 C:/ST/STM32CubeIDE_1.16.0/STM32CubeIDE/plugins/com.st.stm32cube.ide.mcu.externaltools.gnu-tools-for-stm32.12.3.rel1.win32_1.0.200.202406191623/tools/bin/../lib/gcc/arm-none-eabi/12.3.1/../../../../arm-none-eabi/lib/thumb/v7e-m+fp/hard\libc_nano.a(libc_a-nano-svfprintf.o)
                0x080072ec                __ssputs_r
 *fill*         0x080073a2        0x2 
 .text._svfprintf_r
                0x080073a4      0x1f8 C:/ST/STM32CubeIDE_1.16.0/STM32CubeIDE/plugins/com.st.stm32cube.ide.mcu.externaltools.gnu-tools-for-stm32.12.3.rel1.win32_1.0.200.202406191623/tools/bin/../lib/gcc/arm-none-eabi/12.3.1/../../../../arm-none-eabi/lib/thumb/v7e-m+fp/hard\libc_nano.a(libc_a-nano-svfprintf.o)
                0x080073a4                _svfiprintf_r
                0x080073a4                _svfprintf_r
 .text._printf_common
                0x0800759c       0xda C:/ST/STM32CubeIDE_1.16.0/STM32CubeIDE/plugins/com.st.stm32cube.ide.mcu.externaltools.gnu-tools-for-stm32.12.3.rel1.win32_1.0.200.202406191623/tools/bin/../lib/gcc/arm-none-eabi/12.3.1/../../../../arm-none-eabi/lib/thumb/v7e-m+fp/hard\libc_nano.a(libc_a-nano-vfprintf_i.o)
                0x0800759c                _printf_common
 *fill*         0x08007676        0x2 
 .text._printf_i
                0x08007678      0x240 C:/ST/STM32CubeIDE_1.16.0/STM32CubeIDE/plugins/com.st.stm32cube.ide.mcu.externaltools.gnu-tools-for-stm32.12.3.rel1.win32_1.0.200.202406191623/tools/bin/../lib/gcc/arm-none-eabi/12.3.1/../../../../arm-none-eabi/lib/thumb/v7e-m+fp/hard\libc_nano.a(libc_a-nano-vfprintf_i.o)
                0x08007678                _printf_i
 .text.memmove  0x080078b8       0x34 C:/ST/STM32CubeIDE_1.16.0/STM32CubeIDE/plugins/com.st.stm32cube.ide.mcu.externaltools.gnu-tools-for-stm32.12.3.rel1.win32_1.0.200.202406191623/tools/bin/../lib/gcc/arm-none-eabi/12.3.1/../../../../arm-none-eabi/lib/thumb/v7e-m+fp/hard\libc_nano.a(libc_a-memmove.o)
                0x080078b8                memmove
 .text._sbrk_r  0x080078ec       0x20 C:/ST/STM32CubeIDE_1.16.0/STM32CubeIDE/plugins/com.st.stm32cube.ide.mcu.externaltools.gnu-tools-for-stm32.12.3.rel1.win32_1.0.200.202406191623/tools/bin/../lib/gcc/arm-none-eabi/12.3.1/../../../../arm-none-eabi/lib/thumb/v7e-m+fp/hard\libc_nano.a(libc_a-sbrkr.o)
                0x080078ec                _sbrk_r
 .text.memcpy   0x0800790c       0x1c C:/ST/STM32CubeIDE_1.16.0/STM32CubeIDE/plugins/com.st.stm32cube.ide.mcu.externaltools.gnu-tools-for-stm32.12.3.rel1.win32_1.0.200.202406191623/tools/bin/../lib/gcc/arm-none-eabi/12.3.1/../../../../arm-none-eabi/lib/thumb/v7e-m+fp/hard\libc_nano.a(libc_a-memcpy-stub.o)
                0x0800790c                memcpy
 .text._realloc_r
                0x08007928       0x5c C:/ST/STM32CubeIDE_1.16.0/STM32CubeIDE/plugins/com.st.stm32cube.ide.mcu.externaltools.gnu-tools-for-stm32.12.3.rel1.win32_1.0.200.202406191623/tools/bin/../lib/gcc/arm-none-eabi/12.3.1/../../../../arm-none-eabi/lib/thumb/v7e-m+fp/hard\libc_nano.a(libc_a-reallocr.o)
                0x08007928                _realloc_r
 .text._malloc_usable_size_r
                0x08007984       0x10 C:/ST/STM32CubeIDE_1.16.0/STM32CubeIDE/plugins/com.st.stm32cube.ide.mcu.externaltools.gnu-tools-for-stm32.12.3.rel1.win32_1.0.200.202406191623/tools/bin/../lib/gcc/arm-none-eabi/12.3.1/../../../../arm-none-eabi/lib/thumb/v7e-m+fp/hard\libc_nano.a(libc_a-msizer.o)
                0x08007984                _malloc_usable_size_r
 *(.glue_7)
 .glue_7        0x08007994        0x0 linker stubs
 *(.glue_7t)
 .glue_7t       0x08007994        0x0 linker stubs
 *(.eh_frame)
 .eh_frame      0x08007994        0x0 C:/ST/STM32CubeIDE_1.16.0/STM32CubeIDE/plugins/com.st.stm32cube.ide.mcu.externaltools.gnu-tools-for-stm32.12.3.rel1.win32_1.0.200.202406191623/tools/bin/../lib/gcc/arm-none-eabi/12.3.1/thumb/v7e-m+fp/hard/crtbegin.o
 *(.init)
 .init          0x08007994        0x4 C:/ST/STM32CubeIDE_1.16.0/STM32CubeIDE/plugins/com.st.stm32cube.ide.mcu.externaltools.gnu-tools-for-stm32.12.3.rel1.win32_1.0.200.202406191623/tools/bin/../lib/gcc/arm-none-eabi/12.3.1/thumb/v7e-m+fp/hard/crti.o
                0x08007994                _init
 .init          0x08007998        0x8 C:/ST/STM32CubeIDE_1.16.0/STM32CubeIDE/plugins/com.st.stm32cube.ide.mcu.externaltools.gnu-tools-for-stm32.12.3.rel1.win32_1.0.200.202406191623/tools/bin/../lib/gcc/arm-none-eabi/12.3.1/thumb/v7e-m+fp/hard/crtn.o
 *(.fini)
 .fini          0x080079a0        0x4 C:/ST/STM32CubeIDE_1.16.0/STM32CubeIDE/plugins/com.st.stm32cube.ide.mcu.externaltools.gnu-tools-for-stm32.12.3.rel1.win32_1.0.200.202406191623/tools/bin/../lib/gcc/arm-none-eabi/12.3.1/thumb/v7e-m+fp/hard/crti.o
                0x080079a0                _fini
 .fini          0x080079a4        0x8 C:/ST/STM32CubeIDE_1.16.0/STM32CubeIDE/plugins/com.st.stm32cube.ide.mcu.externaltools.gnu-tools-for-stm32.12.3.rel1.win32_1.0.200.202406191623/tools/bin/../lib/gcc/arm-none-eabi/12.3.1/thumb/v7e-m+fp/hard/crtn.o
                0x080079ac                        . = ALIGN (0x4)
                0x080079ac                        _etext = .

.vfp11_veneer   0x080079ac        0x0
 .vfp11_veneer  0x080079ac        0x0 linker stubs

.v4_bx          0x080079ac        0x0
 .v4_bx         0x080079ac        0x0 linker stubs

.iplt           0x080079ac        0x0
 .iplt          0x080079ac        0x0 C:/ST/STM32CubeIDE_1.16.0/STM32CubeIDE/plugins/com.st.stm32cube.ide.mcu.externaltools.gnu-tools-for-stm32.12.3.rel1.win32_1.0.200.202406191623/tools/bin/../lib/gcc/arm-none-eabi/12.3.1/thumb/v7e-m+fp/hard/crtbegin.o

.rodata         0x080079ac      0x22c
                0x080079ac                        . = ALIGN (0x4)
 *(.rodata)
 .rodata        0x080079ac       0x6d ./Core/Src/alarm.o
 *fill*         0x08007a19        0x3 
 .rodata        0x08007a1c       0x71 ./Core/Src/lap.o
 *fill*         0x08007a8d        0x3 
 .rodata        0x08007a90       0x15 ./Core/Src/mode.o
 *fill*         0x08007aa5        0x3 
 .rodata        0x08007aa8       0x18 ./Core/Src/stopwatch.o
 .rodata        0x08007ac0       0xc9 ./Core/Src/watch.o
 *(.rodata*)
 *fill*         0x08007b89        0x3 
 .rodata.AHBPrescTable
                0x08007b8c       0x10 ./Core/Src/system_stm32f4xx.o
                0x08007b8c                AHBPrescTable
 .rodata.APBPrescTable
                0x08007b9c        0x8 ./Core/Src/system_stm32f4xx.o
                0x08007b9c                APBPrescTable
 .rodata._svfprintf_r.str1.1
                0x08007ba4       0x11 C:/ST/STM32CubeIDE_1.16.0/STM32CubeIDE/plugins/com.st.stm32cube.ide.mcu.externaltools.gnu-tools-for-stm32.12.3.rel1.win32_1.0.200.202406191623/tools/bin/../lib/gcc/arm-none-eabi/12.3.1/../../../../arm-none-eabi/lib/thumb/v7e-m+fp/hard\libc_nano.a(libc_a-nano-svfprintf.o)
 .rodata._printf_i.str1.1
                0x08007bb5       0x22 C:/ST/STM32CubeIDE_1.16.0/STM32CubeIDE/plugins/com.st.stm32cube.ide.mcu.externaltools.gnu-tools-for-stm32.12.3.rel1.win32_1.0.200.202406191623/tools/bin/../lib/gcc/arm-none-eabi/12.3.1/../../../../arm-none-eabi/lib/thumb/v7e-m+fp/hard\libc_nano.a(libc_a-nano-vfprintf_i.o)
                0x08007bd8                        . = ALIGN (0x4)
 *fill*         0x08007bd7        0x1 

.ARM.extab      0x08007bd8        0x0
                0x08007bd8                        . = ALIGN (0x4)
 *(.ARM.extab* .gnu.linkonce.armextab.*)
                0x08007bd8                        . = ALIGN (0x4)

.ARM            0x08007bd8        0x8
                0x08007bd8                        . = ALIGN (0x4)
                0x08007bd8                        __exidx_start = .
 *(.ARM.exidx*)
 .ARM.exidx     0x08007bd8        0x8 C:/ST/STM32CubeIDE_1.16.0/STM32CubeIDE/plugins/com.st.stm32cube.ide.mcu.externaltools.gnu-tools-for-stm32.12.3.rel1.win32_1.0.200.202406191623/tools/bin/../lib/gcc/arm-none-eabi/12.3.1/../../../../arm-none-eabi/lib/thumb/v7e-m+fp/hard\libc_nano.a(libc_a-memchr.o)
 .ARM.exidx     0x08007be0        0x0 C:/ST/STM32CubeIDE_1.16.0/STM32CubeIDE/plugins/com.st.stm32cube.ide.mcu.externaltools.gnu-tools-for-stm32.12.3.rel1.win32_1.0.200.202406191623/tools/bin/../lib/gcc/arm-none-eabi/12.3.1/thumb/v7e-m+fp/hard\libgcc.a(_udivmoddi4.o)
                                  0x8 (size before relaxing)
                0x08007be0                        __exidx_end = .
                0x08007be0                        . = ALIGN (0x4)

.preinit_array  0x08007be0        0x0
                0x08007be0                        . = ALIGN (0x4)
                0x08007be0                        PROVIDE (__preinit_array_start = .)
 *(.preinit_array*)
                0x08007be0                        PROVIDE (__preinit_array_end = .)
                0x08007be0                        . = ALIGN (0x4)

.init_array     0x08007be0        0x4
                0x08007be0                        . = ALIGN (0x4)
                0x08007be0                        PROVIDE (__init_array_start = .)
 *(SORT_BY_NAME(.init_array.*))
 *(.init_array*)
 .init_array    0x08007be0        0x4 C:/ST/STM32CubeIDE_1.16.0/STM32CubeIDE/plugins/com.st.stm32cube.ide.mcu.externaltools.gnu-tools-for-stm32.12.3.rel1.win32_1.0.200.202406191623/tools/bin/../lib/gcc/arm-none-eabi/12.3.1/thumb/v7e-m+fp/hard/crtbegin.o
                0x08007be4                        PROVIDE (__init_array_end = .)
                0x08007be4                        . = ALIGN (0x4)

.fini_array     0x08007be4        0x4
                0x08007be4                        . = ALIGN (0x4)
                [!provide]                        PROVIDE (__fini_array_start = .)
 *(SORT_BY_NAME(.fini_array.*))
 *(.fini_array*)
 .fini_array    0x08007be4        0x4 C:/ST/STM32CubeIDE_1.16.0/STM32CubeIDE/plugins/com.st.stm32cube.ide.mcu.externaltools.gnu-tools-for-stm32.12.3.rel1.win32_1.0.200.202406191623/tools/bin/../lib/gcc/arm-none-eabi/12.3.1/thumb/v7e-m+fp/hard/crtbegin.o
                [!provide]                        PROVIDE (__fini_array_end = .)
                0x08007be8                        . = ALIGN (0x4)
                0x08007be8                        _sidata = LOADADDR (.data)

.rel.dyn        0x08007be8        0x0
 .rel.iplt      0x08007be8        0x0 C:/ST/STM32CubeIDE_1.16.0/STM32CubeIDE/plugins/com.st.stm32cube.ide.mcu.externaltools.gnu-tools-for-stm32.12.3.rel1.win32_1.0.200.202406191623/tools/bin/../lib/gcc/arm-none-eabi/12.3.1/thumb/v7e-m+fp/hard/crtbegin.o

.data           0x20000000       0x7c load address 0x08007be8
                0x20000000                        . = ALIGN (0x4)
                0x20000000                        _sdata = .
 *(.data)
 *(.data*)
 .data.clcd     0x20000000       0x20 ./Core/Src/CLCD.o
                0x20000000                clcd
 .data.SystemCoreClock
                0x20000020        0x4 ./Core/Src/system_stm32f4xx.o
                0x20000020                SystemCoreClock
 .data.uwTickPrio
                0x20000024        0x4 ./Drivers/STM32F4xx_HAL_Driver/Src/stm32f4xx_hal.o
                0x20000024                uwTickPrio
 .data.uwTickFreq
                0x20000028        0x1 ./Drivers/STM32F4xx_HAL_Driver/Src/stm32f4xx_hal.o
                0x20000028                uwTickFreq
 *fill*         0x20000029        0x3 
 .data._impure_ptr
                0x2000002c        0x4 C:/ST/STM32CubeIDE_1.16.0/STM32CubeIDE/plugins/com.st.stm32cube.ide.mcu.externaltools.gnu-tools-for-stm32.12.3.rel1.win32_1.0.200.202406191623/tools/bin/../lib/gcc/arm-none-eabi/12.3.1/../../../../arm-none-eabi/lib/thumb/v7e-m+fp/hard\libc_nano.a(libc_a-impure.o)
                0x2000002c                _impure_ptr
 .data._impure_data
                0x20000030       0x4c C:/ST/STM32CubeIDE_1.16.0/STM32CubeIDE/plugins/com.st.stm32cube.ide.mcu.externaltools.gnu-tools-for-stm32.12.3.rel1.win32_1.0.200.202406191623/tools/bin/../lib/gcc/arm-none-eabi/12.3.1/../../../../arm-none-eabi/lib/thumb/v7e-m+fp/hard\libc_nano.a(libc_a-impure.o)
                0x20000030                _impure_data
 *(.RamFunc)
 *(.RamFunc*)
                0x2000007c                        . = ALIGN (0x4)
                0x2000007c                        _edata = .
                0x08007c64                        _siccmram = LOADADDR (.ccmram)

.igot.plt       0x2000007c        0x0 load address 0x08007c64
 .igot.plt      0x2000007c        0x0 C:/ST/STM32CubeIDE_1.16.0/STM32CubeIDE/plugins/com.st.stm32cube.ide.mcu.externaltools.gnu-tools-for-stm32.12.3.rel1.win32_1.0.200.202406191623/tools/bin/../lib/gcc/arm-none-eabi/12.3.1/thumb/v7e-m+fp/hard/crtbegin.o

.ccmram         0x10000000        0x0 load address 0x08007c64
                0x10000000                        . = ALIGN (0x4)
                0x10000000                        _sccmram = .
 *(.ccmram)
 *(.ccmram*)
                0x10000000                        . = ALIGN (0x4)
                0x10000000                        _eccmram = .
                0x10000000                        . = ALIGN (0x4)

.bss            0x2000007c      0x358
                0x2000007c                        _sbss = .
                0x2000007c                        __bss_start__ = _sbss
 *(.bss)
 .bss           0x2000007c       0x1c C:/ST/STM32CubeIDE_1.16.0/STM32CubeIDE/plugins/com.st.stm32cube.ide.mcu.externaltools.gnu-tools-for-stm32.12.3.rel1.win32_1.0.200.202406191623/tools/bin/../lib/gcc/arm-none-eabi/12.3.1/thumb/v7e-m+fp/hard/crtbegin.o
 *(.bss*)
 .bss.alarm     0x20000098       0x40 ./Core/Src/alarm.o
                0x20000098                alarm
 .bss.alarmSetting
                0x200000d8        0xa ./Core/Src/alarm.o
                0x200000d8                alarmSetting
 *fill*         0x200000e2        0x2 
 .bss.Btn1      0x200000e4        0xc ./Core/Src/btn.o
                0x200000e4                Btn1
 .bss.Btn2      0x200000f0        0xc ./Core/Src/btn.o
                0x200000f0                Btn2
 .bss.Btn3      0x200000fc        0xc ./Core/Src/btn.o
                0x200000fc                Btn3
 .bss.Btn4      0x20000108        0xc ./Core/Src/btn.o
                0x20000108                Btn4
 .bss.TimeFlag  0x20000114        0x6 ./Core/Src/btn.o
                0x20000114                TimeFlag
 *fill*         0x2000011a        0x2 
 .bss.Buz1      0x2000011c        0x8 ./Core/Src/buzzer.o
                0x2000011c                Buz1
 .bss.lap       0x20000124       0x40 ./Core/Src/lap.o
                0x20000124                lap
 .bss.BuzLock   0x20000164        0x1 ./Core/Src/main.o
                0x20000164                BuzLock
 .bss.NextItem  0x20000165        0x1 ./Core/Src/main.o
                0x20000165                NextItem
 .bss.mode      0x20000166        0x1 ./Core/Src/mode.o
                0x20000166                mode
 .bss.previousMode
                0x20000167        0x1 ./Core/Src/mode.o
                0x20000167                previousMode
 .bss.stopwatch
                0x20000168        0xa ./Core/Src/stopwatch.o
                0x20000168                stopwatch
 *fill*         0x20000172        0x2 
 .bss.__sbrk_heap_end
                0x20000174        0x4 ./Core/Src/sysmem.o
 .bss.htim2     0x20000178       0x48 ./Core/Src/tim.o
                0x20000178                htim2
 .bss.htim6     0x200001c0       0x48 ./Core/Src/tim.o
                0x200001c0                htim6
 .bss.huart3    0x20000208       0x48 ./Core/Src/usart.o
                0x20000208                huart3
 .bss.watch     0x20000250       0x20 ./Core/Src/watch.o
                0x20000250                watch
 .bss.watchConfig
                0x20000270       0x16 ./Core/Src/watch.o
                0x20000270                watchConfig
 *fill*         0x20000286        0x2 
 .bss.uwTick    0x20000288        0x4 ./Drivers/STM32F4xx_HAL_Driver/Src/stm32f4xx_hal.o
                0x20000288                uwTick
 .bss.__sf      0x2000028c      0x138 C:/ST/STM32CubeIDE_1.16.0/STM32CubeIDE/plugins/com.st.stm32cube.ide.mcu.externaltools.gnu-tools-for-stm32.12.3.rel1.win32_1.0.200.202406191623/tools/bin/../lib/gcc/arm-none-eabi/12.3.1/../../../../arm-none-eabi/lib/thumb/v7e-m+fp/hard\libc_nano.a(libc_a-findfp.o)
                0x2000028c                __sf
 .bss.errno     0x200003c4        0x4 C:/ST/STM32CubeIDE_1.16.0/STM32CubeIDE/plugins/com.st.stm32cube.ide.mcu.externaltools.gnu-tools-for-stm32.12.3.rel1.win32_1.0.200.202406191623/tools/bin/../lib/gcc/arm-none-eabi/12.3.1/../../../../arm-none-eabi/lib/thumb/v7e-m+fp/hard\libc_nano.a(libc_a-reent.o)
                0x200003c4                errno
 .bss.__lock___malloc_recursive_mutex
                0x200003c8        0x1 C:/ST/STM32CubeIDE_1.16.0/STM32CubeIDE/plugins/com.st.stm32cube.ide.mcu.externaltools.gnu-tools-for-stm32.12.3.rel1.win32_1.0.200.202406191623/tools/bin/../lib/gcc/arm-none-eabi/12.3.1/../../../../arm-none-eabi/lib/thumb/v7e-m+fp/hard\libc_nano.a(libc_a-lock.o)
                0x200003c8                __lock___malloc_recursive_mutex
 *fill*         0x200003c9        0x3 
 .bss.__malloc_sbrk_start
                0x200003cc        0x4 C:/ST/STM32CubeIDE_1.16.0/STM32CubeIDE/plugins/com.st.stm32cube.ide.mcu.externaltools.gnu-tools-for-stm32.12.3.rel1.win32_1.0.200.202406191623/tools/bin/../lib/gcc/arm-none-eabi/12.3.1/../../../../arm-none-eabi/lib/thumb/v7e-m+fp/hard\libc_nano.a(libc_a-mallocr.o)
                0x200003cc                __malloc_sbrk_start
 .bss.__malloc_free_list
                0x200003d0        0x4 C:/ST/STM32CubeIDE_1.16.0/STM32CubeIDE/plugins/com.st.stm32cube.ide.mcu.externaltools.gnu-tools-for-stm32.12.3.rel1.win32_1.0.200.202406191623/tools/bin/../lib/gcc/arm-none-eabi/12.3.1/../../../../arm-none-eabi/lib/thumb/v7e-m+fp/hard\libc_nano.a(libc_a-mallocr.o)
                0x200003d0                __malloc_free_list
 *(COMMON)
                0x200003d4                        . = ALIGN (0x4)
                0x200003d4                        _ebss = .
                0x200003d4                        __bss_end__ = _ebss

._user_heap_stack
                0x200003d4      0x604
                0x200003d8                        . = ALIGN (0x8)
 *fill*         0x200003d4        0x4 
                [!provide]                        PROVIDE (end = .)
                0x200003d8                        PROVIDE (_end = .)
                0x200005d8                        . = (. + _Min_Heap_Size)
 *fill*         0x200003d8      0x200 
                0x200009d8                        . = (. + _Min_Stack_Size)
 *fill*         0x200005d8      0x400 
                0x200009d8                        . = ALIGN (0x8)

/DISCARD/
 libc.a(*)
 libm.a(*)
 libgcc.a(*)

.ARM.attributes
                0x00000000       0x30
 *(.ARM.attributes)
 .ARM.attributes
                0x00000000       0x22 C:/ST/STM32CubeIDE_1.16.0/STM32CubeIDE/plugins/com.st.stm32cube.ide.mcu.externaltools.gnu-tools-for-stm32.12.3.rel1.win32_1.0.200.202406191623/tools/bin/../lib/gcc/arm-none-eabi/12.3.1/thumb/v7e-m+fp/hard/crti.o
 .ARM.attributes
                0x00000022       0x34 C:/ST/STM32CubeIDE_1.16.0/STM32CubeIDE/plugins/com.st.stm32cube.ide.mcu.externaltools.gnu-tools-for-stm32.12.3.rel1.win32_1.0.200.202406191623/tools/bin/../lib/gcc/arm-none-eabi/12.3.1/thumb/v7e-m+fp/hard/crtbegin.o
 .ARM.attributes
                0x00000056       0x34 ./Core/Src/7SEG.o
 .ARM.attributes
                0x0000008a       0x34 ./Core/Src/CLCD.o
 .ARM.attributes
                0x000000be       0x34 ./Core/Src/alarm.o
 .ARM.attributes
                0x000000f2       0x34 ./Core/Src/btn.o
 .ARM.attributes
                0x00000126       0x34 ./Core/Src/buzzer.o
 .ARM.attributes
                0x0000015a       0x34 ./Core/Src/gpio.o
 .ARM.attributes
                0x0000018e       0x34 ./Core/Src/lap.o
 .ARM.attributes
                0x000001c2       0x34 ./Core/Src/main.o
 .ARM.attributes
                0x000001f6       0x34 ./Core/Src/mode.o
 .ARM.attributes
                0x0000022a       0x34 ./Core/Src/stm32f4xx_hal_msp.o
 .ARM.attributes
                0x0000025e       0x34 ./Core/Src/stm32f4xx_it.o
 .ARM.attributes
                0x00000292       0x34 ./Core/Src/stopwatch.o
 .ARM.attributes
                0x000002c6       0x34 ./Core/Src/sysmem.o
 .ARM.attributes
                0x000002fa       0x34 ./Core/Src/system_stm32f4xx.o
 .ARM.attributes
                0x0000032e       0x34 ./Core/Src/tim.o
 .ARM.attributes
                0x00000362       0x34 ./Core/Src/usart.o
 .ARM.attributes
                0x00000396       0x34 ./Core/Src/watch.o
 .ARM.attributes
                0x000003ca       0x21 ./Core/Startup/startup_stm32f407vetx.o
 .ARM.attributes
                0x000003eb       0x34 ./Drivers/STM32F4xx_HAL_Driver/Src/stm32f4xx_hal.o
 .ARM.attributes
                0x0000041f       0x34 ./Drivers/STM32F4xx_HAL_Driver/Src/stm32f4xx_hal_cortex.o
 .ARM.attributes
                0x00000453       0x34 ./Drivers/STM32F4xx_HAL_Driver/Src/stm32f4xx_hal_dma.o
 .ARM.attributes
                0x00000487       0x34 ./Drivers/STM32F4xx_HAL_Driver/Src/stm32f4xx_hal_gpio.o
 .ARM.attributes
                0x000004bb       0x34 ./Drivers/STM32F4xx_HAL_Driver/Src/stm32f4xx_hal_rcc.o
 .ARM.attributes
                0x000004ef       0x34 ./Drivers/STM32F4xx_HAL_Driver/Src/stm32f4xx_hal_tim.o
 .ARM.attributes
                0x00000523       0x34 ./Drivers/STM32F4xx_HAL_Driver/Src/stm32f4xx_hal_tim_ex.o
 .ARM.attributes
                0x00000557       0x34 ./Drivers/STM32F4xx_HAL_Driver/Src/stm32f4xx_hal_uart.o
 .ARM.attributes
                0x0000058b       0x34 C:/ST/STM32CubeIDE_1.16.0/STM32CubeIDE/plugins/com.st.stm32cube.ide.mcu.externaltools.gnu-tools-for-stm32.12.3.rel1.win32_1.0.200.202406191623/tools/bin/../lib/gcc/arm-none-eabi/12.3.1/../../../../arm-none-eabi/lib/thumb/v7e-m+fp/hard\libc_nano.a(libc_a-findfp.o)
 .ARM.attributes
                0x000005bf       0x34 C:/ST/STM32CubeIDE_1.16.0/STM32CubeIDE/plugins/com.st.stm32cube.ide.mcu.externaltools.gnu-tools-for-stm32.12.3.rel1.win32_1.0.200.202406191623/tools/bin/../lib/gcc/arm-none-eabi/12.3.1/../../../../arm-none-eabi/lib/thumb/v7e-m+fp/hard\libc_nano.a(libc_a-sprintf.o)
 .ARM.attributes
                0x000005f3       0x34 C:/ST/STM32CubeIDE_1.16.0/STM32CubeIDE/plugins/com.st.stm32cube.ide.mcu.externaltools.gnu-tools-for-stm32.12.3.rel1.win32_1.0.200.202406191623/tools/bin/../lib/gcc/arm-none-eabi/12.3.1/../../../../arm-none-eabi/lib/thumb/v7e-m+fp/hard\libc_nano.a(libc_a-memset.o)
 .ARM.attributes
                0x00000627       0x34 C:/ST/STM32CubeIDE_1.16.0/STM32CubeIDE/plugins/com.st.stm32cube.ide.mcu.externaltools.gnu-tools-for-stm32.12.3.rel1.win32_1.0.200.202406191623/tools/bin/../lib/gcc/arm-none-eabi/12.3.1/../../../../arm-none-eabi/lib/thumb/v7e-m+fp/hard\libc_nano.a(libc_a-reent.o)
 .ARM.attributes
                0x0000065b       0x34 C:/ST/STM32CubeIDE_1.16.0/STM32CubeIDE/plugins/com.st.stm32cube.ide.mcu.externaltools.gnu-tools-for-stm32.12.3.rel1.win32_1.0.200.202406191623/tools/bin/../lib/gcc/arm-none-eabi/12.3.1/../../../../arm-none-eabi/lib/thumb/v7e-m+fp/hard\libc_nano.a(libc_a-impure.o)
 .ARM.attributes
                0x0000068f       0x34 C:/ST/STM32CubeIDE_1.16.0/STM32CubeIDE/plugins/com.st.stm32cube.ide.mcu.externaltools.gnu-tools-for-stm32.12.3.rel1.win32_1.0.200.202406191623/tools/bin/../lib/gcc/arm-none-eabi/12.3.1/../../../../arm-none-eabi/lib/thumb/v7e-m+fp/hard\libc_nano.a(libc_a-errno.o)
 .ARM.attributes
                0x000006c3       0x34 C:/ST/STM32CubeIDE_1.16.0/STM32CubeIDE/plugins/com.st.stm32cube.ide.mcu.externaltools.gnu-tools-for-stm32.12.3.rel1.win32_1.0.200.202406191623/tools/bin/../lib/gcc/arm-none-eabi/12.3.1/../../../../arm-none-eabi/lib/thumb/v7e-m+fp/hard\libc_nano.a(libc_a-init.o)
 .ARM.attributes
                0x000006f7       0x34 C:/ST/STM32CubeIDE_1.16.0/STM32CubeIDE/plugins/com.st.stm32cube.ide.mcu.externaltools.gnu-tools-for-stm32.12.3.rel1.win32_1.0.200.202406191623/tools/bin/../lib/gcc/arm-none-eabi/12.3.1/../../../../arm-none-eabi/lib/thumb/v7e-m+fp/hard\libc_nano.a(libc_a-lock.o)
 .ARM.attributes
                0x0000072b       0x34 C:/ST/STM32CubeIDE_1.16.0/STM32CubeIDE/plugins/com.st.stm32cube.ide.mcu.externaltools.gnu-tools-for-stm32.12.3.rel1.win32_1.0.200.202406191623/tools/bin/../lib/gcc/arm-none-eabi/12.3.1/../../../../arm-none-eabi/lib/thumb/v7e-m+fp/hard\libc_nano.a(libc_a-freer.o)
 .ARM.attributes
                0x0000075f       0x34 C:/ST/STM32CubeIDE_1.16.0/STM32CubeIDE/plugins/com.st.stm32cube.ide.mcu.externaltools.gnu-tools-for-stm32.12.3.rel1.win32_1.0.200.202406191623/tools/bin/../lib/gcc/arm-none-eabi/12.3.1/../../../../arm-none-eabi/lib/thumb/v7e-m+fp/hard\libc_nano.a(libc_a-mallocr.o)
 .ARM.attributes
                0x00000793       0x34 C:/ST/STM32CubeIDE_1.16.0/STM32CubeIDE/plugins/com.st.stm32cube.ide.mcu.externaltools.gnu-tools-for-stm32.12.3.rel1.win32_1.0.200.202406191623/tools/bin/../lib/gcc/arm-none-eabi/12.3.1/../../../../arm-none-eabi/lib/thumb/v7e-m+fp/hard\libc_nano.a(libc_a-mlock.o)
 .ARM.attributes
                0x000007c7       0x34 C:/ST/STM32CubeIDE_1.16.0/STM32CubeIDE/plugins/com.st.stm32cube.ide.mcu.externaltools.gnu-tools-for-stm32.12.3.rel1.win32_1.0.200.202406191623/tools/bin/../lib/gcc/arm-none-eabi/12.3.1/../../../../arm-none-eabi/lib/thumb/v7e-m+fp/hard\libc_nano.a(libc_a-nano-svfprintf.o)
 .ARM.attributes
                0x000007fb       0x34 C:/ST/STM32CubeIDE_1.16.0/STM32CubeIDE/plugins/com.st.stm32cube.ide.mcu.externaltools.gnu-tools-for-stm32.12.3.rel1.win32_1.0.200.202406191623/tools/bin/../lib/gcc/arm-none-eabi/12.3.1/../../../../arm-none-eabi/lib/thumb/v7e-m+fp/hard\libc_nano.a(libc_a-nano-vfprintf_i.o)
 .ARM.attributes
                0x0000082f       0x34 C:/ST/STM32CubeIDE_1.16.0/STM32CubeIDE/plugins/com.st.stm32cube.ide.mcu.externaltools.gnu-tools-for-stm32.12.3.rel1.win32_1.0.200.202406191623/tools/bin/../lib/gcc/arm-none-eabi/12.3.1/../../../../arm-none-eabi/lib/thumb/v7e-m+fp/hard\libc_nano.a(libc_a-memmove.o)
 .ARM.attributes
                0x00000863       0x34 C:/ST/STM32CubeIDE_1.16.0/STM32CubeIDE/plugins/com.st.stm32cube.ide.mcu.externaltools.gnu-tools-for-stm32.12.3.rel1.win32_1.0.200.202406191623/tools/bin/../lib/gcc/arm-none-eabi/12.3.1/../../../../arm-none-eabi/lib/thumb/v7e-m+fp/hard\libc_nano.a(libc_a-sbrkr.o)
 .ARM.attributes
                0x00000897       0x1c C:/ST/STM32CubeIDE_1.16.0/STM32CubeIDE/plugins/com.st.stm32cube.ide.mcu.externaltools.gnu-tools-for-stm32.12.3.rel1.win32_1.0.200.202406191623/tools/bin/../lib/gcc/arm-none-eabi/12.3.1/../../../../arm-none-eabi/lib/thumb/v7e-m+fp/hard\libc_nano.a(libc_a-memchr.o)
 .ARM.attributes
                0x000008b3       0x34 C:/ST/STM32CubeIDE_1.16.0/STM32CubeIDE/plugins/com.st.stm32cube.ide.mcu.externaltools.gnu-tools-for-stm32.12.3.rel1.win32_1.0.200.202406191623/tools/bin/../lib/gcc/arm-none-eabi/12.3.1/../../../../arm-none-eabi/lib/thumb/v7e-m+fp/hard\libc_nano.a(libc_a-memcpy-stub.o)
 .ARM.attributes
                0x000008e7       0x34 C:/ST/STM32CubeIDE_1.16.0/STM32CubeIDE/plugins/com.st.stm32cube.ide.mcu.externaltools.gnu-tools-for-stm32.12.3.rel1.win32_1.0.200.202406191623/tools/bin/../lib/gcc/arm-none-eabi/12.3.1/../../../../arm-none-eabi/lib/thumb/v7e-m+fp/hard\libc_nano.a(libc_a-reallocr.o)
 .ARM.attributes
                0x0000091b       0x34 C:/ST/STM32CubeIDE_1.16.0/STM32CubeIDE/plugins/com.st.stm32cube.ide.mcu.externaltools.gnu-tools-for-stm32.12.3.rel1.win32_1.0.200.202406191623/tools/bin/../lib/gcc/arm-none-eabi/12.3.1/../../../../arm-none-eabi/lib/thumb/v7e-m+fp/hard\libc_nano.a(libc_a-msizer.o)
 .ARM.attributes
                0x0000094f       0x22 C:/ST/STM32CubeIDE_1.16.0/STM32CubeIDE/plugins/com.st.stm32cube.ide.mcu.externaltools.gnu-tools-for-stm32.12.3.rel1.win32_1.0.200.202406191623/tools/bin/../lib/gcc/arm-none-eabi/12.3.1/thumb/v7e-m+fp/hard\libgcc.a(_aeabi_uldivmod.o)
 .ARM.attributes
                0x00000971       0x34 C:/ST/STM32CubeIDE_1.16.0/STM32CubeIDE/plugins/com.st.stm32cube.ide.mcu.externaltools.gnu-tools-for-stm32.12.3.rel1.win32_1.0.200.202406191623/tools/bin/../lib/gcc/arm-none-eabi/12.3.1/thumb/v7e-m+fp/hard\libgcc.a(_udivmoddi4.o)
 .ARM.attributes
                0x000009a5       0x22 C:/ST/STM32CubeIDE_1.16.0/STM32CubeIDE/plugins/com.st.stm32cube.ide.mcu.externaltools.gnu-tools-for-stm32.12.3.rel1.win32_1.0.200.202406191623/tools/bin/../lib/gcc/arm-none-eabi/12.3.1/thumb/v7e-m+fp/hard\libgcc.a(_dvmd_tls.o)
 .ARM.attributes
                0x000009c7       0x22 C:/ST/STM32CubeIDE_1.16.0/STM32CubeIDE/plugins/com.st.stm32cube.ide.mcu.externaltools.gnu-tools-for-stm32.12.3.rel1.win32_1.0.200.202406191623/tools/bin/../lib/gcc/arm-none-eabi/12.3.1/thumb/v7e-m+fp/hard/crtn.o
OUTPUT(digital_clock.elf elf32-littlearm)
LOAD linker stubs
LOAD C:/ST/STM32CubeIDE_1.16.0/STM32CubeIDE/plugins/com.st.stm32cube.ide.mcu.externaltools.gnu-tools-for-stm32.12.3.rel1.win32_1.0.200.202406191623/tools/bin/../lib/gcc/arm-none-eabi/12.3.1/../../../../arm-none-eabi/lib/thumb/v7e-m+fp/hard\libc.a
LOAD C:/ST/STM32CubeIDE_1.16.0/STM32CubeIDE/plugins/com.st.stm32cube.ide.mcu.externaltools.gnu-tools-for-stm32.12.3.rel1.win32_1.0.200.202406191623/tools/bin/../lib/gcc/arm-none-eabi/12.3.1/../../../../arm-none-eabi/lib/thumb/v7e-m+fp/hard\libm.a
LOAD C:/ST/STM32CubeIDE_1.16.0/STM32CubeIDE/plugins/com.st.stm32cube.ide.mcu.externaltools.gnu-tools-for-stm32.12.3.rel1.win32_1.0.200.202406191623/tools/bin/../lib/gcc/arm-none-eabi/12.3.1/thumb/v7e-m+fp/hard\libgcc.a

.debug_info     0x00000000    0x11e5c
 .debug_info    0x00000000      0x446 ./Core/Src/7SEG.o
 .debug_info    0x00000446      0x4ec ./Core/Src/CLCD.o
 .debug_info    0x00000932      0x893 ./Core/Src/alarm.o
 .debug_info    0x000011c5      0xb1f ./Core/Src/btn.o
 .debug_info    0x00001ce4      0x917 ./Core/Src/buzzer.o
 .debug_info    0x000025fb      0x44f ./Core/Src/gpio.o
 .debug_info    0x00002a4a      0x2c4 ./Core/Src/lap.o
 .debug_info    0x00002d0e     0x19b8 ./Core/Src/main.o
 .debug_info    0x000046c6      0x5f9 ./Core/Src/mode.o
 .debug_info    0x00004cbf      0x277 ./Core/Src/stm32f4xx_hal_msp.o
 .debug_info    0x00004f36      0x9de ./Core/Src/stm32f4xx_it.o
 .debug_info    0x00005914      0x284 ./Core/Src/stopwatch.o
 .debug_info    0x00005b98      0x168 ./Core/Src/sysmem.o
 .debug_info    0x00005d00      0x512 ./Core/Src/system_stm32f4xx.o
 .debug_info    0x00006212      0xe8b ./Core/Src/tim.o
 .debug_info    0x0000709d      0xb71 ./Core/Src/usart.o
 .debug_info    0x00007c0e      0x52e ./Core/Src/watch.o
 .debug_info    0x0000813c       0x30 ./Core/Startup/startup_stm32f407vetx.o
 .debug_info    0x0000816c      0x944 ./Drivers/STM32F4xx_HAL_Driver/Src/stm32f4xx_hal.o
 .debug_info    0x00008ab0      0xd8c ./Drivers/STM32F4xx_HAL_Driver/Src/stm32f4xx_hal_cortex.o
 .debug_info    0x0000983c      0x8e7 ./Drivers/STM32F4xx_HAL_Driver/Src/stm32f4xx_hal_dma.o
 .debug_info    0x0000a123      0x6c3 ./Drivers/STM32F4xx_HAL_Driver/Src/stm32f4xx_hal_gpio.o
 .debug_info    0x0000a7e6      0x8af ./Drivers/STM32F4xx_HAL_Driver/Src/stm32f4xx_hal_rcc.o
 .debug_info    0x0000b095     0x299d ./Drivers/STM32F4xx_HAL_Driver/Src/stm32f4xx_hal_tim.o
 .debug_info    0x0000da32     0x14db ./Drivers/STM32F4xx_HAL_Driver/Src/stm32f4xx_hal_tim_ex.o
 .debug_info    0x0000ef0d     0x2f4f ./Drivers/STM32F4xx_HAL_Driver/Src/stm32f4xx_hal_uart.o

.debug_abbrev   0x00000000     0x314d
 .debug_abbrev  0x00000000      0x17f ./Core/Src/7SEG.o
 .debug_abbrev  0x0000017f      0x1b5 ./Core/Src/CLCD.o
 .debug_abbrev  0x00000334      0x207 ./Core/Src/alarm.o
 .debug_abbrev  0x0000053b      0x29e ./Core/Src/btn.o
 .debug_abbrev  0x000007d9      0x1ff ./Core/Src/buzzer.o
 .debug_abbrev  0x000009d8      0x152 ./Core/Src/gpio.o
 .debug_abbrev  0x00000b2a      0x13b ./Core/Src/lap.o
 .debug_abbrev  0x00000c65      0x337 ./Core/Src/main.o
 .debug_abbrev  0x00000f9c      0x14c ./Core/Src/mode.o
 .debug_abbrev  0x000010e8       0xd8 ./Core/Src/stm32f4xx_hal_msp.o
 .debug_abbrev  0x000011c0      0x1ca ./Core/Src/stm32f4xx_it.o
 .debug_abbrev  0x0000138a      0x135 ./Core/Src/stopwatch.o
 .debug_abbrev  0x000014bf       0xbc ./Core/Src/sysmem.o
 .debug_abbrev  0x0000157b      0x11a ./Core/Src/system_stm32f4xx.o
 .debug_abbrev  0x00001695      0x245 ./Core/Src/tim.o
 .debug_abbrev  0x000018da      0x216 ./Core/Src/usart.o
 .debug_abbrev  0x00001af0      0x210 ./Core/Src/watch.o
 .debug_abbrev  0x00001d00       0x24 ./Core/Startup/startup_stm32f407vetx.o
 .debug_abbrev  0x00001d24      0x214 ./Drivers/STM32F4xx_HAL_Driver/Src/stm32f4xx_hal.o
 .debug_abbrev  0x00001f38      0x31d ./Drivers/STM32F4xx_HAL_Driver/Src/stm32f4xx_hal_cortex.o
 .debug_abbrev  0x00002255      0x264 ./Drivers/STM32F4xx_HAL_Driver/Src/stm32f4xx_hal_dma.o
 .debug_abbrev  0x000024b9      0x1d4 ./Drivers/STM32F4xx_HAL_Driver/Src/stm32f4xx_hal_gpio.o
 .debug_abbrev  0x0000268d      0x2b7 ./Drivers/STM32F4xx_HAL_Driver/Src/stm32f4xx_hal_rcc.o
 .debug_abbrev  0x00002944      0x278 ./Drivers/STM32F4xx_HAL_Driver/Src/stm32f4xx_hal_tim.o
 .debug_abbrev  0x00002bbc      0x283 ./Drivers/STM32F4xx_HAL_Driver/Src/stm32f4xx_hal_tim_ex.o
 .debug_abbrev  0x00002e3f      0x30e ./Drivers/STM32F4xx_HAL_Driver/Src/stm32f4xx_hal_uart.o

.debug_aranges  0x00000000      0xf48
 .debug_aranges
                0x00000000       0x28 ./Core/Src/7SEG.o
 .debug_aranges
                0x00000028       0x50 ./Core/Src/CLCD.o
 .debug_aranges
                0x00000078       0x48 ./Core/Src/alarm.o
 .debug_aranges
                0x000000c0       0x98 ./Core/Src/btn.o
 .debug_aranges
                0x00000158       0x40 ./Core/Src/buzzer.o
 .debug_aranges
                0x00000198       0x20 ./Core/Src/gpio.o
 .debug_aranges
                0x000001b8       0x30 ./Core/Src/lap.o
 .debug_aranges
                0x000001e8       0x50 ./Core/Src/main.o
 .debug_aranges
                0x00000238       0x30 ./Core/Src/mode.o
 .debug_aranges
                0x00000268       0x20 ./Core/Src/stm32f4xx_hal_msp.o
 .debug_aranges
                0x00000288       0x88 ./Core/Src/stm32f4xx_it.o
 .debug_aranges
                0x00000310       0x30 ./Core/Src/stopwatch.o
 .debug_aranges
                0x00000340       0x20 ./Core/Src/sysmem.o
 .debug_aranges
                0x00000360       0x28 ./Core/Src/system_stm32f4xx.o
 .debug_aranges
                0x00000388       0x40 ./Core/Src/tim.o
 .debug_aranges
                0x000003c8       0x30 ./Core/Src/usart.o
 .debug_aranges
                0x000003f8       0x58 ./Core/Src/watch.o
 .debug_aranges
                0x00000450       0x28 ./Core/Startup/startup_stm32f407vetx.o
 .debug_aranges
                0x00000478       0xf0 ./Drivers/STM32F4xx_HAL_Driver/Src/stm32f4xx_hal.o
 .debug_aranges
                0x00000568      0x130 ./Drivers/STM32F4xx_HAL_Driver/Src/stm32f4xx_hal_cortex.o
 .debug_aranges
                0x00000698       0x90 ./Drivers/STM32F4xx_HAL_Driver/Src/stm32f4xx_hal_dma.o
 .debug_aranges
                0x00000728       0x58 ./Drivers/STM32F4xx_HAL_Driver/Src/stm32f4xx_hal_gpio.o
 .debug_aranges
                0x00000780       0x88 ./Drivers/STM32F4xx_HAL_Driver/Src/stm32f4xx_hal_rcc.o
 .debug_aranges
                0x00000808      0x3d0 ./Drivers/STM32F4xx_HAL_Driver/Src/stm32f4xx_hal_tim.o
 .debug_aranges
                0x00000bd8      0x168 ./Drivers/STM32F4xx_HAL_Driver/Src/stm32f4xx_hal_tim_ex.o
 .debug_aranges
                0x00000d40      0x208 ./Drivers/STM32F4xx_HAL_Driver/Src/stm32f4xx_hal_uart.o

.debug_rnglists
                0x00000000      0xbc9
 .debug_rnglists
                0x00000000       0x1b ./Core/Src/7SEG.o
 .debug_rnglists
                0x0000001b       0x3a ./Core/Src/CLCD.o
 .debug_rnglists
                0x00000055       0x36 ./Core/Src/alarm.o
 .debug_rnglists
                0x0000008b       0x79 ./Core/Src/btn.o
 .debug_rnglists
                0x00000104       0x2c ./Core/Src/buzzer.o
 .debug_rnglists
                0x00000130       0x14 ./Core/Src/gpio.o
 .debug_rnglists
                0x00000144       0x21 ./Core/Src/lap.o
 .debug_rnglists
                0x00000165       0x3b ./Core/Src/main.o
 .debug_rnglists
                0x000001a0       0x20 ./Core/Src/mode.o
 .debug_rnglists
                0x000001c0       0x13 ./Core/Src/stm32f4xx_hal_msp.o
 .debug_rnglists
                0x000001d3       0x61 ./Core/Src/stm32f4xx_it.o
 .debug_rnglists
                0x00000234       0x21 ./Core/Src/stopwatch.o
 .debug_rnglists
                0x00000255       0x13 ./Core/Src/sysmem.o
 .debug_rnglists
                0x00000268       0x1a ./Core/Src/system_stm32f4xx.o
 .debug_rnglists
                0x00000282       0x2c ./Core/Src/tim.o
 .debug_rnglists
                0x000002ae       0x20 ./Core/Src/usart.o
 .debug_rnglists
                0x000002ce       0x43 ./Core/Src/watch.o
 .debug_rnglists
                0x00000311       0x19 ./Core/Startup/startup_stm32f407vetx.o
 .debug_rnglists
                0x0000032a       0xaf ./Drivers/STM32F4xx_HAL_Driver/Src/stm32f4xx_hal.o
 .debug_rnglists
                0x000003d9       0xe0 ./Drivers/STM32F4xx_HAL_Driver/Src/stm32f4xx_hal_cortex.o
 .debug_rnglists
                0x000004b9       0x70 ./Drivers/STM32F4xx_HAL_Driver/Src/stm32f4xx_hal_dma.o
 .debug_rnglists
                0x00000529       0x3f ./Drivers/STM32F4xx_HAL_Driver/Src/stm32f4xx_hal_gpio.o
 .debug_rnglists
                0x00000568       0x66 ./Drivers/STM32F4xx_HAL_Driver/Src/stm32f4xx_hal_rcc.o
 .debug_rnglists
                0x000005ce      0x31a ./Drivers/STM32F4xx_HAL_Driver/Src/stm32f4xx_hal_tim.o
 .debug_rnglists
                0x000008e8      0x125 ./Drivers/STM32F4xx_HAL_Driver/Src/stm32f4xx_hal_tim_ex.o
 .debug_rnglists
                0x00000a0d      0x1bc ./Drivers/STM32F4xx_HAL_Driver/Src/stm32f4xx_hal_uart.o

.debug_macro    0x00000000    0x239f9
 .debug_macro   0x00000000      0x1dd ./Core/Src/7SEG.o
 .debug_macro   0x000001dd      0xab4 ./Core/Src/7SEG.o
 .debug_macro   0x00000c91      0x29b ./Core/Src/7SEG.o
 .debug_macro   0x00000f2c       0x2e ./Core/Src/7SEG.o
 .debug_macro   0x00000f5a       0x2f ./Core/Src/7SEG.o
 .debug_macro   0x00000f89       0x22 ./Core/Src/7SEG.o
 .debug_macro   0x00000fab       0x8e ./Core/Src/7SEG.o
 .debug_macro   0x00001039       0x51 ./Core/Src/7SEG.o
 .debug_macro   0x0000108a      0x103 ./Core/Src/7SEG.o
 .debug_macro   0x0000118d       0x6a ./Core/Src/7SEG.o
 .debug_macro   0x000011f7      0x1df ./Core/Src/7SEG.o
 .debug_macro   0x000013d6       0x1c ./Core/Src/7SEG.o
 .debug_macro   0x000013f2       0x22 ./Core/Src/7SEG.o
 .debug_macro   0x00001414       0xfb ./Core/Src/7SEG.o
 .debug_macro   0x0000150f     0x1011 ./Core/Src/7SEG.o
 .debug_macro   0x00002520      0x11f ./Core/Src/7SEG.o
 .debug_macro   0x0000263f    0x15e97 ./Core/Src/7SEG.o
 .debug_macro   0x000184d6       0x6d ./Core/Src/7SEG.o
 .debug_macro   0x00018543     0x369a ./Core/Src/7SEG.o
 .debug_macro   0x0001bbdd      0x189 ./Core/Src/7SEG.o
 .debug_macro   0x0001bd66       0x5c ./Core/Src/7SEG.o
 .debug_macro   0x0001bdc2      0x980 ./Core/Src/7SEG.o
 .debug_macro   0x0001c742      0x9e9 ./Core/Src/7SEG.o
 .debug_macro   0x0001d12b      0x115 ./Core/Src/7SEG.o
 .debug_macro   0x0001d240      0x13e ./Core/Src/7SEG.o
 .debug_macro   0x0001d37e       0xa5 ./Core/Src/7SEG.o
 .debug_macro   0x0001d423      0x174 ./Core/Src/7SEG.o
 .debug_macro   0x0001d597      0x287 ./Core/Src/7SEG.o
 .debug_macro   0x0001d81e       0x5f ./Core/Src/7SEG.o
 .debug_macro   0x0001d87d      0x236 ./Core/Src/7SEG.o
 .debug_macro   0x0001dab3      0x12c ./Core/Src/7SEG.o
 .debug_macro   0x0001dbdf      0x21e ./Core/Src/7SEG.o
 .debug_macro   0x0001ddfd       0x2e ./Core/Src/7SEG.o
 .debug_macro   0x0001de2b      0x127 ./Core/Src/7SEG.o
 .debug_macro   0x0001df52       0x7e ./Core/Src/7SEG.o
 .debug_macro   0x0001dfd0       0x89 ./Core/Src/7SEG.o
 .debug_macro   0x0001e059      0x8ed ./Core/Src/7SEG.o
 .debug_macro   0x0001e946       0x4d ./Core/Src/7SEG.o
 .debug_macro   0x0001e993      0x2aa ./Core/Src/7SEG.o
 .debug_macro   0x0001ec3d      0x12d ./Core/Src/7SEG.o
 .debug_macro   0x0001ed6a      0x19c ./Core/Src/7SEG.o
 .debug_macro   0x0001ef06      0x1dd ./Core/Src/CLCD.o
 .debug_macro   0x0001f0e3       0x58 ./Core/Src/CLCD.o
 .debug_macro   0x0001f13b      0x349 ./Core/Src/alarm.o
 .debug_macro   0x0001f484       0x22 ./Core/Src/alarm.o
 .debug_macro   0x0001f4a6       0x61 ./Core/Src/alarm.o
 .debug_macro   0x0001f507       0x2a ./Core/Src/alarm.o
 .debug_macro   0x0001f531       0x43 ./Core/Src/alarm.o
 .debug_macro   0x0001f574       0x34 ./Core/Src/alarm.o
 .debug_macro   0x0001f5a8       0x16 ./Core/Src/alarm.o
 .debug_macro   0x0001f5be       0x35 ./Core/Src/alarm.o
 .debug_macro   0x0001f5f3      0x369 ./Core/Src/alarm.o
 .debug_macro   0x0001f95c       0x10 ./Core/Src/alarm.o
 .debug_macro   0x0001f96c       0x16 ./Core/Src/alarm.o
 .debug_macro   0x0001f982       0x43 ./Core/Src/alarm.o
 .debug_macro   0x0001f9c5       0x34 ./Core/Src/alarm.o
 .debug_macro   0x0001f9f9       0x10 ./Core/Src/alarm.o
 .debug_macro   0x0001fa09       0x58 ./Core/Src/alarm.o
 .debug_macro   0x0001fa61       0x8e ./Core/Src/alarm.o
 .debug_macro   0x0001faef       0x1c ./Core/Src/alarm.o
 .debug_macro   0x0001fb0b      0x177 ./Core/Src/alarm.o
 .debug_macro   0x0001fc82       0x16 ./Core/Src/alarm.o
 .debug_macro   0x0001fc98       0x16 ./Core/Src/alarm.o
 .debug_macro   0x0001fcae      0x146 ./Core/Src/alarm.o
 .debug_macro   0x0001fdf4       0x16 ./Core/Src/alarm.o
 .debug_macro   0x0001fe0a       0x20 ./Core/Src/alarm.o
 .debug_macro   0x0001fe2a       0x10 ./Core/Src/alarm.o
 .debug_macro   0x0001fe3a       0x5e ./Core/Src/alarm.o
 .debug_macro   0x0001fe98       0x10 ./Core/Src/alarm.o
 .debug_macro   0x0001fea8      0x1a2 ./Core/Src/alarm.o
 .debug_macro   0x0002004a      0x336 ./Core/Src/btn.o
 .debug_macro   0x00020380       0x10 ./Core/Src/btn.o
 .debug_macro   0x00020390      0x30b ./Core/Src/buzzer.o
 .debug_macro   0x0002069b      0x2f8 ./Core/Src/gpio.o
 .debug_macro   0x00020993      0x317 ./Core/Src/lap.o
 .debug_macro   0x00020caa      0x386 ./Core/Src/main.o
 .debug_macro   0x00021030       0x5e ./Core/Src/main.o
 .debug_macro   0x0002108e      0x324 ./Core/Src/mode.o
 .debug_macro   0x000213b2      0x2ee ./Core/Src/stm32f4xx_hal_msp.o
 .debug_macro   0x000216a0      0x2f8 ./Core/Src/stm32f4xx_it.o
 .debug_macro   0x00021998      0x32c ./Core/Src/stopwatch.o
 .debug_macro   0x00021cc4       0xff ./Core/Src/sysmem.o
 .debug_macro   0x00021dc3      0x23c ./Core/Src/sysmem.o
 .debug_macro   0x00021fff      0x1ce ./Core/Src/system_stm32f4xx.o
 .debug_macro   0x000221cd      0x2f8 ./Core/Src/tim.o
 .debug_macro   0x000224c5      0x2f8 ./Core/Src/usart.o
 .debug_macro   0x000227bd      0x33a ./Core/Src/watch.o
 .debug_macro   0x00022af7      0x22e ./Drivers/STM32F4xx_HAL_Driver/Src/stm32f4xx_hal.o
 .debug_macro   0x00022d25      0x1ce ./Drivers/STM32F4xx_HAL_Driver/Src/stm32f4xx_hal_cortex.o
 .debug_macro   0x00022ef3      0x1d4 ./Drivers/STM32F4xx_HAL_Driver/Src/stm32f4xx_hal_dma.o
 .debug_macro   0x000230c7      0x1d4 ./Drivers/STM32F4xx_HAL_Driver/Src/stm32f4xx_hal_gpio.o
 .debug_macro   0x0002329b      0x1f2 ./Drivers/STM32F4xx_HAL_Driver/Src/stm32f4xx_hal_rcc.o
 .debug_macro   0x0002348d      0x1cf ./Drivers/STM32F4xx_HAL_Driver/Src/stm32f4xx_hal_tim.o
 .debug_macro   0x0002365c      0x1ce ./Drivers/STM32F4xx_HAL_Driver/Src/stm32f4xx_hal_tim_ex.o
 .debug_macro   0x0002382a      0x1cf ./Drivers/STM32F4xx_HAL_Driver/Src/stm32f4xx_hal_uart.o

.debug_line     0x00000000    0x16bf5
 .debug_line    0x00000000      0x9da ./Core/Src/7SEG.o
 .debug_line    0x000009da      0xdef ./Core/Src/CLCD.o
 .debug_line    0x000017c9      0xbc1 ./Core/Src/alarm.o
 .debug_line    0x0000238a      0xeac ./Core/Src/btn.o
 .debug_line    0x00003236      0x9f8 ./Core/Src/buzzer.o
 .debug_line    0x00003c2e      0x92c ./Core/Src/gpio.o
 .debug_line    0x0000455a      0x9d3 ./Core/Src/lap.o
 .debug_line    0x00004f2d      0xc47 ./Core/Src/main.o
 .debug_line    0x00005b74      0x9cc ./Core/Src/mode.o
 .debug_line    0x00006540      0x8e1 ./Core/Src/stm32f4xx_hal_msp.o
 .debug_line    0x00006e21      0xa1c ./Core/Src/stm32f4xx_it.o
 .debug_line    0x0000783d      0x9c8 ./Core/Src/stopwatch.o
 .debug_line    0x00008205      0x583 ./Core/Src/sysmem.o
 .debug_line    0x00008788      0x7d3 ./Core/Src/system_stm32f4xx.o
 .debug_line    0x00008f5b      0x9fc ./Core/Src/tim.o
 .debug_line    0x00009957      0x94b ./Core/Src/usart.o
 .debug_line    0x0000a2a2      0xd14 ./Core/Src/watch.o
 .debug_line    0x0000afb6       0x7a ./Core/Startup/startup_stm32f407vetx.o
 .debug_line    0x0000b030      0xa3c ./Drivers/STM32F4xx_HAL_Driver/Src/stm32f4xx_hal.o
 .debug_line    0x0000ba6c      0xd2e ./Drivers/STM32F4xx_HAL_Driver/Src/stm32f4xx_hal_cortex.o
 .debug_line    0x0000c79a      0xfac ./Drivers/STM32F4xx_HAL_Driver/Src/stm32f4xx_hal_dma.o
 .debug_line    0x0000d746      0xbc8 ./Drivers/STM32F4xx_HAL_Driver/Src/stm32f4xx_hal_gpio.o
 .debug_line    0x0000e30e      0xdc7 ./Drivers/STM32F4xx_HAL_Driver/Src/stm32f4xx_hal_rcc.o
 .debug_line    0x0000f0d5     0x37e0 ./Drivers/STM32F4xx_HAL_Driver/Src/stm32f4xx_hal_tim.o
 .debug_line    0x000128b5     0x1a32 ./Drivers/STM32F4xx_HAL_Driver/Src/stm32f4xx_hal_tim_ex.o
 .debug_line    0x000142e7     0x290e ./Drivers/STM32F4xx_HAL_Driver/Src/stm32f4xx_hal_uart.o

.debug_str      0x00000000    0xcca8e
 .debug_str     0x00000000    0xc478a ./Core/Src/7SEG.o
                              0xc4a13 (size before relaxing)
 .debug_str     0x000c478a      0x1ac ./Core/Src/CLCD.o
                              0xc4075 (size before relaxing)
 .debug_str     0x000c4936     0x3c5c ./Core/Src/alarm.o
                              0xc872d (size before relaxing)
 .debug_str     0x000c8592      0x2ef ./Core/Src/btn.o
                              0xc7d68 (size before relaxing)
 .debug_str     0x000c8881      0x570 ./Core/Src/buzzer.o
                              0xc7c8c (size before relaxing)
 .debug_str     0x000c8df1       0x2c ./Core/Src/gpio.o
                              0xc7719 (size before relaxing)
 .debug_str     0x000c8e1d       0xc1 ./Core/Src/lap.o
                              0xc778f (size before relaxing)
 .debug_str     0x000c8ede      0x9a3 ./Core/Src/main.o
                              0xc9a3c (size before relaxing)
 .debug_str     0x000c9881       0x9b ./Core/Src/mode.o
                              0xc7a00 (size before relaxing)
 .debug_str     0x000c991c       0x2c ./Core/Src/stm32f4xx_hal_msp.o
                              0xc764e (size before relaxing)
 .debug_str     0x000c9948      0x166 ./Core/Src/stm32f4xx_it.o
                              0xc7dd6 (size before relaxing)
 .debug_str     0x000c9aae       0x2c ./Core/Src/stopwatch.o
                              0xc82c4 (size before relaxing)
 .debug_str     0x000c9ada      0x4dc ./Core/Src/sysmem.o
                               0x60be (size before relaxing)
 .debug_str     0x000c9fb6       0xdb ./Core/Src/system_stm32f4xx.o
                              0xc3f13 (size before relaxing)
 .debug_str     0x000ca091      0x1fe ./Core/Src/tim.o
                              0xc8358 (size before relaxing)
 .debug_str     0x000ca28f       0x61 ./Core/Src/usart.o
                              0xc80e2 (size before relaxing)
 .debug_str     0x000ca2f0       0x45 ./Core/Src/watch.o
                              0xc843b (size before relaxing)
 .debug_str     0x000ca335       0x44 ./Core/Startup/startup_stm32f407vetx.o
                                 0x71 (size before relaxing)
 .debug_str     0x000ca379      0x60d ./Drivers/STM32F4xx_HAL_Driver/Src/stm32f4xx_hal.o
                              0xc4a97 (size before relaxing)
 .debug_str     0x000ca986      0x36b ./Drivers/STM32F4xx_HAL_Driver/Src/stm32f4xx_hal_cortex.o
                              0xc4813 (size before relaxing)
 .debug_str     0x000cacf1      0x31d ./Drivers/STM32F4xx_HAL_Driver/Src/stm32f4xx_hal_dma.o
                              0xc432d (size before relaxing)
 .debug_str     0x000cb00e       0xbe ./Drivers/STM32F4xx_HAL_Driver/Src/stm32f4xx_hal_gpio.o
                              0xc408e (size before relaxing)
 .debug_str     0x000cb0cc      0x233 ./Drivers/STM32F4xx_HAL_Driver/Src/stm32f4xx_hal_rcc.o
                              0xc4347 (size before relaxing)
 .debug_str     0x000cb2ff      0xd0a ./Drivers/STM32F4xx_HAL_Driver/Src/stm32f4xx_hal_tim.o
                              0xc529d (size before relaxing)
 .debug_str     0x000cc009      0x493 ./Drivers/STM32F4xx_HAL_Driver/Src/stm32f4xx_hal_tim_ex.o
                              0xc4aa9 (size before relaxing)
 .debug_str     0x000cc49c      0x5f2 ./Drivers/STM32F4xx_HAL_Driver/Src/stm32f4xx_hal_uart.o
                              0xc4928 (size before relaxing)

.comment        0x00000000       0x43
 .comment       0x00000000       0x43 ./Core/Src/7SEG.o
                                 0x44 (size before relaxing)
 .comment       0x00000043       0x44 ./Core/Src/CLCD.o
 .comment       0x00000043       0x44 ./Core/Src/alarm.o
 .comment       0x00000043       0x44 ./Core/Src/btn.o
 .comment       0x00000043       0x44 ./Core/Src/buzzer.o
 .comment       0x00000043       0x44 ./Core/Src/gpio.o
 .comment       0x00000043       0x44 ./Core/Src/lap.o
 .comment       0x00000043       0x44 ./Core/Src/main.o
 .comment       0x00000043       0x44 ./Core/Src/mode.o
 .comment       0x00000043       0x44 ./Core/Src/stm32f4xx_hal_msp.o
 .comment       0x00000043       0x44 ./Core/Src/stm32f4xx_it.o
 .comment       0x00000043       0x44 ./Core/Src/stopwatch.o
 .comment       0x00000043       0x44 ./Core/Src/sysmem.o
 .comment       0x00000043       0x44 ./Core/Src/system_stm32f4xx.o
 .comment       0x00000043       0x44 ./Core/Src/tim.o
 .comment       0x00000043       0x44 ./Core/Src/usart.o
 .comment       0x00000043       0x44 ./Core/Src/watch.o
 .comment       0x00000043       0x44 ./Drivers/STM32F4xx_HAL_Driver/Src/stm32f4xx_hal.o
 .comment       0x00000043       0x44 ./Drivers/STM32F4xx_HAL_Driver/Src/stm32f4xx_hal_cortex.o
 .comment       0x00000043       0x44 ./Drivers/STM32F4xx_HAL_Driver/Src/stm32f4xx_hal_dma.o
 .comment       0x00000043       0x44 ./Drivers/STM32F4xx_HAL_Driver/Src/stm32f4xx_hal_gpio.o
 .comment       0x00000043       0x44 ./Drivers/STM32F4xx_HAL_Driver/Src/stm32f4xx_hal_rcc.o
 .comment       0x00000043       0x44 ./Drivers/STM32F4xx_HAL_Driver/Src/stm32f4xx_hal_tim.o
 .comment       0x00000043       0x44 ./Drivers/STM32F4xx_HAL_Driver/Src/stm32f4xx_hal_tim_ex.o
 .comment       0x00000043       0x44 ./Drivers/STM32F4xx_HAL_Driver/Src/stm32f4xx_hal_uart.o

.debug_frame    0x00000000     0x4194
 .debug_frame   0x00000000       0x5c ./Core/Src/7SEG.o
 .debug_frame   0x0000005c       0xfc ./Core/Src/CLCD.o
 .debug_frame   0x00000158       0xdc ./Core/Src/alarm.o
 .debug_frame   0x00000234      0x210 ./Core/Src/btn.o
 .debug_frame   0x00000444       0xb4 ./Core/Src/buzzer.o
 .debug_frame   0x000004f8       0x34 ./Core/Src/gpio.o
 .debug_frame   0x0000052c       0x84 ./Core/Src/lap.o
 .debug_frame   0x000005b0       0xf0 ./Core/Src/main.o
 .debug_frame   0x000006a0       0x78 ./Core/Src/mode.o
 .debug_frame   0x00000718       0x38 ./Core/Src/stm32f4xx_hal_msp.o
 .debug_frame   0x00000750      0x190 ./Core/Src/stm32f4xx_it.o
 .debug_frame   0x000008e0       0x70 ./Core/Src/stopwatch.o
 .debug_frame   0x00000950       0x34 ./Core/Src/sysmem.o
 .debug_frame   0x00000984       0x58 ./Core/Src/system_stm32f4xx.o
 .debug_frame   0x000009dc       0xc8 ./Core/Src/tim.o
 .debug_frame   0x00000aa4       0x74 ./Core/Src/usart.o
 .debug_frame   0x00000b18      0x140 ./Core/Src/watch.o
 .debug_frame   0x00000c58      0x374 ./Drivers/STM32F4xx_HAL_Driver/Src/stm32f4xx_hal.o
 .debug_frame   0x00000fcc      0x508 ./Drivers/STM32F4xx_HAL_Driver/Src/stm32f4xx_hal_cortex.o
 .debug_frame   0x000014d4      0x250 ./Drivers/STM32F4xx_HAL_Driver/Src/stm32f4xx_hal_dma.o
 .debug_frame   0x00001724      0x14c ./Drivers/STM32F4xx_HAL_Driver/Src/stm32f4xx_hal_gpio.o
 .debug_frame   0x00001870      0x1f4 ./Drivers/STM32F4xx_HAL_Driver/Src/stm32f4xx_hal_rcc.o
 .debug_frame   0x00001a64     0x11c0 ./Drivers/STM32F4xx_HAL_Driver/Src/stm32f4xx_hal_tim.o
 .debug_frame   0x00002c24      0x638 ./Drivers/STM32F4xx_HAL_Driver/Src/stm32f4xx_hal_tim_ex.o
 .debug_frame   0x0000325c      0x954 ./Drivers/STM32F4xx_HAL_Driver/Src/stm32f4xx_hal_uart.o
 .debug_frame   0x00003bb0      0x144 C:/ST/STM32CubeIDE_1.16.0/STM32CubeIDE/plugins/com.st.stm32cube.ide.mcu.externaltools.gnu-tools-for-stm32.12.3.rel1.win32_1.0.200.202406191623/tools/bin/../lib/gcc/arm-none-eabi/12.3.1/../../../../arm-none-eabi/lib/thumb/v7e-m+fp/hard\libc_nano.a(libc_a-findfp.o)
 .debug_frame   0x00003cf4       0x6c C:/ST/STM32CubeIDE_1.16.0/STM32CubeIDE/plugins/com.st.stm32cube.ide.mcu.externaltools.gnu-tools-for-stm32.12.3.rel1.win32_1.0.200.202406191623/tools/bin/../lib/gcc/arm-none-eabi/12.3.1/../../../../arm-none-eabi/lib/thumb/v7e-m+fp/hard\libc_nano.a(libc_a-sprintf.o)
 .debug_frame   0x00003d60       0x20 C:/ST/STM32CubeIDE_1.16.0/STM32CubeIDE/plugins/com.st.stm32cube.ide.mcu.externaltools.gnu-tools-for-stm32.12.3.rel1.win32_1.0.200.202406191623/tools/bin/../lib/gcc/arm-none-eabi/12.3.1/../../../../arm-none-eabi/lib/thumb/v7e-m+fp/hard\libc_nano.a(libc_a-memset.o)
 .debug_frame   0x00003d80       0x38 C:/ST/STM32CubeIDE_1.16.0/STM32CubeIDE/plugins/com.st.stm32cube.ide.mcu.externaltools.gnu-tools-for-stm32.12.3.rel1.win32_1.0.200.202406191623/tools/bin/../lib/gcc/arm-none-eabi/12.3.1/../../../../arm-none-eabi/lib/thumb/v7e-m+fp/hard\libc_nano.a(libc_a-reent.o)
 .debug_frame   0x00003db8       0x20 C:/ST/STM32CubeIDE_1.16.0/STM32CubeIDE/plugins/com.st.stm32cube.ide.mcu.externaltools.gnu-tools-for-stm32.12.3.rel1.win32_1.0.200.202406191623/tools/bin/../lib/gcc/arm-none-eabi/12.3.1/../../../../arm-none-eabi/lib/thumb/v7e-m+fp/hard\libc_nano.a(libc_a-errno.o)
 .debug_frame   0x00003dd8       0x2c C:/ST/STM32CubeIDE_1.16.0/STM32CubeIDE/plugins/com.st.stm32cube.ide.mcu.externaltools.gnu-tools-for-stm32.12.3.rel1.win32_1.0.200.202406191623/tools/bin/../lib/gcc/arm-none-eabi/12.3.1/../../../../arm-none-eabi/lib/thumb/v7e-m+fp/hard\libc_nano.a(libc_a-init.o)
 .debug_frame   0x00003e04       0xb0 C:/ST/STM32CubeIDE_1.16.0/STM32CubeIDE/plugins/com.st.stm32cube.ide.mcu.externaltools.gnu-tools-for-stm32.12.3.rel1.win32_1.0.200.202406191623/tools/bin/../lib/gcc/arm-none-eabi/12.3.1/../../../../arm-none-eabi/lib/thumb/v7e-m+fp/hard\libc_nano.a(libc_a-lock.o)
 .debug_frame   0x00003eb4       0x38 C:/ST/STM32CubeIDE_1.16.0/STM32CubeIDE/plugins/com.st.stm32cube.ide.mcu.externaltools.gnu-tools-for-stm32.12.3.rel1.win32_1.0.200.202406191623/tools/bin/../lib/gcc/arm-none-eabi/12.3.1/../../../../arm-none-eabi/lib/thumb/v7e-m+fp/hard\libc_nano.a(libc_a-freer.o)
 .debug_frame   0x00003eec       0x50 C:/ST/STM32CubeIDE_1.16.0/STM32CubeIDE/plugins/com.st.stm32cube.ide.mcu.externaltools.gnu-tools-for-stm32.12.3.rel1.win32_1.0.200.202406191623/tools/bin/../lib/gcc/arm-none-eabi/12.3.1/../../../../arm-none-eabi/lib/thumb/v7e-m+fp/hard\libc_nano.a(libc_a-mallocr.o)