Archive member included to satisfy reference by file (symbol)

C:/ST/STM32CubeIDE_1.16.0/STM32CubeIDE/plugins/com.st.stm32cube.ide.mcu.externaltools.gnu-tools-for-stm32.12.3.rel1.win32_1.0.200.202406191623/tools/bin/../lib/gcc/arm-none-eabi/12.3.1/../../../../arm-none-eabi/lib/thumb/v7e-m+fp/hard\libc_nano.a(libc_a-exit.o)
                              C:/ST/STM32CubeIDE_1.16.0/STM32CubeIDE/plugins/com.st.stm32cube.ide.mcu.externaltools.gnu-tools-for-stm32.12.3.rel1.win32_1.0.200.202406191623/tools/bin/../lib/gcc/arm-none-eabi/12.3.1/../../../../arm-none-eabi/lib/thumb/v7e-m+fp/hard/crt0.o (exit)
C:/ST/STM32CubeIDE_1.16.0/STM32CubeIDE/plugins/com.st.stm32cube.ide.mcu.externaltools.gnu-tools-for-stm32.12.3.rel1.win32_1.0.200.202406191623/tools/bin/../lib/gcc/arm-none-eabi/12.3.1/../../../../arm-none-eabi/lib/thumb/v7e-m+fp/hard\libc_nano.a(libc_a-findfp.o)
                              C:/ST/STM32CubeIDE_1.16.0/STM32CubeIDE/plugins/com.st.stm32cube.ide.mcu.externaltools.gnu-tools-for-stm32.12.3.rel1.win32_1.0.200.202406191623/tools/bin/../lib/gcc/arm-none-eabi/12.3.1/../../../../arm-none-eabi/lib/thumb/v7e-m+fp/hard\libc_nano.a(libc_a-exit.o) (__stdio_exit_handler)
C:/ST/STM32CubeIDE_1.16.0/STM32CubeIDE/plugins/com.st.stm32cube.ide.mcu.externaltools.gnu-tools-for-stm32.12.3.rel1.win32_1.0.200.202406191623/tools/bin/../lib/gcc/arm-none-eabi/12.3.1/../../../../arm-none-eabi/lib/thumb/v7e-m+fp/hard\libc_nano.a(libc_a-fwalk.o)
                              C:/ST/STM32CubeIDE_1.16.0/STM32CubeIDE/plugins/com.st.stm32cube.ide.mcu.externaltools.gnu-tools-for-stm32.12.3.rel1.win32_1.0.200.202406191623/tools/bin/../lib/gcc/arm-none-eabi/12.3.1/../../../../arm-none-eabi/lib/thumb/v7e-m+fp/hard\libc_nano.a(libc_a-findfp.o) (_fwalk_sglue)
C:/ST/STM32CubeIDE_1.16.0/STM32CubeIDE/plugins/com.st.stm32cube.ide.mcu.externaltools.gnu-tools-for-stm32.12.3.rel1.win32_1.0.200.202406191623/tools/bin/../lib/gcc/arm-none-eabi/12.3.1/../../../../arm-none-eabi/lib/thumb/v7e-m+fp/hard\libc_nano.a(libc_a-sprintf.o)
                              ./Core/Src/lap.o (sprintf)
C:/ST/STM32CubeIDE_1.16.0/STM32CubeIDE/plugins/com.st.stm32cube.ide.mcu.externaltools.gnu-tools-for-stm32.12.3.rel1.win32_1.0.200.202406191623/tools/bin/../lib/gcc/arm-none-eabi/12.3.1/../../../../arm-none-eabi/lib/thumb/v7e-m+fp/hard\libc_nano.a(libc_a-stdio.o)
                              C:/ST/STM32CubeIDE_1.16.0/STM32CubeIDE/plugins/com.st.stm32cube.ide.mcu.externaltools.gnu-tools-for-stm32.12.3.rel1.win32_1.0.200.202406191623/tools/bin/../lib/gcc/arm-none-eabi/12.3.1/../../../../arm-none-eabi/lib/thumb/v7e-m+fp/hard\libc_nano.a(libc_a-findfp.o) (__sread)
C:/ST/STM32CubeIDE_1.16.0/STM32CubeIDE/plugins/com.st.stm32cube.ide.mcu.externaltools.gnu-tools-for-stm32.12.3.rel1.win32_1.0.200.202406191623/tools/bin/../lib/gcc/arm-none-eabi/12.3.1/../../../../arm-none-eabi/lib/thumb/v7e-m+fp/hard\libc_nano.a(libc_a-memset.o)
                              C:/ST/STM32CubeIDE_1.16.0/STM32CubeIDE/plugins/com.st.stm32cube.ide.mcu.externaltools.gnu-tools-for-stm32.12.3.rel1.win32_1.0.200.202406191623/tools/bin/../lib/gcc/arm-none-eabi/12.3.1/../../../../arm-none-eabi/lib/thumb/v7e-m+fp/hard/crt0.o (memset)
C:/ST/STM32CubeIDE_1.16.0/STM32CubeIDE/plugins/com.st.stm32cube.ide.mcu.externaltools.gnu-tools-for-stm32.12.3.rel1.win32_1.0.200.202406191623/tools/bin/../lib/gcc/arm-none-eabi/12.3.1/../../../../arm-none-eabi/lib/thumb/v7e-m+fp/hard\libc_nano.a(libc_a-closer.o)
                              C:/ST/STM32CubeIDE_1.16.0/STM32CubeIDE/plugins/com.st.stm32cube.ide.mcu.externaltools.gnu-tools-for-stm32.12.3.rel1.win32_1.0.200.202406191623/tools/bin/../lib/gcc/arm-none-eabi/12.3.1/../../../../arm-none-eabi/lib/thumb/v7e-m+fp/hard\libc_nano.a(libc_a-stdio.o) (_close_r)
C:/ST/STM32CubeIDE_1.16.0/STM32CubeIDE/plugins/com.st.stm32cube.ide.mcu.externaltools.gnu-tools-for-stm32.12.3.rel1.win32_1.0.200.202406191623/tools/bin/../lib/gcc/arm-none-eabi/12.3.1/../../../../arm-none-eabi/lib/thumb/v7e-m+fp/hard\libc_nano.a(libc_a-reent.o)
                              C:/ST/STM32CubeIDE_1.16.0/STM32CubeIDE/plugins/com.st.stm32cube.ide.mcu.externaltools.gnu-tools-for-stm32.12.3.rel1.win32_1.0.200.202406191623/tools/bin/../lib/gcc/arm-none-eabi/12.3.1/../../../../arm-none-eabi/lib/thumb/v7e-m+fp/hard\libc_nano.a(libc_a-closer.o) (errno)
C:/ST/STM32CubeIDE_1.16.0/STM32CubeIDE/plugins/com.st.stm32cube.ide.mcu.externaltools.gnu-tools-for-stm32.12.3.rel1.win32_1.0.200.202406191623/tools/bin/../lib/gcc/arm-none-eabi/12.3.1/../../../../arm-none-eabi/lib/thumb/v7e-m+fp/hard\libc_nano.a(libc_a-impure.o)
                              C:/ST/STM32CubeIDE_1.16.0/STM32CubeIDE/plugins/com.st.stm32cube.ide.mcu.externaltools.gnu-tools-for-stm32.12.3.rel1.win32_1.0.200.202406191623/tools/bin/../lib/gcc/arm-none-eabi/12.3.1/../../../../arm-none-eabi/lib/thumb/v7e-m+fp/hard\libc_nano.a(libc_a-sprintf.o) (_impure_ptr)
[...]
Memory Configuration

Name             Origin             Length             Attributes
CCMRAM           0x10000000         0x00010000         xrw
RAM              0x20000000         0x00020000         xrw
FLASH            0x08000000         0x00080000         xr
*default*        0x00000000         0xffffffff

Linker script and memory map

LOAD C:/ST/STM32CubeIDE_1.16.0/STM32CubeIDE/plugins/com.st.stm32cube.ide.mcu.externaltools.gnu-tools-for-stm32.12.3.rel1.win32_1.0.200.202406191623/tools/bin/../lib/gcc/arm-none-eabi/12.3.1/thumb/v7e-m+fp/hard/crti.o
LOAD C:/ST/STM32CubeIDE_1.16.0/STM32CubeIDE/plugins/com.st.stm32cube.ide.mcu.externaltools.gnu-tools-for-stm32.12.3.rel1.win32_1.0.200.202406191623/tools/bin/../lib/gcc/arm-none-eabi/12.3.1/thumb/v7e-m+fp/hard/crtbegin.o
LOAD C:/ST/STM32CubeIDE_1.16.0/STM32CubeIDE/plugins/com.st.stm32cube.ide.mcu.externaltools.gnu-tools-for-stm32.12.3.rel1.win32_1.0.200.202406191623/tools/bin/../lib/gcc/arm-none-eabi/12.3.1/../../../../arm-none-eabi/lib/thumb/v7e-m+fp/hard/crt0.o
LOAD ./Core/Src/7SEG.o
LOAD ./Core/Src/CLCD.o
LOAD ./Core/Src/alarm.o
LOAD ./Core/Src/btn.o
LOAD ./Core/Src/buzzer.o
LOAD ./Core/Src/gpio.o
LOAD ./Core/Src/lap.o
LOAD ./Core/Src/main.o
LOAD ./Core/Src/stm32f4xx_hal_msp.o
LOAD ./Core/Src/stm32f4xx_it.o
LOAD ./Core/Src/stopwatch.o
LOAD ./Core/Src/syscalls.o
LOAD ./Core/Src/sysmem.o
LOAD ./Core/Src/system_stm32f4xx.o
LOAD ./Core/Src/tim.o
LOAD ./Core/Src/usart.o
LOAD ./Core/Src/watch.o
LOAD ./Core/Startup/startup_stm32f407vetx.o
LOAD ./Drivers/STM32F4xx_HAL_Driver/Src/stm32f4xx_hal.o
LOAD ./Drivers/STM32F4xx_HAL_Driver/Src/stm32f4xx_hal_cortex.o
LOAD ./Drivers/STM32F4xx_HAL_Driver/Src/stm32f4xx_hal_dma.o
LOAD ./Drivers/STM32F4xx_HAL_Driver/Src/stm32f4xx_hal_dma_ex.o
LOAD ./Drivers/STM32F4xx_HAL_Driver/Src/stm32f4xx_hal_exti.o
LOAD ./Drivers/STM32F4xx_HAL_Driver/Src/stm32f4xx_hal_flash.o
LOAD ./Drivers/STM32F4xx_HAL_Driver/Src/stm32f4xx_hal_flash_ex.o
LOAD ./Drivers/STM32F4xx_HAL_Driver/Src/stm32f4xx_hal_flash_ramfunc.o
LOAD ./Drivers/STM32F4xx_HAL_Driver/Src/stm32f4xx_hal_gpio.o
LOAD ./Drivers/STM32F4xx_HAL_Driver/Src/stm32f4xx_hal_pwr.o
LOAD ./Drivers/STM32F4xx_HAL_Driver/Src/stm32f4xx_hal_pwr_ex.o
LOAD ./Drivers/STM32F4xx_HAL_Driver/Src/stm32f4xx_hal_rcc.o
LOAD ./Drivers/STM32F4xx_HAL_Driver/Src/stm32f4xx_hal_rcc_ex.o
LOAD ./Drivers/STM32F4xx_HAL_Driver/Src/stm32f4xx_hal_tim.o
LOAD ./Drivers/STM32F4xx_HAL_Driver/Src/stm32f4xx_hal_tim_ex.o
LOAD ./Drivers/STM32F4xx_HAL_Driver/Src/stm32f4xx_hal_uart.o
START GROUP
LOAD C:/ST/STM32CubeIDE_1.16.0/STM32CubeIDE/plugins/com.st.stm32cube.ide.mcu.externaltools.gnu-tools-for-stm32.12.3.rel1.win32_1.0.200.202406191623/tools/bin/../lib/gcc/arm-none-eabi/12.3.1/../../../../arm-none-eabi/lib/thumb/v7e-m+fp/hard\libc_nano.a
LOAD C:/ST/STM32CubeIDE_1.16.0/STM32CubeIDE/plugins/com.st.stm32cube.ide.mcu.externaltools.gnu-tools-for-stm32.12.3.rel1.win32_1.0.200.202406191623/tools/bin/../lib/gcc/arm-none-eabi/12.3.1/../../../../arm-none-eabi/lib/thumb/v7e-m+fp/hard\libm.a
END GROUP
START GROUP
LOAD C:/ST/STM32CubeIDE_1.16.0/STM32CubeIDE/plugins/com.st.stm32cube.ide.mcu.externaltools.gnu-tools-for-stm32.12.3.rel1.win32_1.0.200.202406191623/tools/bin/../lib/gcc/arm-none-eabi/12.3.1/thumb/v7e-m+fp/hard\libgcc.a
LOAD C:/ST/STM32CubeIDE_1.16.0/STM32CubeIDE/plugins/com.st.stm32cube.ide.mcu.externaltools.gnu-tools-for-stm32.12.3.rel1.win32_1.0.200.202406191623/tools/bin/../lib/gcc/arm-none-eabi/12.3.1/../../../../arm-none-eabi/lib/thumb/v7e-m+fp/hard\libc_nano.a
END GROUP
START GROUP
LOAD C:/ST/STM32CubeIDE_1.16.0/STM32CubeIDE/plugins/com.st.stm32cube.ide.mcu.externaltools.gnu-tools-for-stm32.12.3.rel1.win32_1.0.200.202406191623/tools/bin/../lib/gcc/arm-none-eabi/12.3.1/thumb/v7e-m+fp/hard\libgcc.a
LOAD C:/ST/STM32CubeIDE_1.16.0/STM32CubeIDE/plugins/com.st.stm32cube.ide.mcu.externaltools.gnu-tools-for-stm32.12.3.rel1.win32_1.0.200.202406191623/tools/bin/../lib/gcc/arm-none-eabi/12.3.1/../../../../arm-none-eabi/lib/thumb/v7e-m+fp/hard\libc_nano.a
LOAD C:/ST/STM32CubeIDE_1.16.0/STM32CubeIDE/plugins/com.st.stm32cube.ide.mcu.externaltools.gnu-tools-for-stm32.12.3.rel1.win32_1.0.200.202406191623/tools/bin/../lib/gcc/arm-none-eabi/12.3.1/../../../../arm-none-eabi/lib/thumb/v7e-m+fp/hard\libnosys.a
END GROUP
START GROUP
LOAD C:/ST/STM32CubeIDE_1.16.0/STM32CubeIDE/plugins/com.st.stm32cube.ide.mcu.externaltools.gnu-tools-for-stm32.12.3.rel1.win32_1.0.200.202406191623/tools/bin/../lib/gcc/arm-none-eabi/12.3.1/thumb/v7e-m+fp/hard\libgcc.a
LOAD C:/ST/STM32CubeIDE_1.16.0/STM32CubeIDE/plugins/com.st.stm32cube.ide.mcu.externaltools.gnu-tools-for-stm32.12.3.rel1.win32_1.0.200.202406191623/tools/bin/../lib/gcc/arm-none-eabi/12.3.1/../../../../arm-none-eabi/lib/thumb/v7e-m+fp/hard\libc_nano.a
LOAD C:/ST/STM32CubeIDE_1.16.0/STM32CubeIDE/plugins/com.st.stm32cube.ide.mcu.externaltools.gnu-tools-for-stm32.12.3.rel1.win32_1.0.200.202406191623/tools/bin/../lib/gcc/arm-none-eabi/12.3.1/../../../../arm-none-eabi/lib/thumb/v7e-m+fp/hard\libnosys.a
END GROUP
LOAD C:/ST/STM32CubeIDE_1.16.0/STM32CubeIDE/plugins/com.st.stm32cube.ide.mcu.externaltools.gnu-tools-for-stm32.12.3.rel1.win32_1.0.200.202406191623/tools/bin/../lib/gcc/arm-none-eabi/12.3.1/thumb/v7e-m+fp/hard/crtend.o
LOAD C:/ST/STM32CubeIDE_1.16.0/STM32CubeIDE/plugins/com.st.stm32cube.ide.mcu.externaltools.gnu-tools-for-stm32.12.3.rel1.win32_1.0.200.202406191623/tools/bin/../lib/gcc/arm-none-eabi/12.3.1/thumb/v7e-m+fp/hard/crtn.o
                0x20020000                        _estack = (ORIGIN (RAM) + LENGTH (RAM))
                0x00000200                        _Min_Heap_Size = 0x200
                0x00000400                        _Min_Stack_Size = 0x400

.isr_vector     0x08000000      0x188
                0x08000000                        . = ALIGN (0x4)
 *(.isr_vector)
 .isr_vector    0x08000000      0x188 ./Core/Startup/startup_stm32f407vetx.o
                0x08000000                g_pfnVectors
                0x08000188                        . = ALIGN (0x4)

.text           0x08000190     0x67f4
                0x08000190                        . = ALIGN (0x4)
 *(.text)
 .text          0x08000190       0x40 C:/ST/STM32CubeIDE_1.16.0/STM32CubeIDE/plugins/com.st.stm32cube.ide.mcu.externaltools.gnu-tools-for-stm32.12.3.rel1.win32_1.0.200.202406191623/tools/bin/../lib/gcc/arm-none-eabi/12.3.1/thumb/v7e-m+fp/hard/crtbegin.o
 .text          0x080001d0       0xa0 C:/ST/STM32CubeIDE_1.16.0/STM32CubeIDE/plugins/com.st.stm32cube.ide.mcu.externaltools.gnu-tools-for-stm32.12.3.rel1.win32_1.0.200.202406191623/tools/bin/../lib/gcc/arm-none-eabi/12.3.1/../../../../arm-none-eabi/lib/thumb/v7e-m+fp/hard\libc_nano.a(libc_a-memchr.o)
                0x080001d0                memchr
 .text          0x08000270       0x30 C:/ST/STM32CubeIDE_1.16.0/STM32CubeIDE/plugins/com.st.stm32cube.ide.mcu.externaltools.gnu-tools-for-stm32.12.3.rel1.win32_1.0.200.202406191623/tools/bin/../lib/gcc/arm-none-eabi/12.3.1/thumb/v7e-m+fp/hard\libgcc.a(_aeabi_uldivmod.o)
                0x08000270                __aeabi_uldivmod
 .text          0x080002a0      0x2bc C:/ST/STM32CubeIDE_1.16.0/STM32CubeIDE/plugins/com.st.stm32cube.ide.mcu.externaltools.gnu-tools-for-stm32.12.3.rel1.win32_1.0.200.202406191623/tools/bin/../lib/gcc/arm-none-eabi/12.3.1/thumb/v7e-m+fp/hard\libgcc.a(_udivmoddi4.o)
                0x080002a0                __udivmoddi4
 .text          0x0800055c        0x4 C:/ST/STM32CubeIDE_1.16.0/STM32CubeIDE/plugins/com.st.stm32cube.ide.mcu.externaltools.gnu-tools-for-stm32.12.3.rel1.win32_1.0.200.202406191623/tools/bin/../lib/gcc/arm-none-eabi/12.3.1/thumb/v7e-m+fp/hard\libgcc.a(_dvmd_tls.o)
                0x0800055c                __aeabi_idiv0
                0x0800055c                __aeabi_ldiv0
 *(.text*)
 .text._7SEG_GPIO_Init
                0x08000560      0x1cc ./Core/Src/7SEG.o
                0x08000560                _7SEG_GPIO_Init
 .text._7SEG_SetNumber
                0x0800072c      0x7c4 ./Core/Src/7SEG.o
                0x0800072c                _7SEG_SetNumber
 .text.CLCD_GPIO_Init
                0x08000ef0       0xa0 ./Core/Src/CLCD.o
                0x08000ef0                CLCD_GPIO_Init
 .text.CLCD_Write_Instruction
                0x08000f90      0x194 ./Core/Src/CLCD.o
                0x08000f90                CLCD_Write_Instruction
 .text.CLCD_Write_Display
                0x08001124      0x194 ./Core/Src/CLCD.o
                0x08001124                CLCD_Write_Display
 .text.CLCD_Gotoxy
                0x080012b8       0x40 ./Core/Src/CLCD.o
                0x080012b8                CLCD_Gotoxy
 .text.CLCD_Puts
                0x080012f8       0x4a ./Core/Src/CLCD.o
                0x080012f8                CLCD_Puts
 .text.CLCD_Init
                0x08001342       0x44 ./Core/Src/CLCD.o
                0x08001342                CLCD_Init
 .text.CLCD_Clear
                0x08001386       0x14 ./Core/Src/CLCD.o
                0x08001386                CLCD_Clear
 *fill*         0x0800139a        0x2 
 .text.InitializeButtons
                0x0800139c       0x80 ./Core/Src/btn.o
                0x0800139c                InitializeButtons
 .text.HandleButtonPress
                0x0800141c       0x88 ./Core/Src/btn.o
                0x0800141c                HandleButtonPress
 .text.CheckButtonPressTime
                0x080014a4       0x40 ./Core/Src/btn.o
                0x080014a4                CheckButtonPressTime
 .text.BtnHoldEvent
                0x080014e4       0x44 ./Core/Src/btn.o
                0x080014e4                BtnHoldEvent
 .text.CheckBtnHoldingTime
                0x08001528       0x46 ./Core/Src/btn.o
                0x08001528                CheckBtnHoldingTime
 *fill*         0x0800156e        0x2 
 .text.BtnThresHoldEvent
                0x08001570       0x78 ./Core/Src/btn.o
                0x08001570                BtnThresHoldEvent
 .text.WatchHandleButton1
                0x080015e8       0x98 ./Core/Src/btn.o
                0x080015e8                WatchHandleButton1
 .text.WatchHandleButton2
                0x08001680       0xa8 ./Core/Src/btn.o
                0x08001680                WatchHandleButton2
 .text.WatchHandleButton3
                0x08001728       0xb0 ./Core/Src/btn.o
                0x08001728                WatchHandleButton3
 .text.WatchHandleButton4
                0x080017d8       0x84 ./Core/Src/btn.o
                0x080017d8                WatchHandleButton4
 .text.InitializeBuzzer
                0x0800185c       0x38 ./Core/Src/buzzer.o
                0x0800185c                InitializeBuzzer
 .text.activateBuzzer30msOn
                0x08001894       0x42 ./Core/Src/buzzer.o
                0x08001894                activateBuzzer30msOn
 .text.activateBuzzer30msOff
                0x080018d6       0x4a ./Core/Src/buzzer.o
                0x080018d6                activateBuzzer30msOff
 .text.checkAndRingBuzzer
                0x08001920       0x6c ./Core/Src/buzzer.o
                0x08001920                checkAndRingBuzzer
 .text.handleBuzzerActivation
                0x0800198c       0x88 ./Core/Src/buzzer.o
                0x0800198c                handleBuzzerActivation
 .text.MX_GPIO_Init
                0x08001a14      0x1a4 ./Core/Src/gpio.o
                0x08001a14                MX_GPIO_Init
 .text.main     0x08001bb8      0x13c ./Core/Src/main.o
                0x08001bb8                main
 .text.SystemClock_Config
                0x08001cf4       0xd4 ./Core/Src/main.o
                0x08001cf4                SystemClock_Config
 .text.MX_NVIC_Init
                0x08001dc8       0x58 ./Core/Src/main.o
 .text.HAL_GPIO_EXTI_Callback
                0x08001e20      0x160 ./Core/Src/main.o
                0x08001e20                HAL_GPIO_EXTI_Callback
 .text.HAL_TIM_PeriodElapsedCallback
                0x08001f80       0x88 ./Core/Src/main.o
                0x08001f80                HAL_TIM_PeriodElapsedCallback
 .text.Error_Handler
                0x08002008        0xc ./Core/Src/main.o
                0x08002008                Error_Handler
 .text.HAL_MspInit
                0x08002014       0x50 ./Core/Src/stm32f4xx_hal_msp.o
                0x08002014                HAL_MspInit
 .text.NMI_Handler
                0x08002064        0x8 ./Core/Src/stm32f4xx_it.o
                0x08002064                NMI_Handler
 .text.HardFault_Handler
                0x0800206c        0x8 ./Core/Src/stm32f4xx_it.o
                0x0800206c                HardFault_Handler
 .text.MemManage_Handler
                0x08002074        0x8 ./Core/Src/stm32f4xx_it.o
                0x08002074                MemManage_Handler
 .text.BusFault_Handler
                0x0800207c        0x8 ./Core/Src/stm32f4xx_it.o
                0x0800207c                BusFault_Handler
 .text.UsageFault_Handler
                0x08002084        0x8 ./Core/Src/stm32f4xx_it.o
                0x08002084                UsageFault_Handler
 .text.SVC_Handler
                0x0800208c        0xe ./Core/Src/stm32f4xx_it.o
                0x0800208c                SVC_Handler
 .text.DebugMon_Handler
                0x0800209a        0xe ./Core/Src/stm32f4xx_it.o
                0x0800209a                DebugMon_Handler
 .text.PendSV_Handler
                0x080020a8        0xe ./Core/Src/stm32f4xx_it.o
                0x080020a8                PendSV_Handler
 .text.SysTick_Handler
                0x080020b6        0xc ./Core/Src/stm32f4xx_it.o
                0x080020b6                SysTick_Handler
 .text.EXTI3_IRQHandler
                0x080020c2        0xe ./Core/Src/stm32f4xx_it.o
                0x080020c2                EXTI3_IRQHandler
 .text.EXTI4_IRQHandler
                0x080020d0        0xe ./Core/Src/stm32f4xx_it.o
                0x080020d0                EXTI4_IRQHandler
 *fill*         0x080020de        0x2 
 .text.USART3_IRQHandler
                0x080020e0       0x14 ./Core/Src/stm32f4xx_it.o
                0x080020e0                USART3_IRQHandler
 .text.EXTI15_10_IRQHandler
                0x080020f4       0x18 ./Core/Src/stm32f4xx_it.o
                0x080020f4                EXTI15_10_IRQHandler
 .text.TIM6_DAC_IRQHandler
                0x0800210c       0x14 ./Core/Src/stm32f4xx_it.o
                0x0800210c                TIM6_DAC_IRQHandler
 .text._sbrk    0x08002120       0x6c ./Core/Src/sysmem.o
                0x08002120                _sbrk
 .text.SystemInit
                0x0800218c       0x24 ./Core/Src/system_stm32f4xx.o
                0x0800218c                SystemInit
 .text.MX_TIM2_Init
                0x080021b0       0xec ./Core/Src/tim.o
                0x080021b0                MX_TIM2_Init
 .text.MX_TIM6_Init
                0x0800229c       0x6c ./Core/Src/tim.o
                0x0800229c                MX_TIM6_Init
 .text.HAL_TIM_Base_MspInit
                0x08002308       0x6c ./Core/Src/tim.o
                0x08002308                HAL_TIM_Base_MspInit
 .text.HAL_TIM_MspPostInit
                0x08002374       0x70 ./Core/Src/tim.o
                0x08002374                HAL_TIM_MspPostInit
 .text.MX_USART3_UART_Init
                0x080023e4       0x54 ./Core/Src/usart.o
                0x080023e4                MX_USART3_UART_Init
 .text.HAL_UART_MspInit
                0x08002438       0x90 ./Core/Src/usart.o
                0x08002438                HAL_UART_MspInit
 .text.InitializeWatch
                0x080024c8       0x3c ./Core/Src/watch.o
                0x080024c8                InitializeWatch
 .text.isLeapYear
                0x08002504       0x60 ./Core/Src/watch.o
                0x08002504                isLeapYear
 .text.getDaysInMonth
                0x08002564       0x8e ./Core/Src/watch.o
                0x08002564                getDaysInMonth
 *fill*         0x080025f2        0x2 
 .text.updateWatchTime
                0x080025f4       0xc4 ./Core/Src/watch.o
                0x080025f4                updateWatchTime
 .text.updateWatchDisplay
                0x080026b8      0x188 ./Core/Src/watch.o
                0x080026b8                updateWatchDisplay
 .text.ClockSettingMode
                0x08002840      0x1a0 ./Core/Src/watch.o
                0x08002840                ClockSettingMode
 .text.UpdateWatchString
                0x080029e0       0x38 ./Core/Src/watch.o
                0x080029e0                UpdateWatchString
 .text.IncreaseTimeOnce
                0x08002a18      0x198 ./Core/Src/watch.o
                0x08002a18                IncreaseTimeOnce
 .text.IncreaseTime
                0x08002bb0       0x80 ./Core/Src/watch.o
                0x08002bb0                IncreaseTime
 .text.DecreaseTimeOnce
                0x08002c30      0x1a0 ./Core/Src/watch.o
                0x08002c30                DecreaseTimeOnce
 .text.DecreaseTime
                0x08002dd0       0x80 ./Core/Src/watch.o
                0x08002dd0                DecreaseTime
 .text.AreAllButtonsIdle
                0x08002e50       0x58 ./Core/Src/watch.o
                0x08002e50                AreAllButtonsIdle
 .text.AutoSwitchToWatchMode
                0x08002ea8       0x44 ./Core/Src/watch.o
                0x08002ea8                AutoSwitchToWatchMode
 .text.Reset_Handler
                0x08002eec       0x50 ./Core/Startup/startup_stm32f407vetx.o
                0x08002eec                Reset_Handler
 .text.Default_Handler
                0x08002f3c        0x2 ./Core/Startup/startup_stm32f407vetx.o
                0x08002f3c                RTC_Alarm_IRQHandler
                0x08002f3c                HASH_RNG_IRQHandler
                0x08002f3c                EXTI2_IRQHandler
                0x08002f3c                TIM8_CC_IRQHandler
                0x08002f3c                TIM1_CC_IRQHandler
                0x08002f3c                DMA2_Stream5_IRQHandler
                0x08002f3c                DMA1_Stream5_IRQHandler
                0x08002f3c                PVD_IRQHandler
                0x08002f3c                SDIO_IRQHandler
                0x08002f3c                TAMP_STAMP_IRQHandler
                0x08002f3c                CAN2_RX1_IRQHandler
                0x08002f3c                TIM8_TRG_COM_TIM14_IRQHandler
                0x08002f3c                TIM1_UP_TIM10_IRQHandler
                0x08002f3c                TIM8_UP_TIM13_IRQHandler
                0x08002f3c                I2C3_ER_IRQHandler
                0x08002f3c                EXTI0_IRQHandler
                0x08002f3c                I2C2_EV_IRQHandler
                0x08002f3c                DMA1_Stream2_IRQHandler
                0x08002f3c                CAN1_RX0_IRQHandler
                0x08002f3c                FPU_IRQHandler
                0x08002f3c                OTG_HS_WKUP_IRQHandler
                0x08002f3c                CAN2_SCE_IRQHandler
                0x08002f3c                DMA2_Stream2_IRQHandler
                0x08002f3c                SPI1_IRQHandler
                0x08002f3c                TIM1_BRK_TIM9_IRQHandler
                0x08002f3c                DCMI_IRQHandler
                0x08002f3c                CAN2_RX0_IRQHandler
                0x08002f3c                DMA2_Stream3_IRQHandler
                0x08002f3c                USART6_IRQHandler
                0x08002f3c                CAN1_RX1_IRQHandler
                0x08002f3c                UART5_IRQHandler
                0x08002f3c                DMA2_Stream0_IRQHandler
                0x08002f3c                TIM4_IRQHandler
                0x08002f3c                I2C1_EV_IRQHandler
                0x08002f3c                DMA1_Stream6_IRQHandler
                0x08002f3c                DMA1_Stream1_IRQHandler
                0x08002f3c                UART4_IRQHandler
                0x08002f3c                TIM3_IRQHandler
                0x08002f3c                RCC_IRQHandler
                0x08002f3c                TIM8_BRK_TIM12_IRQHandler
                0x08002f3c                Default_Handler
                0x08002f3c                ADC_IRQHandler
                0x08002f3c                DMA1_Stream7_IRQHandler
                0x08002f3c                TIM7_IRQHandler
                0x08002f3c                CAN2_TX_IRQHandler
                0x08002f3c                TIM5_IRQHandler
                0x08002f3c                DMA2_Stream7_IRQHandler
                0x08002f3c                I2C3_EV_IRQHandler
                0x08002f3c                EXTI9_5_IRQHandler
                0x08002f3c                RTC_WKUP_IRQHandler
                0x08002f3c                ETH_WKUP_IRQHandler
                0x08002f3c                SPI2_IRQHandler
                0x08002f3c                OTG_HS_EP1_IN_IRQHandler
                0x08002f3c                DMA1_Stream0_IRQHandler
                0x08002f3c                CAN1_TX_IRQHandler
                0x08002f3c                FSMC_IRQHandler
                0x08002f3c                ETH_IRQHandler
                0x08002f3c                OTG_HS_EP1_OUT_IRQHandler
                0x08002f3c                WWDG_IRQHandler
                0x08002f3c                TIM2_IRQHandler
                0x08002f3c                OTG_FS_WKUP_IRQHandler
                0x08002f3c                TIM1_TRG_COM_TIM11_IRQHandler
                0x08002f3c                OTG_HS_IRQHandler
                0x08002f3c                EXTI1_IRQHandler
                0x08002f3c                USART2_IRQHandler
                0x08002f3c                I2C2_ER_IRQHandler
                0x08002f3c                DMA2_Stream1_IRQHandler
                0x08002f3c                CAN1_SCE_IRQHandler
                0x08002f3c                FLASH_IRQHandler
                0x08002f3c                DMA2_Stream4_IRQHandler
                0x08002f3c                USART1_IRQHandler
                0x08002f3c                OTG_FS_IRQHandler
                0x08002f3c                SPI3_IRQHandler
                0x08002f3c                DMA1_Stream4_IRQHandler
                0x08002f3c                I2C1_ER_IRQHandler
                0x08002f3c                DMA2_Stream6_IRQHandler
                0x08002f3c                DMA1_Stream3_IRQHandler
 *fill*         0x08002f3e        0x2 
 .text.HAL_Init
                0x08002f40       0x44 ./Drivers/STM32F4xx_HAL_Driver/Src/stm32f4xx_hal.o
                0x08002f40                HAL_Init
 .text.HAL_InitTick
                0x08002f84       0x60 ./Drivers/STM32F4xx_HAL_Driver/Src/stm32f4xx_hal.o
                0x08002f84                HAL_InitTick
 .text.HAL_IncTick
                0x08002fe4       0x28 ./Drivers/STM32F4xx_HAL_Driver/Src/stm32f4xx_hal.o
                0x08002fe4                HAL_IncTick
 .text.HAL_GetTick
                0x0800300c       0x18 ./Drivers/STM32F4xx_HAL_Driver/Src/stm32f4xx_hal.o
                0x0800300c                HAL_GetTick
 .text.HAL_Delay
                0x08003024       0x48 ./Drivers/STM32F4xx_HAL_Driver/Src/stm32f4xx_hal.o
                0x08003024                HAL_Delay
 .text.__NVIC_SetPriorityGrouping
                0x0800306c       0x48 ./Drivers/STM32F4xx_HAL_Driver/Src/stm32f4xx_hal_cortex.o
 .text.__NVIC_GetPriorityGrouping
                0x080030b4       0x1c ./Drivers/STM32F4xx_HAL_Driver/Src/stm32f4xx_hal_cortex.o
 .text.__NVIC_EnableIRQ
                0x080030d0       0x3c ./Drivers/STM32F4xx_HAL_Driver/Src/stm32f4xx_hal_cortex.o
 .text.__NVIC_SetPriority
                0x0800310c       0x54 ./Drivers/STM32F4xx_HAL_Driver/Src/stm32f4xx_hal_cortex.o
 .text.NVIC_EncodePriority
                0x08003160       0x66 ./Drivers/STM32F4xx_HAL_Driver/Src/stm32f4xx_hal_cortex.o
 *fill*         0x080031c6        0x2 
 .text.SysTick_Config
                0x080031c8       0x44 ./Drivers/STM32F4xx_HAL_Driver/Src/stm32f4xx_hal_cortex.o
 .text.HAL_NVIC_SetPriorityGrouping
                0x0800320c       0x16 ./Drivers/STM32F4xx_HAL_Driver/Src/stm32f4xx_hal_cortex.o
                0x0800320c                HAL_NVIC_SetPriorityGrouping
 .text.HAL_NVIC_SetPriority
                0x08003222       0x38 ./Drivers/STM32F4xx_HAL_Driver/Src/stm32f4xx_hal_cortex.o
                0x08003222                HAL_NVIC_SetPriority
 .text.HAL_NVIC_EnableIRQ
                0x0800325a       0x1c ./Drivers/STM32F4xx_HAL_Driver/Src/stm32f4xx_hal_cortex.o
                0x0800325a                HAL_NVIC_EnableIRQ
 .text.HAL_SYSTICK_Config
                0x08003276       0x18 ./Drivers/STM32F4xx_HAL_Driver/Src/stm32f4xx_hal_cortex.o
                0x08003276                HAL_SYSTICK_Config
 .text.HAL_DMA_Abort
                0x0800328e       0xe0 ./Drivers/STM32F4xx_HAL_Driver/Src/stm32f4xx_hal_dma.o
                0x0800328e                HAL_DMA_Abort
 .text.HAL_DMA_Abort_IT
                0x0800336e       0x44 ./Drivers/STM32F4xx_HAL_Driver/Src/stm32f4xx_hal_dma.o
                0x0800336e                HAL_DMA_Abort_IT
 *fill*         0x080033b2        0x2 
 .text.HAL_GPIO_Init
                0x080033b4      0x338 ./Drivers/STM32F4xx_HAL_Driver/Src/stm32f4xx_hal_gpio.o
                0x080033b4                HAL_GPIO_Init
 .text.HAL_GPIO_ReadPin
                0x080036ec       0x30 ./Drivers/STM32F4xx_HAL_Driver/Src/stm32f4xx_hal_gpio.o
                0x080036ec                HAL_GPIO_ReadPin
 .text.HAL_GPIO_WritePin
                0x0800371c       0x32 ./Drivers/STM32F4xx_HAL_Driver/Src/stm32f4xx_hal_gpio.o
                0x0800371c                HAL_GPIO_WritePin
 *fill*         0x0800374e        0x2 
 .text.HAL_GPIO_EXTI_IRQHandler
                0x08003750       0x30 ./Drivers/STM32F4xx_HAL_Driver/Src/stm32f4xx_hal_gpio.o
                0x08003750                HAL_GPIO_EXTI_IRQHandler
 .text.HAL_RCC_OscConfig
                0x08003780      0x4f0 ./Drivers/STM32F4xx_HAL_Driver/Src/stm32f4xx_hal_rcc.o
                0x08003780                HAL_RCC_OscConfig
 .text.HAL_RCC_ClockConfig
                0x08003c70      0x1cc ./Drivers/STM32F4xx_HAL_Driver/Src/stm32f4xx_hal_rcc.o
                0x08003c70                HAL_RCC_ClockConfig
 .text.HAL_RCC_GetSysClockFreq
                0x08003e3c      0x20c ./Drivers/STM32F4xx_HAL_Driver/Src/stm32f4xx_hal_rcc.o
                0x08003e3c                HAL_RCC_GetSysClockFreq
 .text.HAL_RCC_GetHCLKFreq
                0x08004048       0x18 ./Drivers/STM32F4xx_HAL_Driver/Src/stm32f4xx_hal_rcc.o
                0x08004048                HAL_RCC_GetHCLKFreq
 .text.HAL_RCC_GetPCLK1Freq
                0x08004060       0x28 ./Drivers/STM32F4xx_HAL_Driver/Src/stm32f4xx_hal_rcc.o
                0x08004060                HAL_RCC_GetPCLK1Freq
 .text.HAL_RCC_GetPCLK2Freq
                0x08004088       0x28 ./Drivers/STM32F4xx_HAL_Driver/Src/stm32f4xx_hal_rcc.o
                0x08004088                HAL_RCC_GetPCLK2Freq
 .text.HAL_TIM_Base_Init
                0x080040b0       0x9e ./Drivers/STM32F4xx_HAL_Driver/Src/stm32f4xx_hal_tim.o
                0x080040b0                HAL_TIM_Base_Init
 *fill*         0x0800414e        0x2 
 .text.HAL_TIM_Base_Start_IT
                0x08004150       0xe0 ./Drivers/STM32F4xx_HAL_Driver/Src/stm32f4xx_hal_tim.o
                0x08004150                HAL_TIM_Base_Start_IT
 .text.HAL_TIM_PWM_Init
                0x08004230       0x9e ./Drivers/STM32F4xx_HAL_Driver/Src/stm32f4xx_hal_tim.o
                0x08004230                HAL_TIM_PWM_Init
 .text.HAL_TIM_PWM_MspInit
                0x080042ce       0x14 ./Drivers/STM32F4xx_HAL_Driver/Src/stm32f4xx_hal_tim.o
                0x080042ce                HAL_TIM_PWM_MspInit
 *fill*         0x080042e2        0x2 
 .text.HAL_TIM_PWM_Start
                0x080042e4      0x190 ./Drivers/STM32F4xx_HAL_Driver/Src/stm32f4xx_hal_tim.o
                0x080042e4                HAL_TIM_PWM_Start
 .text.HAL_TIM_PWM_Stop
                0x08004474       0xe0 ./Drivers/STM32F4xx_HAL_Driver/Src/stm32f4xx_hal_tim.o
                0x08004474                HAL_TIM_PWM_Stop
 .text.HAL_TIM_IRQHandler
                0x08004554      0x1e0 ./Drivers/STM32F4xx_HAL_Driver/Src/stm32f4xx_hal_tim.o
                0x08004554                HAL_TIM_IRQHandler
 .text.HAL_TIM_PWM_ConfigChannel
                0x08004734      0x184 ./Drivers/STM32F4xx_HAL_Driver/Src/stm32f4xx_hal_tim.o
                0x08004734                HAL_TIM_PWM_ConfigChannel
 .text.HAL_TIM_ConfigClockSource
                0x080048b8      0x18e ./Drivers/STM32F4xx_HAL_Driver/Src/stm32f4xx_hal_tim.o
                0x080048b8                HAL_TIM_ConfigClockSource
 .text.HAL_TIM_OC_DelayElapsedCallback
                0x08004a46       0x14 ./Drivers/STM32F4xx_HAL_Driver/Src/stm32f4xx_hal_tim.o
                0x08004a46                HAL_TIM_OC_DelayElapsedCallback
 .text.HAL_TIM_IC_CaptureCallback
                0x08004a5a       0x14 ./Drivers/STM32F4xx_HAL_Driver/Src/stm32f4xx_hal_tim.o
                0x08004a5a                HAL_TIM_IC_CaptureCallback
 .text.HAL_TIM_PWM_PulseFinishedCallback
                0x08004a6e       0x14 ./Drivers/STM32F4xx_HAL_Driver/Src/stm32f4xx_hal_tim.o
                0x08004a6e                HAL_TIM_PWM_PulseFinishedCallback
 .text.HAL_TIM_TriggerCallback
                0x08004a82       0x14 ./Drivers/STM32F4xx_HAL_Driver/Src/stm32f4xx_hal_tim.o
                0x08004a82                HAL_TIM_TriggerCallback
 *fill*         0x08004a96        0x2 
 .text.TIM_Base_SetConfig
                0x08004a98      0x158 ./Drivers/STM32F4xx_HAL_Driver/Src/stm32f4xx_hal_tim.o
                0x08004a98                TIM_Base_SetConfig
 .text.TIM_OC1_SetConfig
                0x08004bf0       0xe0 ./Drivers/STM32F4xx_HAL_Driver/Src/stm32f4xx_hal_tim.o
 .text.TIM_OC2_SetConfig
                0x08004cd0       0xec ./Drivers/STM32F4xx_HAL_Driver/Src/stm32f4xx_hal_tim.o
                0x08004cd0                TIM_OC2_SetConfig
 .text.TIM_OC3_SetConfig
                0x08004dbc       0xe8 ./Drivers/STM32F4xx_HAL_Driver/Src/stm32f4xx_hal_tim.o
 .text.TIM_OC4_SetConfig
                0x08004ea4       0xac ./Drivers/STM32F4xx_HAL_Driver/Src/stm32f4xx_hal_tim.o
 .text.TIM_TI1_ConfigInputStage
                0x08004f50       0x5e ./Drivers/STM32F4xx_HAL_Driver/Src/stm32f4xx_hal_tim.o
 .text.TIM_TI2_ConfigInputStage
                0x08004fae       0x60 ./Drivers/STM32F4xx_HAL_Driver/Src/stm32f4xx_hal_tim.o
 .text.TIM_ITRx_SetConfig
                0x0800500e       0x36 ./Drivers/STM32F4xx_HAL_Driver/Src/stm32f4xx_hal_tim.o
 .text.TIM_ETR_SetConfig
                0x08005044       0x40 ./Drivers/STM32F4xx_HAL_Driver/Src/stm32f4xx_hal_tim.o
                0x08005044                TIM_ETR_SetConfig
 .text.TIM_CCxChannelCmd
                0x08005084       0x4a ./Drivers/STM32F4xx_HAL_Driver/Src/stm32f4xx_hal_tim.o
                0x08005084                TIM_CCxChannelCmd
 *fill*         0x080050ce        0x2 
 .text.HAL_TIMEx_MasterConfigSynchronization
                0x080050d0       0xf8 ./Drivers/STM32F4xx_HAL_Driver/Src/stm32f4xx_hal_tim_ex.o
                0x080050d0                HAL_TIMEx_MasterConfigSynchronization
 .text.HAL_TIMEx_CommutCallback
                0x080051c8       0x14 ./Drivers/STM32F4xx_HAL_Driver/Src/stm32f4xx_hal_tim_ex.o
                0x080051c8                HAL_TIMEx_CommutCallback
 .text.HAL_TIMEx_BreakCallback
                0x080051dc       0x14 ./Drivers/STM32F4xx_HAL_Driver/Src/stm32f4xx_hal_tim_ex.o
                0x080051dc                HAL_TIMEx_BreakCallback
 .text.HAL_UART_Init
                0x080051f0       0xa0 ./Drivers/STM32F4xx_HAL_Driver/Src/stm32f4xx_hal_uart.o
                0x080051f0                HAL_UART_Init
 .text.HAL_UART_IRQHandler
                0x08005290      0x524 ./Drivers/STM32F4xx_HAL_Driver/Src/stm32f4xx_hal_uart.o
                0x08005290                HAL_UART_IRQHandler
 .text.HAL_UART_TxCpltCallback
                0x080057b4       0x14 ./Drivers/STM32F4xx_HAL_Driver/Src/stm32f4xx_hal_uart.o
                0x080057b4                HAL_UART_TxCpltCallback
 .text.HAL_UART_RxCpltCallback
                0x080057c8       0x14 ./Drivers/STM32F4xx_HAL_Driver/Src/stm32f4xx_hal_uart.o
                0x080057c8                HAL_UART_RxCpltCallback
 .text.HAL_UART_ErrorCallback
                0x080057dc       0x14 ./Drivers/STM32F4xx_HAL_Driver/Src/stm32f4xx_hal_uart.o
                0x080057dc                HAL_UART_ErrorCallback
 .text.HAL_UARTEx_RxEventCallback
                0x080057f0       0x18 ./Drivers/STM32F4xx_HAL_Driver/Src/stm32f4xx_hal_uart.o
                0x080057f0                HAL_UARTEx_RxEventCallback
 .text.UART_EndRxTransfer
                0x08005808       0xc6 ./Drivers/STM32F4xx_HAL_Driver/Src/stm32f4xx_hal_uart.o
 .text.UART_DMAAbortOnError
                0x080058ce       0x28 ./Drivers/STM32F4xx_HAL_Driver/Src/stm32f4xx_hal_uart.o
 .text.UART_Transmit_IT
                0x080058f6       0xa0 ./Drivers/STM32F4xx_HAL_Driver/Src/stm32f4xx_hal_uart.o
 .text.UART_EndTransmit_IT
                0x08005996       0x30 ./Drivers/STM32F4xx_HAL_Driver/Src/stm32f4xx_hal_uart.o
 .text.UART_Receive_IT
                0x080059c6      0x17c ./Drivers/STM32F4xx_HAL_Driver/Src/stm32f4xx_hal_uart.o
 *fill*         0x08005b42        0x2 
 .text.UART_SetConfig
                0x08005b44      0x4e8 ./Drivers/STM32F4xx_HAL_Driver/Src/stm32f4xx_hal_uart.o
 .text.sprintf  0x0800602c       0x40 C:/ST/STM32CubeIDE_1.16.0/STM32CubeIDE/plugins/com.st.stm32cube.ide.mcu.externaltools.gnu-tools-for-stm32.12.3.rel1.win32_1.0.200.202406191623/tools/bin/../lib/gcc/arm-none-eabi/12.3.1/../../../../arm-none-eabi/lib/thumb/v7e-m+fp/hard\libc_nano.a(libc_a-sprintf.o)
                0x0800602c                siprintf
                0x0800602c                sprintf
 .text.memset   0x0800606c       0x10 C:/ST/STM32CubeIDE_1.16.0/STM32CubeIDE/plugins/com.st.stm32cube.ide.mcu.externaltools.gnu-tools-for-stm32.12.3.rel1.win32_1.0.200.202406191623/tools/bin/../lib/gcc/arm-none-eabi/12.3.1/../../../../arm-none-eabi/lib/thumb/v7e-m+fp/hard\libc_nano.a(libc_a-memset.o)
                0x0800606c                memset
 .text.__errno  0x0800607c        0xc C:/ST/STM32CubeIDE_1.16.0/STM32CubeIDE/plugins/com.st.stm32cube.ide.mcu.externaltools.gnu-tools-for-stm32.12.3.rel1.win32_1.0.200.202406191623/tools/bin/../lib/gcc/arm-none-eabi/12.3.1/../../../../arm-none-eabi/lib/thumb/v7e-m+fp/hard\libc_nano.a(libc_a-errno.o)
                0x0800607c                __errno
 .text.__libc_init_array
                0x08006088       0x48 C:/ST/STM32CubeIDE_1.16.0/STM32CubeIDE/plugins/com.st.stm32cube.ide.mcu.externaltools.gnu-tools-for-stm32.12.3.rel1.win32_1.0.200.202406191623/tools/bin/../lib/gcc/arm-none-eabi/12.3.1/../../../../arm-none-eabi/lib/thumb/v7e-m+fp/hard\libc_nano.a(libc_a-init.o)
                0x08006088                __libc_init_array
 .text.__retarget_lock_acquire_recursive
                0x080060d0        0x2 C:/ST/STM32CubeIDE_1.16.0/STM32CubeIDE/plugins/com.st.stm32cube.ide.mcu.externaltools.gnu-tools-for-stm32.12.3.rel1.win32_1.0.200.202406191623/tools/bin/../lib/gcc/arm-none-eabi/12.3.1/../../../../arm-none-eabi/lib/thumb/v7e-m+fp/hard\libc_nano.a(libc_a-lock.o)
                0x080060d0                __retarget_lock_acquire_recursive
 .text.__retarget_lock_release_recursive
                0x080060d2        0x2 C:/ST/STM32CubeIDE_1.16.0/STM32CubeIDE/plugins/com.st.stm32cube.ide.mcu.externaltools.gnu-tools-for-stm32.12.3.rel1.win32_1.0.200.202406191623/tools/bin/../lib/gcc/arm-none-eabi/12.3.1/../../../../arm-none-eabi/lib/thumb/v7e-m+fp/hard\libc_nano.a(libc_a-lock.o)
                0x080060d2                __retarget_lock_release_recursive
 .text._free_r  0x080060d4       0x94 C:/ST/STM32CubeIDE_1.16.0/STM32CubeIDE/plugins/com.st.stm32cube.ide.mcu.externaltools.gnu-tools-for-stm32.12.3.rel1.win32_1.0.200.202406191623/tools/bin/../lib/gcc/arm-none-eabi/12.3.1/../../../../arm-none-eabi/lib/thumb/v7e-m+fp/hard\libc_nano.a(libc_a-freer.o)
                0x080060d4                _free_r
 .text.sbrk_aligned
                0x08006168       0x44 C:/ST/STM32CubeIDE_1.16.0/STM32CubeIDE/plugins/com.st.stm32cube.ide.mcu.externaltools.gnu-tools-for-stm32.12.3.rel1.win32_1.0.200.202406191623/tools/bin/../lib/gcc/arm-none-eabi/12.3.1/../../../../arm-none-eabi/lib/thumb/v7e-m+fp/hard\libc_nano.a(libc_a-mallocr.o)
 .text._malloc_r
                0x080061ac      0x100 C:/ST/STM32CubeIDE_1.16.0/STM32CubeIDE/plugins/com.st.stm32cube.ide.mcu.externaltools.gnu-tools-for-stm32.12.3.rel1.win32_1.0.200.202406191623/tools/bin/../lib/gcc/arm-none-eabi/12.3.1/../../../../arm-none-eabi/lib/thumb/v7e-m+fp/hard\libc_nano.a(libc_a-mallocr.o)
                0x080061ac                _malloc_r
 .text.__malloc_lock
                0x080062ac        0xc C:/ST/STM32CubeIDE_1.16.0/STM32CubeIDE/plugins/com.st.stm32cube.ide.mcu.externaltools.gnu-tools-for-stm32.12.3.rel1.win32_1.0.200.202406191623/tools/bin/../lib/gcc/arm-none-eabi/12.3.1/../../../../arm-none-eabi/lib/thumb/v7e-m+fp/hard\libc_nano.a(libc_a-mlock.o)
                0x080062ac                __malloc_lock
 .text.__malloc_unlock
                0x080062b8        0xc C:/ST/STM32CubeIDE_1.16.0/STM32CubeIDE/plugins/com.st.stm32cube.ide.mcu.externaltools.gnu-tools-for-stm32.12.3.rel1.win32_1.0.200.202406191623/tools/bin/../lib/gcc/arm-none-eabi/12.3.1/../../../../arm-none-eabi/lib/thumb/v7e-m+fp/hard\libc_nano.a(libc_a-mlock.o)
                0x080062b8                __malloc_unlock
 .text.__ssputs_r
                0x080062c4       0xb6 C:/ST/STM32CubeIDE_1.16.0/STM32CubeIDE/plugins/com.st.stm32cube.ide.mcu.externaltools.gnu-tools-for-stm32.12.3.rel1.win32_1.0.200.202406191623/tools/bin/../lib/gcc/arm-none-eabi/12.3.1/../../../../arm-none-eabi/lib/thumb/v7e-m+fp/hard\libc_nano.a(libc_a-nano-svfprintf.o)
                0x080062c4                __ssputs_r
 *fill*         0x0800637a        0x2 
 .text._svfprintf_r
                0x0800637c      0x1f8 C:/ST/STM32CubeIDE_1.16.0/STM32CubeIDE/plugins/com.st.stm32cube.ide.mcu.externaltools.gnu-tools-for-stm32.12.3.rel1.win32_1.0.200.202406191623/tools/bin/../lib/gcc/arm-none-eabi/12.3.1/../../../../arm-none-eabi/lib/thumb/v7e-m+fp/hard\libc_nano.a(libc_a-nano-svfprintf.o)
                0x0800637c                _svfiprintf_r
                0x0800637c                _svfprintf_r
 .text._printf_common
                0x08006574       0xda C:/ST/STM32CubeIDE_1.16.0/STM32CubeIDE/plugins/com.st.stm32cube.ide.mcu.externaltools.gnu-tools-for-stm32.12.3.rel1.win32_1.0.200.202406191623/tools/bin/../lib/gcc/arm-none-eabi/12.3.1/../../../../arm-none-eabi/lib/thumb/v7e-m+fp/hard\libc_nano.a(libc_a-nano-vfprintf_i.o)
                0x08006574                _printf_common
 *fill*         0x0800664e        0x2 
 .text._printf_i
                0x08006650      0x240 C:/ST/STM32CubeIDE_1.16.0/STM32CubeIDE/plugins/com.st.stm32cube.ide.mcu.externaltools.gnu-tools-for-stm32.12.3.rel1.win32_1.0.200.202406191623/tools/bin/../lib/gcc/arm-none-eabi/12.3.1/../../../../arm-none-eabi/lib/thumb/v7e-m+fp/hard\libc_nano.a(libc_a-nano-vfprintf_i.o)
                0x08006650                _printf_i
 .text.memmove  0x08006890       0x34 C:/ST/STM32CubeIDE_1.16.0/STM32CubeIDE/plugins/com.st.stm32cube.ide.mcu.externaltools.gnu-tools-for-stm32.12.3.rel1.win32_1.0.200.202406191623/tools/bin/../lib/gcc/arm-none-eabi/12.3.1/../../../../arm-none-eabi/lib/thumb/v7e-m+fp/hard\libc_nano.a(libc_a-memmove.o)
                0x08006890                memmove
 .text._sbrk_r  0x080068c4       0x20 C:/ST/STM32CubeIDE_1.16.0/STM32CubeIDE/plugins/com.st.stm32cube.ide.mcu.externaltools.gnu-tools-for-stm32.12.3.rel1.win32_1.0.200.202406191623/tools/bin/../lib/gcc/arm-none-eabi/12.3.1/../../../../arm-none-eabi/lib/thumb/v7e-m+fp/hard\libc_nano.a(libc_a-sbrkr.o)
                0x080068c4                _sbrk_r
 .text.memcpy   0x080068e4       0x1c C:/ST/STM32CubeIDE_1.16.0/STM32CubeIDE/plugins/com.st.stm32cube.ide.mcu.externaltools.gnu-tools-for-stm32.12.3.rel1.win32_1.0.200.202406191623/tools/bin/../lib/gcc/arm-none-eabi/12.3.1/../../../../arm-none-eabi/lib/thumb/v7e-m+fp/hard\libc_nano.a(libc_a-memcpy-stub.o)
                0x080068e4                memcpy
 .text._realloc_r
                0x08006900       0x5c C:/ST/STM32CubeIDE_1.16.0/STM32CubeIDE/plugins/com.st.stm32cube.ide.mcu.externaltools.gnu-tools-for-stm32.12.3.rel1.win32_1.0.200.202406191623/tools/bin/../lib/gcc/arm-none-eabi/12.3.1/../../../../arm-none-eabi/lib/thumb/v7e-m+fp/hard\libc_nano.a(libc_a-reallocr.o)
                0x08006900                _realloc_r
 .text._malloc_usable_size_r
                0x0800695c       0x10 C:/ST/STM32CubeIDE_1.16.0/STM32CubeIDE/plugins/com.st.stm32cube.ide.mcu.externaltools.gnu-tools-for-stm32.12.3.rel1.win32_1.0.200.202406191623/tools/bin/../lib/gcc/arm-none-eabi/12.3.1/../../../../arm-none-eabi/lib/thumb/v7e-m+fp/hard\libc_nano.a(libc_a-msizer.o)
                0x0800695c                _malloc_usable_size_r
 *(.glue_7)
 .glue_7        0x0800696c        0x0 linker stubs
 *(.glue_7t)
 .glue_7t       0x0800696c        0x0 linker stubs
 *(.eh_frame)
 .eh_frame      0x0800696c        0x0 C:/ST/STM32CubeIDE_1.16.0/STM32CubeIDE/plugins/com.st.stm32cube.ide.mcu.externaltools.gnu-tools-for-stm32.12.3.rel1.win32_1.0.200.202406191623/tools/bin/../lib/gcc/arm-none-eabi/12.3.1/thumb/v7e-m+fp/hard/crtbegin.o
 *(.init)
 .init          0x0800696c        0x4 C:/ST/STM32CubeIDE_1.16.0/STM32CubeIDE/plugins/com.st.stm32cube.ide.mcu.externaltools.gnu-tools-for-stm32.12.3.rel1.win32_1.0.200.202406191623/tools/bin/../lib/gcc/arm-none-eabi/12.3.1/thumb/v7e-m+fp/hard/crti.o
                0x0800696c                _init
 .init          0x08006970        0x8 C:/ST/STM32CubeIDE_1.16.0/STM32CubeIDE/plugins/com.st.stm32cube.ide.mcu.externaltools.gnu-tools-for-stm32.12.3.rel1.win32_1.0.200.202406191623/tools/bin/../lib/gcc/arm-none-eabi/12.3.1/thumb/v7e-m+fp/hard/crtn.o
 *(.fini)
 .fini          0x08006978        0x4 C:/ST/STM32CubeIDE_1.16.0/STM32CubeIDE/plugins/com.st.stm32cube.ide.mcu.externaltools.gnu-tools-for-stm32.12.3.rel1.win32_1.0.200.202406191623/tools/bin/../lib/gcc/arm-none-eabi/12.3.1/thumb/v7e-m+fp/hard/crti.o
                0x08006978                _fini
 .fini          0x0800697c        0x8 C:/ST/STM32CubeIDE_1.16.0/STM32CubeIDE/plugins/com.st.stm32cube.ide.mcu.externaltools.gnu-tools-for-stm32.12.3.rel1.win32_1.0.200.202406191623/tools/bin/../lib/gcc/arm-none-eabi/12.3.1/thumb/v7e-m+fp/hard/crtn.o
                0x08006984                        . = ALIGN (0x4)
                0x08006984                        _etext = .

.vfp11_veneer   0x08006984        0x0
 .vfp11_veneer  0x08006984        0x0 linker stubs

.v4_bx          0x08006984        0x0
 .v4_bx         0x08006984        0x0 linker stubs

.iplt           0x08006984        0x0
 .iplt          0x08006984        0x0 C:/ST/STM32CubeIDE_1.16.0/STM32CubeIDE/plugins/com.st.stm32cube.ide.mcu.externaltools.gnu-tools-for-stm32.12.3.rel1.win32_1.0.200.202406191623/tools/bin/../lib/gcc/arm-none-eabi/12.3.1/thumb/v7e-m+fp/hard/crtbegin.o

.rodata         0x08006984      0x11c
                0x08006984                        . = ALIGN (0x4)
 *(.rodata)
 .rodata        0x08006984       0xcf ./Core/Src/watch.o
 *(.rodata*)
 *fill*         0x08006a53        0x1 
 .rodata.AHBPrescTable
                0x08006a54       0x10 ./Core/Src/system_stm32f4xx.o
                0x08006a54                AHBPrescTable
 .rodata.APBPrescTable
                0x08006a64        0x8 ./Core/Src/system_stm32f4xx.o
                0x08006a64                APBPrescTable
 .rodata._svfprintf_r.str1.1
                0x08006a6c       0x11 C:/ST/STM32CubeIDE_1.16.0/STM32CubeIDE/plugins/com.st.stm32cube.ide.mcu.externaltools.gnu-tools-for-stm32.12.3.rel1.win32_1.0.200.202406191623/tools/bin/../lib/gcc/arm-none-eabi/12.3.1/../../../../arm-none-eabi/lib/thumb/v7e-m+fp/hard\libc_nano.a(libc_a-nano-svfprintf.o)
 .rodata._printf_i.str1.1
                0x08006a7d       0x22 C:/ST/STM32CubeIDE_1.16.0/STM32CubeIDE/plugins/com.st.stm32cube.ide.mcu.externaltools.gnu-tools-for-stm32.12.3.rel1.win32_1.0.200.202406191623/tools/bin/../lib/gcc/arm-none-eabi/12.3.1/../../../../arm-none-eabi/lib/thumb/v7e-m+fp/hard\libc_nano.a(libc_a-nano-vfprintf_i.o)
                0x08006aa0                        . = ALIGN (0x4)
 *fill*         0x08006a9f        0x1 

.ARM.extab      0x08006aa0        0x0
                0x08006aa0                        . = ALIGN (0x4)
 *(.ARM.extab* .gnu.linkonce.armextab.*)
                0x08006aa0                        . = ALIGN (0x4)

.ARM            0x08006aa0        0x8
                0x08006aa0                        . = ALIGN (0x4)
                0x08006aa0                        __exidx_start = .
 *(.ARM.exidx*)
 .ARM.exidx     0x08006aa0        0x8 C:/ST/STM32CubeIDE_1.16.0/STM32CubeIDE/plugins/com.st.stm32cube.ide.mcu.externaltools.gnu-tools-for-stm32.12.3.rel1.win32_1.0.200.202406191623/tools/bin/../lib/gcc/arm-none-eabi/12.3.1/../../../../arm-none-eabi/lib/thumb/v7e-m+fp/hard\libc_nano.a(libc_a-memchr.o)
 .ARM.exidx     0x08006aa8        0x0 C:/ST/STM32CubeIDE_1.16.0/STM32CubeIDE/plugins/com.st.stm32cube.ide.mcu.externaltools.gnu-tools-for-stm32.12.3.rel1.win32_1.0.200.202406191623/tools/bin/../lib/gcc/arm-none-eabi/12.3.1/thumb/v7e-m+fp/hard\libgcc.a(_udivmoddi4.o)
                                  0x8 (size before relaxing)
                0x08006aa8                        __exidx_end = .
                0x08006aa8                        . = ALIGN (0x4)

.preinit_array  0x08006aa8        0x0
                0x08006aa8                        . = ALIGN (0x4)
                0x08006aa8                        PROVIDE (__preinit_array_start = .)
 *(.preinit_array*)
                0x08006aa8                        PROVIDE (__preinit_array_end = .)
                0x08006aa8                        . = ALIGN (0x4)

.init_array     0x08006aa8        0x4
                0x08006aa8                        . = ALIGN (0x4)
                0x08006aa8                        PROVIDE (__init_array_start = .)
 *(SORT_BY_NAME(.init_array.*))
 *(.init_array*)
 .init_array    0x08006aa8        0x4 C:/ST/STM32CubeIDE_1.16.0/STM32CubeIDE/plugins/com.st.stm32cube.ide.mcu.externaltools.gnu-tools-for-stm32.12.3.rel1.win32_1.0.200.202406191623/tools/bin/../lib/gcc/arm-none-eabi/12.3.1/thumb/v7e-m+fp/hard/crtbegin.o
                0x08006aac                        PROVIDE (__init_array_end = .)
                0x08006aac                        . = ALIGN (0x4)

.fini_array     0x08006aac        0x4
                0x08006aac                        . = ALIGN (0x4)
                [!provide]                        PROVIDE (__fini_array_start = .)
 *(SORT_BY_NAME(.fini_array.*))
 *(.fini_array*)
 .fini_array    0x08006aac        0x4 C:/ST/STM32CubeIDE_1.16.0/STM32CubeIDE/plugins/com.st.stm32cube.ide.mcu.externaltools.gnu-tools-for-stm32.12.3.rel1.win32_1.0.200.202406191623/tools/bin/../lib/gcc/arm-none-eabi/12.3.1/thumb/v7e-m+fp/hard/crtbegin.o
                [!provide]                        PROVIDE (__fini_array_end = .)
                0x08006ab0                        . = ALIGN (0x4)
                0x08006ab0                        _sidata = LOADADDR (.data)

.rel.dyn        0x08006ab0        0x0
 .rel.iplt      0x08006ab0        0x0 C:/ST/STM32CubeIDE_1.16.0/STM32CubeIDE/plugins/com.st.stm32cube.ide.mcu.externaltools.gnu-tools-for-stm32.12.3.rel1.win32_1.0.200.202406191623/tools/bin/../lib/gcc/arm-none-eabi/12.3.1/thumb/v7e-m+fp/hard/crtbegin.o

.data           0x20000000       0x7c load address 0x08006ab0
                0x20000000                        . = ALIGN (0x4)
                0x20000000                        _sdata = .
 *(.data)
 *(.data*)
 .data.clcd     0x20000000       0x20 ./Core/Src/CLCD.o
                0x20000000                clcd
 .data.SystemCoreClock
                0x20000020        0x4 ./Core/Src/system_stm32f4xx.o
                0x20000020                SystemCoreClock
 .data.uwTickPrio
                0x20000024        0x4 ./Drivers/STM32F4xx_HAL_Driver/Src/stm32f4xx_hal.o
                0x20000024                uwTickPrio
 .data.uwTickFreq
                0x20000028        0x1 ./Drivers/STM32F4xx_HAL_Driver/Src/stm32f4xx_hal.o
                0x20000028                uwTickFreq
 *fill*         0x20000029        0x3 
 .data._impure_ptr
                0x2000002c        0x4 C:/ST/STM32CubeIDE_1.16.0/STM32CubeIDE/plugins/com.st.stm32cube.ide.mcu.externaltools.gnu-tools-for-stm32.12.3.rel1.win32_1.0.200.202406191623/tools/bin/../lib/gcc/arm-none-eabi/12.3.1/../../../../arm-none-eabi/lib/thumb/v7e-m+fp/hard\libc_nano.a(libc_a-impure.o)
                0x2000002c                _impure_ptr
 .data._impure_data
                0x20000030       0x4c C:/ST/STM32CubeIDE_1.16.0/STM32CubeIDE/plugins/com.st.stm32cube.ide.mcu.externaltools.gnu-tools-for-stm32.12.3.rel1.win32_1.0.200.202406191623/tools/bin/../lib/gcc/arm-none-eabi/12.3.1/../../../../arm-none-eabi/lib/thumb/v7e-m+fp/hard\libc_nano.a(libc_a-impure.o)
                0x20000030                _impure_data
 *(.RamFunc)
 *(.RamFunc*)
                0x2000007c                        . = ALIGN (0x4)
                0x2000007c                        _edata = .
                0x08006b2c                        _siccmram = LOADADDR (.ccmram)

.igot.plt       0x2000007c        0x0 load address 0x08006b2c
 .igot.plt      0x2000007c        0x0 C:/ST/STM32CubeIDE_1.16.0/STM32CubeIDE/plugins/com.st.stm32cube.ide.mcu.externaltools.gnu-tools-for-stm32.12.3.rel1.win32_1.0.200.202406191623/tools/bin/../lib/gcc/arm-none-eabi/12.3.1/thumb/v7e-m+fp/hard/crtbegin.o

.ccmram         0x10000000        0x0 load address 0x08006b2c
                0x10000000                        . = ALIGN (0x4)
                0x10000000                        _sccmram = .
 *(.ccmram)
 *(.ccmram*)
                0x10000000                        . = ALIGN (0x4)
                0x10000000                        _eccmram = .
                0x10000000                        . = ALIGN (0x4)

.bss            0x2000007c      0x2c0
                0x2000007c                        _sbss = .
                0x2000007c                        __bss_start__ = _sbss
 *(.bss)
 .bss           0x2000007c       0x1c C:/ST/STM32CubeIDE_1.16.0/STM32CubeIDE/plugins/com.st.stm32cube.ide.mcu.externaltools.gnu-tools-for-stm32.12.3.rel1.win32_1.0.200.202406191623/tools/bin/../lib/gcc/arm-none-eabi/12.3.1/thumb/v7e-m+fp/hard/crtbegin.o
 *(.bss*)
 .bss.Btn1      0x20000098        0xc ./Core/Src/btn.o
                0x20000098                Btn1
 .bss.Btn2      0x200000a4        0xc ./Core/Src/btn.o
                0x200000a4                Btn2
 .bss.Btn3      0x200000b0        0xc ./Core/Src/btn.o
                0x200000b0                Btn3
 .bss.Btn4      0x200000bc        0xc ./Core/Src/btn.o
                0x200000bc                Btn4
 .bss.Buz1      0x200000c8        0x8 ./Core/Src/buzzer.o
                0x200000c8                Buz1
 .bss.mode      0x200000d0        0x1 ./Core/Src/main.o
                0x200000d0                mode
 .bss.BuzLock   0x200000d1        0x1 ./Core/Src/main.o
                0x200000d1                BuzLock
 *fill*         0x200000d2        0x2 
 .bss.__sbrk_heap_end
                0x200000d4        0x4 ./Core/Src/sysmem.o
 .bss.htim2     0x200000d8       0x48 ./Core/Src/tim.o
                0x200000d8                htim2
 .bss.htim6     0x20000120       0x48 ./Core/Src/tim.o
                0x20000120                htim6
 .bss.huart3    0x20000168       0x48 ./Core/Src/usart.o
                0x20000168                huart3
 .bss.watch     0x200001b0       0x20 ./Core/Src/watch.o
                0x200001b0                watch
 .bss.watchConfig
                0x200001d0       0x20 ./Core/Src/watch.o
                0x200001d0                watchConfig
 .bss.uwTick    0x200001f0        0x4 ./Drivers/STM32F4xx_HAL_Driver/Src/stm32f4xx_hal.o
                0x200001f0                uwTick
 .bss.__sf      0x200001f4      0x138 C:/ST/STM32CubeIDE_1.16.0/STM32CubeIDE/plugins/com.st.stm32cube.ide.mcu.externaltools.gnu-tools-for-stm32.12.3.rel1.win32_1.0.200.202406191623/tools/bin/../lib/gcc/arm-none-eabi/12.3.1/../../../../arm-none-eabi/lib/thumb/v7e-m+fp/hard\libc_nano.a(libc_a-findfp.o)
                0x200001f4                __sf
 .bss.errno     0x2000032c        0x4 C:/ST/STM32CubeIDE_1.16.0/STM32CubeIDE/plugins/com.st.stm32cube.ide.mcu.externaltools.gnu-tools-for-stm32.12.3.rel1.win32_1.0.200.202406191623/tools/bin/../lib/gcc/arm-none-eabi/12.3.1/../../../../arm-none-eabi/lib/thumb/v7e-m+fp/hard\libc_nano.a(libc_a-reent.o)
                0x2000032c                errno
 .bss.__lock___malloc_recursive_mutex
                0x20000330        0x1 C:/ST/STM32CubeIDE_1.16.0/STM32CubeIDE/plugins/com.st.stm32cube.ide.mcu.externaltools.gnu-tools-for-stm32.12.3.rel1.win32_1.0.200.202406191623/tools/bin/../lib/gcc/arm-none-eabi/12.3.1/../../../../arm-none-eabi/lib/thumb/v7e-m+fp/hard\libc_nano.a(libc_a-lock.o)
                0x20000330                __lock___malloc_recursive_mutex
 *fill*         0x20000331        0x3 
 .bss.__malloc_sbrk_start
                0x20000334        0x4 C:/ST/STM32CubeIDE_1.16.0/STM32CubeIDE/plugins/com.st.stm32cube.ide.mcu.externaltools.gnu-tools-for-stm32.12.3.rel1.win32_1.0.200.202406191623/tools/bin/../lib/gcc/arm-none-eabi/12.3.1/../../../../arm-none-eabi/lib/thumb/v7e-m+fp/hard\libc_nano.a(libc_a-mallocr.o)
                0x20000334                __malloc_sbrk_start
 .bss.__malloc_free_list
                0x20000338        0x4 C:/ST/STM32CubeIDE_1.16.0/STM32CubeIDE/plugins/com.st.stm32cube.ide.mcu.externaltools.gnu-tools-for-stm32.12.3.rel1.win32_1.0.200.202406191623/tools/bin/../lib/gcc/arm-none-eabi/12.3.1/../../../../arm-none-eabi/lib/thumb/v7e-m+fp/hard\libc_nano.a(libc_a-mallocr.o)
                0x20000338                __malloc_free_list
 *(COMMON)
                0x2000033c                        . = ALIGN (0x4)
                0x2000033c                        _ebss = .
                0x2000033c                        __bss_end__ = _ebss

._user_heap_stack
                0x2000033c      0x604
                0x20000340                        . = ALIGN (0x8)
 *fill*         0x2000033c        0x4 
                [!provide]                        PROVIDE (end = .)
                0x20000340                        PROVIDE (_end = .)
                0x20000540                        . = (. + _Min_Heap_Size)
 *fill*         0x20000340      0x200 
                0x20000940                        . = (. + _Min_Stack_Size)
 *fill*         0x20000540      0x400 
                0x20000940                        . = ALIGN (0x8)

/DISCARD/
 libc.a(*)
 libm.a(*)
 libgcc.a(*)

.ARM.attributes
                0x00000000       0x30
 *(.ARM.attributes)
 .ARM.attributes
                0x00000000       0x22 C:/ST/STM32CubeIDE_1.16.0/STM32CubeIDE/plugins/com.st.stm32cube.ide.mcu.externaltools.gnu-tools-for-stm32.12.3.rel1.win32_1.0.200.202406191623/tools/bin/../lib/gcc/arm-none-eabi/12.3.1/thumb/v7e-m+fp/hard/crti.o
 .ARM.attributes
                0x00000022       0x34 C:/ST/STM32CubeIDE_1.16.0/STM32CubeIDE/plugins/com.st.stm32cube.ide.mcu.externaltools.gnu-tools-for-stm32.12.3.rel1.win32_1.0.200.202406191623/tools/bin/../lib/gcc/arm-none-eabi/12.3.1/thumb/v7e-m+fp/hard/crtbegin.o
 .ARM.attributes
                0x00000056       0x34 ./Core/Src/7SEG.o
 .ARM.attributes
                0x0000008a       0x34 ./Core/Src/CLCD.o
 .ARM.attributes
                0x000000be       0x34 ./Core/Src/btn.o
 .ARM.attributes
                0x000000f2       0x34 ./Core/Src/buzzer.o
 .ARM.attributes
                0x00000126       0x34 ./Core/Src/gpio.o
 .ARM.attributes
                0x0000015a       0x34 ./Core/Src/main.o
 .ARM.attributes
                0x0000018e       0x34 ./Core/Src/stm32f4xx_hal_msp.o
 .ARM.attributes
                0x000001c2       0x34 ./Core/Src/stm32f4xx_it.o
 .ARM.attributes
                0x000001f6       0x34 ./Core/Src/sysmem.o
 .ARM.attributes
                0x0000022a       0x34 ./Core/Src/system_stm32f4xx.o
 .ARM.attributes
                0x0000025e       0x34 ./Core/Src/tim.o
 .ARM.attributes
                0x00000292       0x34 ./Core/Src/usart.o
 .ARM.attributes
                0x000002c6       0x34 ./Core/Src/watch.o
 .ARM.attributes
                0x000002fa       0x21 ./Core/Startup/startup_stm32f407vetx.o
 .ARM.attributes
                0x0000031b       0x34 ./Drivers/STM32F4xx_HAL_Driver/Src/stm32f4xx_hal.o
 .ARM.attributes
                0x0000034f       0x34 ./Drivers/STM32F4xx_HAL_Driver/Src/stm32f4xx_hal_cortex.o
 .ARM.attributes
                0x00000383       0x34 ./Drivers/STM32F4xx_HAL_Driver/Src/stm32f4xx_hal_dma.o
 .ARM.attributes
                0x000003b7       0x34 ./Drivers/STM32F4xx_HAL_Driver/Src/stm32f4xx_hal_gpio.o
 .ARM.attributes
                0x000003eb       0x34 ./Drivers/STM32F4xx_HAL_Driver/Src/stm32f4xx_hal_rcc.o
 .ARM.attributes
                0x0000041f       0x34 ./Drivers/STM32F4xx_HAL_Driver/Src/stm32f4xx_hal_tim.o
 .ARM.attributes
                0x00000453       0x34 ./Drivers/STM32F4xx_HAL_Driver/Src/stm32f4xx_hal_tim_ex.o
 .ARM.attributes
                0x00000487       0x34 ./Drivers/STM32F4xx_HAL_Driver/Src/stm32f4xx_hal_uart.o
 .ARM.attributes
                0x000004bb       0x34 C:/ST/STM32CubeIDE_1.16.0/STM32CubeIDE/plugins/com.st.stm32cube.ide.mcu.externaltools.gnu-tools-for-stm32.12.3.rel1.win32_1.0.200.202406191623/tools/bin/../lib/gcc/arm-none-eabi/12.3.1/../../../../arm-none-eabi/lib/thumb/v7e-m+fp/hard\libc_nano.a(libc_a-findfp.o)
 .ARM.attributes
                0x000004ef       0x34 C:/ST/STM32CubeIDE_1.16.0/STM32CubeIDE/plugins/com.st.stm32cube.ide.mcu.externaltools.gnu-tools-for-stm32.12.3.rel1.win32_1.0.200.202406191623/tools/bin/../lib/gcc/arm-none-eabi/12.3.1/../../../../arm-none-eabi/lib/thumb/v7e-m+fp/hard\libc_nano.a(libc_a-sprintf.o)
 .ARM.attributes
                0x00000523       0x34 C:/ST/STM32CubeIDE_1.16.0/STM32CubeIDE/plugins/com.st.stm32cube.ide.mcu.externaltools.gnu-tools-for-stm32.12.3.rel1.win32_1.0.200.202406191623/tools/bin/../lib/gcc/arm-none-eabi/12.3.1/../../../../arm-none-eabi/lib/thumb/v7e-m+fp/hard\libc_nano.a(libc_a-memset.o)
 .ARM.attributes
                0x00000557       0x34 C:/ST/STM32CubeIDE_1.16.0/STM32CubeIDE/plugins/com.st.stm32cube.ide.mcu.externaltools.gnu-tools-for-stm32.12.3.rel1.win32_1.0.200.202406191623/tools/bin/../lib/gcc/arm-none-eabi/12.3.1/../../../../arm-none-eabi/lib/thumb/v7e-m+fp/hard\libc_nano.a(libc_a-reent.o)
 .ARM.attributes
                0x0000058b       0x34 C:/ST/STM32CubeIDE_1.16.0/STM32CubeIDE/plugins/com.st.stm32cube.ide.mcu.externaltools.gnu-tools-for-stm32.12.3.rel1.win32_1.0.200.202406191623/tools/bin/../lib/gcc/arm-none-eabi/12.3.1/../../../../arm-none-eabi/lib/thumb/v7e-m+fp/hard\libc_nano.a(libc_a-impure.o)
 .ARM.attributes
                0x000005bf       0x34 C:/ST/STM32CubeIDE_1.16.0/STM32CubeIDE/plugins/com.st.stm32cube.ide.mcu.externaltools.gnu-tools-for-stm32.12.3.rel1.win32_1.0.200.202406191623/tools/bin/../lib/gcc/arm-none-eabi/12.3.1/../../../../arm-none-eabi/lib/thumb/v7e-m+fp/hard\libc_nano.a(libc_a-errno.o)
 .ARM.attributes
                0x000005f3       0x34 C:/ST/STM32CubeIDE_1.16.0/STM32CubeIDE/plugins/com.st.stm32cube.ide.mcu.externaltools.gnu-tools-for-stm32.12.3.rel1.win32_1.0.200.202406191623/tools/bin/../lib/gcc/arm-none-eabi/12.3.1/../../../../arm-none-eabi/lib/thumb/v7e-m+fp/hard\libc_nano.a(libc_a-init.o)
 .ARM.attributes
                0x00000627       0x34 C:/ST/STM32CubeIDE_1.16.0/STM32CubeIDE/plugins/com.st.stm32cube.ide.mcu.externaltools.gnu-tools-for-stm32.12.3.rel1.win32_1.0.200.202406191623/tools/bin/../lib/gcc/arm-none-eabi/12.3.1/../../../../arm-none-eabi/lib/thumb/v7e-m+fp/hard\libc_nano.a(libc_a-lock.o)
 .ARM.attributes
                0x0000065b       0x34 C:/ST/STM32CubeIDE_1.16.0/STM32CubeIDE/plugins/com.st.stm32cube.ide.mcu.externaltools.gnu-tools-for-stm32.12.3.rel1.win32_1.0.200.202406191623/tools/bin/../lib/gcc/arm-none-eabi/12.3.1/../../../../arm-none-eabi/lib/thumb/v7e-m+fp/hard\libc_nano.a(libc_a-freer.o)
 .ARM.attributes
                0x0000068f       0x34 C:/ST/STM32CubeIDE_1.16.0/STM32CubeIDE/plugins/com.st.stm32cube.ide.mcu.externaltools.gnu-tools-for-stm32.12.3.rel1.win32_1.0.200.202406191623/tools/bin/../lib/gcc/arm-none-eabi/12.3.1/../../../../arm-none-eabi/lib/thumb/v7e-m+fp/hard\libc_nano.a(libc_a-mallocr.o)
 .ARM.attributes
                0x000006c3       0x34 C:/ST/STM32CubeIDE_1.16.0/STM32CubeIDE/plugins/com.st.stm32cube.ide.mcu.externaltools.gnu-tools-for-stm32.12.3.rel1.win32_1.0.200.202406191623/tools/bin/../lib/gcc/arm-none-eabi/12.3.1/../../../../arm-none-eabi/lib/thumb/v7e-m+fp/hard\libc_nano.a(libc_a-mlock.o)
 .ARM.attributes
                0x000006f7       0x34 C:/ST/STM32CubeIDE_1.16.0/STM32CubeIDE/plugins/com.st.stm32cube.ide.mcu.externaltools.gnu-tools-for-stm32.12.3.rel1.win32_1.0.200.202406191623/tools/bin/../lib/gcc/arm-none-eabi/12.3.1/../../../../arm-none-eabi/lib/thumb/v7e-m+fp/hard\libc_nano.a(libc_a-nano-svfprintf.o)
 .ARM.attributes
                0x0000072b       0x34 C:/ST/STM32CubeIDE_1.16.0/STM32CubeIDE/plugins/com.st.stm32cube.ide.mcu.externaltools.gnu-tools-for-stm32.12.3.rel1.win32_1.0.200.202406191623/tools/bin/../lib/gcc/arm-none-eabi/12.3.1/../../../../arm-none-eabi/lib/thumb/v7e-m+fp/hard\libc_nano.a(libc_a-nano-vfprintf_i.o)
 .ARM.attributes
                0x0000075f       0x34 C:/ST/STM32CubeIDE_1.16.0/STM32CubeIDE/plugins/com.st.stm32cube.ide.mcu.externaltools.gnu-tools-for-stm32.12.3.rel1.win32_1.0.200.202406191623/tools/bin/../lib/gcc/arm-none-eabi/12.3.1/../../../../arm-none-eabi/lib/thumb/v7e-m+fp/hard\libc_nano.a(libc_a-memmove.o)
 .ARM.attributes
                0x00000793       0x34 C:/ST/STM32CubeIDE_1.16.0/STM32CubeIDE/plugins/com.st.stm32cube.ide.mcu.externaltools.gnu-tools-for-stm32.12.3.rel1.win32_1.0.200.202406191623/tools/bin/../lib/gcc/arm-none-eabi/12.3.1/../../../../arm-none-eabi/lib/thumb/v7e-m+fp/hard\libc_nano.a(libc_a-sbrkr.o)
 .ARM.attributes
                0x000007c7       0x1c C:/ST/STM32CubeIDE_1.16.0/STM32CubeIDE/plugins/com.st.stm32cube.ide.mcu.externaltools.gnu-tools-for-stm32.12.3.rel1.win32_1.0.200.202406191623/tools/bin/../lib/gcc/arm-none-eabi/12.3.1/../../../../arm-none-eabi/lib/thumb/v7e-m+fp/hard\libc_nano.a(libc_a-memchr.o)
 .ARM.attributes
                0x000007e3       0x34 C:/ST/STM32CubeIDE_1.16.0/STM32CubeIDE/plugins/com.st.stm32cube.ide.mcu.externaltools.gnu-tools-for-stm32.12.3.rel1.win32_1.0.200.202406191623/tools/bin/../lib/gcc/arm-none-eabi/12.3.1/../../../../arm-none-eabi/lib/thumb/v7e-m+fp/hard\libc_nano.a(libc_a-memcpy-stub.o)
 .ARM.attributes
                0x00000817       0x34 C:/ST/STM32CubeIDE_1.16.0/STM32CubeIDE/plugins/com.st.stm32cube.ide.mcu.externaltools.gnu-tools-for-stm32.12.3.rel1.win32_1.0.200.202406191623/tools/bin/../lib/gcc/arm-none-eabi/12.3.1/../../../../arm-none-eabi/lib/thumb/v7e-m+fp/hard\libc_nano.a(libc_a-reallocr.o)
 .ARM.attributes
                0x0000084b       0x34 C:/ST/STM32CubeIDE_1.16.0/STM32CubeIDE/plugins/com.st.stm32cube.ide.mcu.externaltools.gnu-tools-for-stm32.12.3.rel1.win32_1.0.200.202406191623/tools/bin/../lib/gcc/arm-none-eabi/12.3.1/../../../../arm-none-eabi/lib/thumb/v7e-m+fp/hard\libc_nano.a(libc_a-msizer.o)
 .ARM.attributes
                0x0000087f       0x22 C:/ST/STM32CubeIDE_1.16.0/STM32CubeIDE/plugins/com.st.stm32cube.ide.mcu.externaltools.gnu-tools-for-stm32.12.3.rel1.win32_1.0.200.202406191623/tools/bin/../lib/gcc/arm-none-eabi/12.3.1/thumb/v7e-m+fp/hard\libgcc.a(_aeabi_uldivmod.o)
 .ARM.attributes
                0x000008a1       0x34 C:/ST/STM32CubeIDE_1.16.0/STM32CubeIDE/plugins/com.st.stm32cube.ide.mcu.externaltools.gnu-tools-for-stm32.12.3.rel1.win32_1.0.200.202406191623/tools/bin/../lib/gcc/arm-none-eabi/12.3.1/thumb/v7e-m+fp/hard\libgcc.a(_udivmoddi4.o)
 .ARM.attributes
                0x000008d5       0x22 C:/ST/STM32CubeIDE_1.16.0/STM32CubeIDE/plugins/com.st.stm32cube.ide.mcu.externaltools.gnu-tools-for-stm32.12.3.rel1.win32_1.0.200.202406191623/tools/bin/../lib/gcc/arm-none-eabi/12.3.1/thumb/v7e-m+fp/hard\libgcc.a(_dvmd_tls.o)
 .ARM.attributes
                0x000008f7       0x22 C:/ST/STM32CubeIDE_1.16.0/STM32CubeIDE/plugins/com.st.stm32cube.ide.mcu.externaltools.gnu-tools-for-stm32.12.3.rel1.win32_1.0.200.202406191623/tools/bin/../lib/gcc/arm-none-eabi/12.3.1/thumb/v7e-m+fp/hard/crtn.o
OUTPUT(digital_clock.elf elf32-littlearm)
LOAD linker stubs
LOAD C:/ST/STM32CubeIDE_1.16.0/STM32CubeIDE/plugins/com.st.stm32cube.ide.mcu.externaltools.gnu-tools-for-stm32.12.3.rel1.win32_1.0.200.202406191623/tools/bin/../lib/gcc/arm-none-eabi/12.3.1/../../../../arm-none-eabi/lib/thumb/v7e-m+fp/hard\libc.a
LOAD C:/ST/STM32CubeIDE_1.16.0/STM32CubeIDE/plugins/com.st.stm32cube.ide.mcu.externaltools.gnu-tools-for-stm32.12.3.rel1.win32_1.0.200.202406191623/tools/bin/../lib/gcc/arm-none-eabi/12.3.1/../../../../arm-none-eabi/lib/thumb/v7e-m+fp/hard\libm.a
LOAD C:/ST/STM32CubeIDE_1.16.0/STM32CubeIDE/plugins/com.st.stm32cube.ide.mcu.externaltools.gnu-tools-for-stm32.12.3.rel1.win32_1.0.200.202406191623/tools/bin/../lib/gcc/arm-none-eabi/12.3.1/thumb/v7e-m+fp/hard\libgcc.a

.debug_info     0x00000000    0x10738
 .debug_info    0x00000000      0x446 ./Core/Src/7SEG.o
 .debug_info    0x00000446      0x4ec ./Core/Src/CLCD.o
 .debug_info    0x00000932      0x89f ./Core/Src/btn.o
 .debug_info    0x000011d1      0x917 ./Core/Src/buzzer.o
 .debug_info    0x00001ae8      0x448 ./Core/Src/gpio.o
 .debug_info    0x00001f30     0x16a6 ./Core/Src/main.o
 .debug_info    0x000035d6      0x270 ./Core/Src/stm32f4xx_hal_msp.o
 .debug_info    0x00003846      0x9d7 ./Core/Src/stm32f4xx_it.o
 .debug_info    0x0000421d      0x168 ./Core/Src/sysmem.o
 .debug_info    0x00004385      0x512 ./Core/Src/system_stm32f4xx.o
 .debug_info    0x00004897      0xe84 ./Core/Src/tim.o
 .debug_info    0x0000571b      0xb6a ./Core/Src/usart.o
 .debug_info    0x00006285      0x793 ./Core/Src/watch.o
 .debug_info    0x00006a18       0x30 ./Core/Startup/startup_stm32f407vetx.o
 .debug_info    0x00006a48      0x944 ./Drivers/STM32F4xx_HAL_Driver/Src/stm32f4xx_hal.o
 .debug_info    0x0000738c      0xd8c ./Drivers/STM32F4xx_HAL_Driver/Src/stm32f4xx_hal_cortex.o
 .debug_info    0x00008118      0x8e7 ./Drivers/STM32F4xx_HAL_Driver/Src/stm32f4xx_hal_dma.o
 .debug_info    0x000089ff      0x6c3 ./Drivers/STM32F4xx_HAL_Driver/Src/stm32f4xx_hal_gpio.o
 .debug_info    0x000090c2      0x8af ./Drivers/STM32F4xx_HAL_Driver/Src/stm32f4xx_hal_rcc.o
 .debug_info    0x00009971     0x299d ./Drivers/STM32F4xx_HAL_Driver/Src/stm32f4xx_hal_tim.o
 .debug_info    0x0000c30e     0x14db ./Drivers/STM32F4xx_HAL_Driver/Src/stm32f4xx_hal_tim_ex.o
 .debug_info    0x0000d7e9     0x2f4f ./Drivers/STM32F4xx_HAL_Driver/Src/stm32f4xx_hal_uart.o

.debug_abbrev   0x00000000     0x2b97
 .debug_abbrev  0x00000000      0x17f ./Core/Src/7SEG.o
 .debug_abbrev  0x0000017f      0x1b5 ./Core/Src/CLCD.o
 .debug_abbrev  0x00000334      0x240 ./Core/Src/btn.o
 .debug_abbrev  0x00000574      0x1ff ./Core/Src/buzzer.o
 .debug_abbrev  0x00000773      0x152 ./Core/Src/gpio.o
 .debug_abbrev  0x000008c5      0x35d ./Core/Src/main.o
 .debug_abbrev  0x00000c22       0xd8 ./Core/Src/stm32f4xx_hal_msp.o
 .debug_abbrev  0x00000cfa      0x1ca ./Core/Src/stm32f4xx_it.o
 .debug_abbrev  0x00000ec4       0xbc ./Core/Src/sysmem.o
 .debug_abbrev  0x00000f80      0x11a ./Core/Src/system_stm32f4xx.o
 .debug_abbrev  0x0000109a      0x245 ./Core/Src/tim.o
 .debug_abbrev  0x000012df      0x216 ./Core/Src/usart.o
 .debug_abbrev  0x000014f5      0x255 ./Core/Src/watch.o
 .debug_abbrev  0x0000174a       0x24 ./Core/Startup/startup_stm32f407vetx.o
 .debug_abbrev  0x0000176e      0x214 ./Drivers/STM32F4xx_HAL_Driver/Src/stm32f4xx_hal.o
 .debug_abbrev  0x00001982      0x31d ./Drivers/STM32F4xx_HAL_Driver/Src/stm32f4xx_hal_cortex.o
 .debug_abbrev  0x00001c9f      0x264 ./Drivers/STM32F4xx_HAL_Driver/Src/stm32f4xx_hal_dma.o
 .debug_abbrev  0x00001f03      0x1d4 ./Drivers/STM32F4xx_HAL_Driver/Src/stm32f4xx_hal_gpio.o
 .debug_abbrev  0x000020d7      0x2b7 ./Drivers/STM32F4xx_HAL_Driver/Src/stm32f4xx_hal_rcc.o
 .debug_abbrev  0x0000238e      0x278 ./Drivers/STM32F4xx_HAL_Driver/Src/stm32f4xx_hal_tim.o
 .debug_abbrev  0x00002606      0x283 ./Drivers/STM32F4xx_HAL_Driver/Src/stm32f4xx_hal_tim_ex.o
 .debug_abbrev  0x00002889      0x30e ./Drivers/STM32F4xx_HAL_Driver/Src/stm32f4xx_hal_uart.o

.debug_aranges  0x00000000      0xe68
 .debug_aranges
                0x00000000       0x28 ./Core/Src/7SEG.o
 .debug_aranges
                0x00000028       0x50 ./Core/Src/CLCD.o
 .debug_aranges
                0x00000078       0x68 ./Core/Src/btn.o
 .debug_aranges
                0x000000e0       0x40 ./Core/Src/buzzer.o
 .debug_aranges
                0x00000120       0x20 ./Core/Src/gpio.o
 .debug_aranges
                0x00000140       0x50 ./Core/Src/main.o
 .debug_aranges
                0x00000190       0x20 ./Core/Src/stm32f4xx_hal_msp.o
 .debug_aranges
                0x000001b0       0x88 ./Core/Src/stm32f4xx_it.o
 .debug_aranges
                0x00000238       0x20 ./Core/Src/sysmem.o
 .debug_aranges
                0x00000258       0x28 ./Core/Src/system_stm32f4xx.o
 .debug_aranges
                0x00000280       0x40 ./Core/Src/tim.o
 .debug_aranges
                0x000002c0       0x30 ./Core/Src/usart.o
 .debug_aranges
                0x000002f0       0x80 ./Core/Src/watch.o
 .debug_aranges
                0x00000370       0x28 ./Core/Startup/startup_stm32f407vetx.o
 .debug_aranges
                0x00000398       0xf0 ./Drivers/STM32F4xx_HAL_Driver/Src/stm32f4xx_hal.o
 .debug_aranges
                0x00000488      0x130 ./Drivers/STM32F4xx_HAL_Driver/Src/stm32f4xx_hal_cortex.o
 .debug_aranges
                0x000005b8       0x90 ./Drivers/STM32F4xx_HAL_Driver/Src/stm32f4xx_hal_dma.o
 .debug_aranges
                0x00000648       0x58 ./Drivers/STM32F4xx_HAL_Driver/Src/stm32f4xx_hal_gpio.o
 .debug_aranges
                0x000006a0       0x88 ./Drivers/STM32F4xx_HAL_Driver/Src/stm32f4xx_hal_rcc.o
 .debug_aranges
                0x00000728      0x3d0 ./Drivers/STM32F4xx_HAL_Driver/Src/stm32f4xx_hal_tim.o
 .debug_aranges
                0x00000af8      0x168 ./Drivers/STM32F4xx_HAL_Driver/Src/stm32f4xx_hal_tim_ex.o
 .debug_aranges
                0x00000c60      0x208 ./Drivers/STM32F4xx_HAL_Driver/Src/stm32f4xx_hal_uart.o

.debug_rnglists
                0x00000000      0xb27
 .debug_rnglists
                0x00000000       0x1b ./Core/Src/7SEG.o
 .debug_rnglists
                0x0000001b       0x3a ./Core/Src/CLCD.o
 .debug_rnglists
                0x00000055       0x4f ./Core/Src/btn.o
 .debug_rnglists
                0x000000a4       0x2c ./Core/Src/buzzer.o
 .debug_rnglists
                0x000000d0       0x14 ./Core/Src/gpio.o
 .debug_rnglists
                0x000000e4       0x3b ./Core/Src/main.o
 .debug_rnglists
                0x0000011f       0x13 ./Core/Src/stm32f4xx_hal_msp.o
 .debug_rnglists
                0x00000132       0x61 ./Core/Src/stm32f4xx_it.o
 .debug_rnglists
                0x00000193       0x13 ./Core/Src/sysmem.o
 .debug_rnglists
                0x000001a6       0x1a ./Core/Src/system_stm32f4xx.o
 .debug_rnglists
                0x000001c0       0x2c ./Core/Src/tim.o
 .debug_rnglists
                0x000001ec       0x20 ./Core/Src/usart.o
 .debug_rnglists
                0x0000020c       0x63 ./Core/Src/watch.o
 .debug_rnglists
                0x0000026f       0x19 ./Core/Startup/startup_stm32f407vetx.o
 .debug_rnglists
                0x00000288       0xaf ./Drivers/STM32F4xx_HAL_Driver/Src/stm32f4xx_hal.o
 .debug_rnglists
                0x00000337       0xe0 ./Drivers/STM32F4xx_HAL_Driver/Src/stm32f4xx_hal_cortex.o
 .debug_rnglists
                0x00000417       0x70 ./Drivers/STM32F4xx_HAL_Driver/Src/stm32f4xx_hal_dma.o
 .debug_rnglists
                0x00000487       0x3f ./Drivers/STM32F4xx_HAL_Driver/Src/stm32f4xx_hal_gpio.o
 .debug_rnglists
                0x000004c6       0x66 ./Drivers/STM32F4xx_HAL_Driver/Src/stm32f4xx_hal_rcc.o
 .debug_rnglists
                0x0000052c      0x31a ./Drivers/STM32F4xx_HAL_Driver/Src/stm32f4xx_hal_tim.o
 .debug_rnglists
                0x00000846      0x125 ./Drivers/STM32F4xx_HAL_Driver/Src/stm32f4xx_hal_tim_ex.o
 .debug_rnglists
                0x0000096b      0x1bc ./Drivers/STM32F4xx_HAL_Driver/Src/stm32f4xx_hal_uart.o

.debug_macro    0x00000000    0x2246c
 .debug_macro   0x00000000      0x1dd ./Core/Src/7SEG.o
 .debug_macro   0x000001dd      0xab4 ./Core/Src/7SEG.o
 .debug_macro   0x00000c91      0x29b ./Core/Src/7SEG.o
 .debug_macro   0x00000f2c       0x2e ./Core/Src/7SEG.o
 .debug_macro   0x00000f5a       0x2f ./Core/Src/7SEG.o
 .debug_macro   0x00000f89       0x22 ./Core/Src/7SEG.o
 .debug_macro   0x00000fab       0x8e ./Core/Src/7SEG.o
 .debug_macro   0x00001039       0x51 ./Core/Src/7SEG.o
 .debug_macro   0x0000108a      0x103 ./Core/Src/7SEG.o
 .debug_macro   0x0000118d       0x6a ./Core/Src/7SEG.o
 .debug_macro   0x000011f7      0x1df ./Core/Src/7SEG.o
 .debug_macro   0x000013d6       0x1c ./Core/Src/7SEG.o
 .debug_macro   0x000013f2       0x22 ./Core/Src/7SEG.o
 .debug_macro   0x00001414       0xfb ./Core/Src/7SEG.o
 .debug_macro   0x0000150f     0x1011 ./Core/Src/7SEG.o
 .debug_macro   0x00002520      0x11f ./Core/Src/7SEG.o
 .debug_macro   0x0000263f    0x15e97 ./Core/Src/7SEG.o
 .debug_macro   0x000184d6       0x6d ./Core/Src/7SEG.o
 .debug_macro   0x00018543     0x369a ./Core/Src/7SEG.o
 .debug_macro   0x0001bbdd      0x189 ./Core/Src/7SEG.o
 .debug_macro   0x0001bd66       0x5c ./Core/Src/7SEG.o
 .debug_macro   0x0001bdc2      0x980 ./Core/Src/7SEG.o
 .debug_macro   0x0001c742      0x9e9 ./Core/Src/7SEG.o
 .debug_macro   0x0001d12b      0x115 ./Core/Src/7SEG.o
 .debug_macro   0x0001d240      0x13e ./Core/Src/7SEG.o
 .debug_macro   0x0001d37e       0xa5 ./Core/Src/7SEG.o
 .debug_macro   0x0001d423      0x174 ./Core/Src/7SEG.o
 .debug_macro   0x0001d597      0x287 ./Core/Src/7SEG.o
 .debug_macro   0x0001d81e       0x5f ./Core/Src/7SEG.o
 .debug_macro   0x0001d87d      0x236 ./Core/Src/7SEG.o
 .debug_macro   0x0001dab3      0x12c ./Core/Src/7SEG.o
 .debug_macro   0x0001dbdf      0x21e ./Core/Src/7SEG.o
 .debug_macro   0x0001ddfd       0x2e ./Core/Src/7SEG.o
 .debug_macro   0x0001de2b      0x127 ./Core/Src/7SEG.o
 .debug_macro   0x0001df52       0x7e ./Core/Src/7SEG.o
 .debug_macro   0x0001dfd0       0x89 ./Core/Src/7SEG.o
 .debug_macro   0x0001e059      0x8ed ./Core/Src/7SEG.o
 .debug_macro   0x0001e946       0x4d ./Core/Src/7SEG.o
 .debug_macro   0x0001e993      0x2aa ./Core/Src/7SEG.o
 .debug_macro   0x0001ec3d      0x12d ./Core/Src/7SEG.o
 .debug_macro   0x0001ed6a      0x19c ./Core/Src/7SEG.o
 .debug_macro   0x0001ef06      0x1dd ./Core/Src/CLCD.o
 .debug_macro   0x0001f0e3       0x58 ./Core/Src/CLCD.o
 .debug_macro   0x0001f13b      0x203 ./Core/Src/btn.o
 .debug_macro   0x0001f33e       0x10 ./Core/Src/btn.o
 .debug_macro   0x0001f34e      0x203 ./Core/Src/buzzer.o
 .debug_macro   0x0001f551      0x1f0 ./Core/Src/gpio.o
 .debug_macro   0x0001f741      0x32f ./Core/Src/main.o
 .debug_macro   0x0001fa70       0x61 ./Core/Src/main.o
 .debug_macro   0x0001fad1       0x2a ./Core/Src/main.o
 .debug_macro   0x0001fafb       0x43 ./Core/Src/main.o
 .debug_macro   0x0001fb3e       0x34 ./Core/Src/main.o
 .debug_macro   0x0001fb72       0x16 ./Core/Src/main.o
 .debug_macro   0x0001fb88       0x35 ./Core/Src/main.o
 .debug_macro   0x0001fbbd      0x369 ./Core/Src/main.o
 .debug_macro   0x0001ff26       0x10 ./Core/Src/main.o
 .debug_macro   0x0001ff36       0x16 ./Core/Src/main.o
 .debug_macro   0x0001ff4c       0x43 ./Core/Src/main.o
 .debug_macro   0x0001ff8f       0x34 ./Core/Src/main.o
 .debug_macro   0x0001ffc3       0x10 ./Core/Src/main.o
 .debug_macro   0x0001ffd3       0x58 ./Core/Src/main.o
 .debug_macro   0x0002002b       0x8e ./Core/Src/main.o
 .debug_macro   0x000200b9       0x1c ./Core/Src/main.o
 .debug_macro   0x000200d5      0x177 ./Core/Src/main.o
 .debug_macro   0x0002024c       0x16 ./Core/Src/main.o
 .debug_macro   0x00020262       0x16 ./Core/Src/main.o
 .debug_macro   0x00020278      0x146 ./Core/Src/main.o
 .debug_macro   0x000203be      0x1a2 ./Core/Src/main.o
 .debug_macro   0x00020560       0x5e ./Core/Src/main.o
 .debug_macro   0x000205be      0x1e6 ./Core/Src/stm32f4xx_hal_msp.o
 .debug_macro   0x000207a4      0x1f0 ./Core/Src/stm32f4xx_it.o
 .debug_macro   0x00020994       0xff ./Core/Src/sysmem.o
 .debug_macro   0x00020a93      0x23c ./Core/Src/sysmem.o
 .debug_macro   0x00020ccf      0x1ce ./Core/Src/system_stm32f4xx.o
 .debug_macro   0x00020e9d      0x1f0 ./Core/Src/tim.o
 .debug_macro   0x0002108d      0x1f0 ./Core/Src/usart.o
 .debug_macro   0x0002127d      0x2ed ./Core/Src/watch.o
 .debug_macro   0x0002156a      0x22e ./Drivers/STM32F4xx_HAL_Driver/Src/stm32f4xx_hal.o
 .debug_macro   0x00021798      0x1ce ./Drivers/STM32F4xx_HAL_Driver/Src/stm32f4xx_hal_cortex.o
 .debug_macro   0x00021966      0x1d4 ./Drivers/STM32F4xx_HAL_Driver/Src/stm32f4xx_hal_dma.o
 .debug_macro   0x00021b3a      0x1d4 ./Drivers/STM32F4xx_HAL_Driver/Src/stm32f4xx_hal_gpio.o
 .debug_macro   0x00021d0e      0x1f2 ./Drivers/STM32F4xx_HAL_Driver/Src/stm32f4xx_hal_rcc.o
 .debug_macro   0x00021f00      0x1cf ./Drivers/STM32F4xx_HAL_Driver/Src/stm32f4xx_hal_tim.o
 .debug_macro   0x000220cf      0x1ce ./Drivers/STM32F4xx_HAL_Driver/Src/stm32f4xx_hal_tim_ex.o
 .debug_macro   0x0002229d      0x1cf ./Drivers/STM32F4xx_HAL_Driver/Src/stm32f4xx_hal_uart.o

.debug_line     0x00000000    0x13548
 .debug_line    0x00000000      0x9da ./Core/Src/7SEG.o
 .debug_line    0x000009da      0xdef ./Core/Src/CLCD.o
 .debug_line    0x000017c9      0xa44 ./Core/Src/btn.o
 .debug_line    0x0000220d      0x873 ./Core/Src/buzzer.o
 .debug_line    0x00002a80      0x7a7 ./Core/Src/gpio.o
 .debug_line    0x00003227      0xb0c ./Core/Src/main.o
 .debug_line    0x00003d33      0x75c ./Core/Src/stm32f4xx_hal_msp.o
 .debug_line    0x0000448f      0x897 ./Core/Src/stm32f4xx_it.o
 .debug_line    0x00004d26      0x583 ./Core/Src/sysmem.o
 .debug_line    0x000052a9      0x7d3 ./Core/Src/system_stm32f4xx.o
 .debug_line    0x00005a7c      0x877 ./Core/Src/tim.o
 .debug_line    0x000062f3      0x7c6 ./Core/Src/usart.o
 .debug_line    0x00006ab9      0xe50 ./Core/Src/watch.o
 .debug_line    0x00007909       0x7a ./Core/Startup/startup_stm32f407vetx.o
 .debug_line    0x00007983      0xa3c ./Drivers/STM32F4xx_HAL_Driver/Src/stm32f4xx_hal.o
 .debug_line    0x000083bf      0xd2e ./Drivers/STM32F4xx_HAL_Driver/Src/stm32f4xx_hal_cortex.o
 .debug_line    0x000090ed      0xfac ./Drivers/STM32F4xx_HAL_Driver/Src/stm32f4xx_hal_dma.o
 .debug_line    0x0000a099      0xbc8 ./Drivers/STM32F4xx_HAL_Driver/Src/stm32f4xx_hal_gpio.o
 .debug_line    0x0000ac61      0xdc7 ./Drivers/STM32F4xx_HAL_Driver/Src/stm32f4xx_hal_rcc.o
 .debug_line    0x0000ba28     0x37e0 ./Drivers/STM32F4xx_HAL_Driver/Src/stm32f4xx_hal_tim.o
 .debug_line    0x0000f208     0x1a32 ./Drivers/STM32F4xx_HAL_Driver/Src/stm32f4xx_hal_tim_ex.o
 .debug_line    0x00010c3a     0x290e ./Drivers/STM32F4xx_HAL_Driver/Src/stm32f4xx_hal_uart.o

.debug_str      0x00000000    0xcc698
 .debug_str     0x00000000    0xc478a ./Core/Src/7SEG.o
                              0xc4a13 (size before relaxing)
 .debug_str     0x000c478a      0x1ac ./Core/Src/CLCD.o
                              0xc4075 (size before relaxing)
 .debug_str     0x000c4936      0x54c ./Core/Src/btn.o
                              0xc43cc (size before relaxing)
 .debug_str     0x000c4e82      0x570 ./Core/Src/buzzer.o
                              0xc4523 (size before relaxing)
 .debug_str     0x000c53f2       0x2c ./Core/Src/gpio.o
                              0xc3fb0 (size before relaxing)
 .debug_str     0x000c541e     0x40ba ./Core/Src/main.o
                              0xc96c8 (size before relaxing)
 .debug_str     0x000c94d8       0x2c ./Core/Src/stm32f4xx_hal_msp.o
                              0xc3ee5 (size before relaxing)
 .debug_str     0x000c9504      0x166 ./Core/Src/stm32f4xx_it.o
                              0xc466d (size before relaxing)
 .debug_str     0x000c966a      0x4dc ./Core/Src/sysmem.o
                               0x60be (size before relaxing)
 .debug_str     0x000c9b46       0xdb ./Core/Src/system_stm32f4xx.o
                              0xc3f13 (size before relaxing)
 .debug_str     0x000c9c21      0x1fe ./Core/Src/tim.o
                              0xc4bef (size before relaxing)
 .debug_str     0x000c9e1f       0x61 ./Core/Src/usart.o
                              0xc4979 (size before relaxing)
 .debug_str     0x000c9e80       0xa6 ./Core/Src/watch.o
                              0xc8609 (size before relaxing)
 .debug_str     0x000c9f26       0x44 ./Core/Startup/startup_stm32f407vetx.o
                                 0x71 (size before relaxing)
 .debug_str     0x000c9f6a      0x60d ./Drivers/STM32F4xx_HAL_Driver/Src/stm32f4xx_hal.o
                              0xc4a97 (size before relaxing)
 .debug_str     0x000ca577      0x36b ./Drivers/STM32F4xx_HAL_Driver/Src/stm32f4xx_hal_cortex.o
                              0xc4813 (size before relaxing)
 .debug_str     0x000ca8e2      0x323 ./Drivers/STM32F4xx_HAL_Driver/Src/stm32f4xx_hal_dma.o
                              0xc432d (size before relaxing)
 .debug_str     0x000cac05       0xd1 ./Drivers/STM32F4xx_HAL_Driver/Src/stm32f4xx_hal_gpio.o
                              0xc408e (size before relaxing)
 .debug_str     0x000cacd6      0x233 ./Drivers/STM32F4xx_HAL_Driver/Src/stm32f4xx_hal_rcc.o
                              0xc4347 (size before relaxing)
 .debug_str     0x000caf09      0xd0a ./Drivers/STM32F4xx_HAL_Driver/Src/stm32f4xx_hal_tim.o
                              0xc529d (size before relaxing)
 .debug_str     0x000cbc13      0x493 ./Drivers/STM32F4xx_HAL_Driver/Src/stm32f4xx_hal_tim_ex.o
                              0xc4aa9 (size before relaxing)
 .debug_str     0x000cc0a6      0x5f2 ./Drivers/STM32F4xx_HAL_Driver/Src/stm32f4xx_hal_uart.o
                              0xc4928 (size before relaxing)

.comment        0x00000000       0x43
 .comment       0x00000000       0x43 ./Core/Src/7SEG.o
                                 0x44 (size before relaxing)
 .comment       0x00000043       0x44 ./Core/Src/CLCD.o
 .comment       0x00000043       0x44 ./Core/Src/btn.o
 .comment       0x00000043       0x44 ./Core/Src/buzzer.o
 .comment       0x00000043       0x44 ./Core/Src/gpio.o
 .comment       0x00000043       0x44 ./Core/Src/main.o
 .comment       0x00000043       0x44 ./Core/Src/stm32f4xx_hal_msp.o
 .comment       0x00000043       0x44 ./Core/Src/stm32f4xx_it.o
 .comment       0x00000043       0x44 ./Core/Src/sysmem.o
 .comment       0x00000043       0x44 ./Core/Src/system_stm32f4xx.o
 .comment       0x00000043       0x44 ./Core/Src/tim.o
 .comment       0x00000043       0x44 ./Core/Src/usart.o
 .comment       0x00000043       0x44 ./Core/Src/watch.o
 .comment       0x00000043       0x44 ./Drivers/STM32F4xx_HAL_Driver/Src/stm32f4xx_hal.o
 .comment       0x00000043       0x44 ./Drivers/STM32F4xx_HAL_Driver/Src/stm32f4xx_hal_cortex.o
 .comment       0x00000043       0x44 ./Drivers/STM32F4xx_HAL_Driver/Src/stm32f4xx_hal_dma.o
 .comment       0x00000043       0x44 ./Drivers/STM32F4xx_HAL_Driver/Src/stm32f4xx_hal_gpio.o
 .comment       0x00000043       0x44 ./Drivers/STM32F4xx_HAL_Driver/Src/stm32f4xx_hal_rcc.o
 .comment       0x00000043       0x44 ./Drivers/STM32F4xx_HAL_Driver/Src/stm32f4xx_hal_tim.o
 .comment       0x00000043       0x44 ./Drivers/STM32F4xx_HAL_Driver/Src/stm32f4xx_hal_tim_ex.o
 .comment       0x00000043       0x44 ./Drivers/STM32F4xx_HAL_Driver/Src/stm32f4xx_hal_uart.o

.debug_frame    0x00000000     0x3f38
 .debug_frame   0x00000000       0x5c ./Core/Src/7SEG.o
 .debug_frame   0x0000005c       0xfc ./Core/Src/CLCD.o
 .debug_frame   0x00000158      0x160 ./Core/Src/btn.o
 .debug_frame   0x000002b8       0xb4 ./Core/Src/buzzer.o
 .debug_frame   0x0000036c       0x34 ./Core/Src/gpio.o
 .debug_frame   0x000003a0       0xf0 ./Core/Src/main.o
 .debug_frame   0x00000490       0x38 ./Core/Src/stm32f4xx_hal_msp.o
 .debug_frame   0x000004c8      0x190 ./Core/Src/stm32f4xx_it.o
 .debug_frame   0x00000658       0x34 ./Core/Src/sysmem.o
 .debug_frame   0x0000068c       0x58 ./Core/Src/system_stm32f4xx.o
 .debug_frame   0x000006e4       0xc8 ./Core/Src/tim.o
 .debug_frame   0x000007ac       0x74 ./Core/Src/usart.o
 .debug_frame   0x00000820      0x1dc ./Core/Src/watch.o
 .debug_frame   0x000009fc      0x374 ./Drivers/STM32F4xx_HAL_Driver/Src/stm32f4xx_hal.o
 .debug_frame   0x00000d70      0x508 ./Drivers/STM32F4xx_HAL_Driver/Src/stm32f4xx_hal_cortex.o
 .debug_frame   0x00001278      0x250 ./Drivers/STM32F4xx_HAL_Driver/Src/stm32f4xx_hal_dma.o
 .debug_frame   0x000014c8      0x14c ./Drivers/STM32F4xx_HAL_Driver/Src/stm32f4xx_hal_gpio.o
 .debug_frame   0x00001614      0x1f4 ./Drivers/STM32F4xx_HAL_Driver/Src/stm32f4xx_hal_rcc.o
 .debug_frame   0x00001808     0x11c0 ./Drivers/STM32F4xx_HAL_Driver/Src/stm32f4xx_hal_tim.o
 .debug_frame   0x000029c8      0x638 ./Drivers/STM32F4xx_HAL_Driver/Src/stm32f4xx_hal_tim_ex.o
 .debug_frame   0x00003000      0x954 ./Drivers/STM32F4xx_HAL_Driver/Src/stm32f4xx_hal_uart.o
 .debug_frame   0x00003954      0x144 C:/ST/STM32CubeIDE_1.16.0/STM32CubeIDE/plugins/com.st.stm32cube.ide.mcu.externaltools.gnu-tools-for-stm32.12.3.rel1.win32_1.0.200.202406191623/tools/bin/../lib/gcc/arm-none-eabi/12.3.1/../../../../arm-none-eabi/lib/thumb/v7e-m+fp/hard\libc_nano.a(libc_a-findfp.o)
 .debug_frame   0x00003a98       0x6c C:/ST/STM32CubeIDE_1.16.0/STM32CubeIDE/plugins/com.st.stm32cube.ide.mcu.externaltools.gnu-tools-for-stm32.12.3.rel1.win32_1.0.200.202406191623/tools/bin/../lib/gcc/arm-none-eabi/12.3.1/../../../../arm-none-eabi/lib/thumb/v7e-m+fp/hard\libc_nano.a(libc_a-sprintf.o)
 .debug_frame   0x00003b04       0x20 C:/ST/STM32CubeIDE_1.16.0/STM32CubeIDE/plugins/com.st.stm32cube.ide.mcu.externaltools.gnu-tools-for-stm32.12.3.rel1.win32_1.0.200.202406191623/tools/bin/../lib/gcc/arm-none-eabi/12.3.1/../../../../arm-none-eabi/lib/thumb/v7e-m+fp/hard\libc_nano.a(libc_a-memset.o)
 .debug_frame   0x00003b24       0x38 C:/ST/STM32CubeIDE_1.16.0/STM32CubeIDE/plugins/com.st.stm32cube.ide.mcu.externaltools.gnu-tools-for-stm32.12.3.rel1.win32_1.0.200.202406191623/tools/bin/../lib/gcc/arm-none-eabi/12.3.1/../../../../arm-none-eabi/lib/thumb/v7e-m+fp/hard\libc_nano.a(libc_a-reent.o)
 .debug_frame   0x00003b5c       0x20 C:/ST/STM32CubeIDE_1.16.0/STM32CubeIDE/plugins/com.st.stm32cube.ide.mcu.externaltools.gnu-tools-for-stm32.12.3.rel1.win32_1.0.200.202406191623/tools/bin/../lib/gcc/arm-none-eabi/12.3.1/../../../../arm-none-eabi/lib/thumb/v7e-m+fp/hard\libc_nano.a(libc_a-errno.o)
 .debug_frame   0x00003b7c       0x2c C:/ST/STM32CubeIDE_1.16.0/STM32CubeIDE/plugins/com.st.stm32cube.ide.mcu.externaltools.gnu-tools-for-stm32.12.3.rel1.win32_1.0.200.202406191623/tools/bin/../lib/gcc/arm-none-eabi/12.3.1/../../../../arm-none-eabi/lib/thumb/v7e-m+fp/hard\libc_nano.a(libc_a-init.o)
 .debug_frame   0x00003ba8       0xb0 C:/ST/STM32CubeIDE_1.16.0/STM32CubeIDE/plugins/com.st.stm32cube.ide.mcu.externaltools.gnu-tools-for-stm32.12.3.rel1.win32_1.0.200.202406191623/tools/bin/../lib/gcc/arm-none-eabi/12.3.1/../../../../arm-none-eabi/lib/thumb/v7e-m+fp/hard\libc_nano.a(libc_a-lock.o)
 .debug_frame   0x00003c58       0x38 C:/ST/STM32CubeIDE_1.16.0/STM32CubeIDE/plugins/com.st.stm32cube.ide.mcu.externaltools.gnu-tools-for-stm32.12.3.rel1.win32_1.0.200.202406191623/tools/bin/../lib/gcc/arm-none-eabi/12.3.1/../../../../arm-none-eabi/lib/thumb/v7e-m+fp/hard\libc_nano.a(libc_a-freer.o)
 .debug_frame   0x00003c90       0x50 C:/ST/STM32CubeIDE_1.16.0/STM32CubeIDE/plugins/com.st.stm32cube.ide.mcu.externaltools.gnu-tools-for-stm32.12.3.rel1.win32_1.0.200.202406191623/tools/bin/../lib/gcc/arm-none-eabi/12.3.1/../../../../arm-none-eabi/lib/thumb/v7e-m+fp/hard\libc_nano.a(libc_a-mallocr.o)
 .debug_frame   0x00003ce0       0x30 C:/ST/STM32CubeIDE_1.16.0/STM32CubeIDE/plugins/com.st.stm32cube.ide.mcu.externaltools.gnu-tools-for-stm32.12.3.rel1.win32_1.0.200.202406191623/tools/bin/../lib/gcc/arm-none-eabi/12.3.1/../../../../arm-none-eabi/lib/thumb/v7e-m+fp/hard\libc_nano.a(libc_a-mlock.o)
 .debug_frame   0x00003d10       0x90 C:/ST/STM32CubeIDE_1.16.0/STM32CubeIDE/plugins/com.st.stm32cube.ide.mcu.externaltools.gnu-tools-for-stm32.12.3.rel1.win32_1.0.200.202406191623/tools/bin/../lib/gcc/arm-none-eabi/12.3.1/../../../../arm-none-eabi/lib/thumb/v7e-m+fp/hard\libc_nano.a(libc_a-nano-svfprintf.o)
 .debug_frame   0x00003da0       0x60 C:/ST/STM32CubeIDE_1.16.0/STM32CubeIDE/plugins/com.st.stm32cube.ide.mcu.externaltools.gnu-tools-for-stm32.12.3.rel1.win32_1.0.200.202406191623/tools/bin/../lib/gcc/arm-none-eabi/12.3.1/../../../../arm-none-eabi/lib/thumb/v7e-m+fp/hard\libc_nano.a(libc_a-nano-vfprintf_i.o)
 .debug_frame   0x00003e00       0x28 C:/ST/STM32CubeIDE_1.16.0/STM32CubeIDE/plugins/com.st.stm32cube.ide.mcu.externaltools.gnu-tools-for-stm32.12.3.rel1.win32_1.0.200.202406191623/tools/bin/../lib/gcc/arm-none-eabi/12.3.1/../../../../arm-none-eabi/lib/thumb/v7e-m+fp/hard\libc_nano.a(libc_a-memmove.o)
 .debug_frame   0x00003e28       0x2c C:/ST/STM32CubeIDE_1.16.0/STM32CubeIDE/plugins/com.st.stm32cube.ide.mcu.externaltools.gnu-tools-for-stm32.12.3.rel1.win32_1.0.200.202406191623/tools/bin/../lib/gcc/arm-none-eabi/12.3.1/../../../../arm-none-eabi/lib/thumb/v7e-m+fp/hard\libc_nano.a(libc_a-sbrkr.o)
 .debug_frame   0x00003e54       0x28 C:/ST/STM32CubeIDE_1.16.0/STM32CubeIDE/plugins/com.st.stm32cube.ide.mcu.externaltools.gnu-tools-for-stm32.12.3.rel1.win32_1.0.200.202406191623/tools/bin/../lib/gcc/arm-none-eabi/12.3.1/../../../../arm-none-eabi/lib/thumb/v7e-m+fp/hard\libc_nano.a(libc_a-memcpy-stub.o)
 .debug_frame   0x00003e7c       0x3c C:/ST/STM32CubeIDE_1.16.0/STM32CubeIDE/plugins/com.st.stm32cube.ide.mcu.externaltools.gnu-tools-for-stm32.12.3.rel1.win32_1.0.200.202406191623/tools/bin/../lib/gcc/arm-none-eabi/12.3.1/../../../../arm-none-eabi/lib/thumb/v7e-m+fp/hard\libc_nano.a(libc_a-reallocr.o)
 .debug_frame   0x00003eb8       0x20 C:/ST/STM32CubeIDE_1.16.0/STM32CubeIDE/plugins/com.st.stm32cube.ide.mcu.externaltools.gnu-tools-for-stm32.12.3.rel1.win32_1.0.200.202406191623/tools/bin/../lib/gcc/arm-none-eabi/12.3.1/../../../../arm-none-eabi/lib/thumb/v7e-m+fp/hard\libc_nano.a(libc_a-msizer.o)
 .debug_frame   0x00003ed8       0x2c C:/ST/STM32CubeIDE_1.16.0/STM32CubeIDE/plugins/com.st.stm32cube.ide.mcu.externaltools.gnu-tools-for-stm32.12.3.rel1.win32_1.0.200.202406191623/tools/bin/../lib/gcc/arm-none-eabi/12.3.1/thumb/v7e-m+fp/hard\libgcc.a(_aeabi_uldivmod.o)
 .debug_frame   0x00003f04       0x34 C:/ST/STM32CubeIDE_1.16.0/STM32CubeIDE/plugins/com.st.stm32cube.ide.mcu.externaltools.gnu-tools-for-stm32.12.3.rel1.win32_1.0.200.202406191623/tools/bin/../lib/gcc/arm-none-eabi/12.3.1/thumb/v7e-m+fp/hard\libgcc.a(_udivmoddi4.o)

.debug_line_str
                0x00000000       0x55
 .debug_line_str
                0x00000000       0x55 ./Core/Startup/startup_stm32f407vetx.o
