2024-10-06 17:11:57,227 [INFO] Activator:176 - 


2024-10-06 17:11:57,234 [INFO] Activator:177 - !SESSION log4j initialized
2024-10-06 17:12:03,341 [INFO] LogOutputStream:77 - [STDOUT_REDIRECT] 
2024-10-06 17:12:06,338 [INFO] ApplicationProperties:184 - Using Application install path: C:\ST\STM32CubeIDE_1.16.0\STM32CubeIDE\plugins\com.st.stm32cube.common.mx_6.12.0.202406281431
2024-10-06 17:12:06,360 [INFO] DbMcusXml:78 - Set database path to: C:\ST\STM32CubeIDE_1.16.0\STM32CubeIDE\plugins\com.st.stm32cube.common.mx_6.12.0.202406281431\\db\/mcu/
2024-10-06 17:12:06,360 [INFO] ApiDb:274 - Set plugin database path to: C:\ST\STM32CubeIDE_1.16.0\STM32CubeIDE\plugins\com.st.stm32cube.common.mx_6.12.0.202406281431\\db\/plugins/boardmanager/
2024-10-06 17:12:06,361 [WARN] ApiDb:259 - Overriding images path with different value:  => C:\ST\STM32CubeIDE_1.16.0\STM32CubeIDE\plugins\com.st.stm32cube.common.mx_6.12.0.202406281431\\db\/plugins/mcufinder/images/
2024-10-06 17:12:06,373 [INFO] ApiDb:250 - Set database path to: C:\Users\hyn02\.stmcufinder\plugins\mcufinder//mcu/
2024-10-06 17:12:06,374 [INFO] DbMcusAds:125 - Set database path to: C:\Users\hyn02\.stmcufinder\plugins\mcufinder//mcu/
2024-10-06 17:12:06,376 [INFO] CrossReferenceDbSqlite:203 - Set database path to: C:\Users\hyn02\.stmcufinder\plugins\mcufinder//mcu/cs/
2024-10-06 17:12:06,498 [INFO] RulesReader:64 - Compatibility file has been processed (297 Rules)
2024-10-06 17:12:06,597 [INFO] DbMcusXml:78 - Set database path to: C:\ST\STM32CubeIDE_1.16.0\STM32CubeIDE\plugins\com.st.stm32cube.common.mx_6.12.0.202406281431\\db\/mcu/
2024-10-06 17:12:06,597 [INFO] ApiDb:274 - Set plugin database path to: C:\ST\STM32CubeIDE_1.16.0\STM32CubeIDE\plugins\com.st.stm32cube.common.mx_6.12.0.202406281431\\db\/plugins/boardmanager/
2024-10-06 17:12:06,597 [INFO] ApiDb:261 - Set plugin images path to: C:\ST\STM32CubeIDE_1.16.0\STM32CubeIDE\plugins\com.st.stm32cube.common.mx_6.12.0.202406281431\\db\/plugins/mcufinder/images/
2024-10-06 17:12:06,597 [WARN] DbFile:41 - Overriding database path with different value: C:\Users\hyn02\.stmcufinder\plugins\mcufinder/ => C:\Users\hyn02\.stmcufinder\plugins\mcufinder
2024-10-06 17:12:06,597 [INFO] ApiDb:250 - Set database path to: C:\Users\hyn02\.stmcufinder\plugins\mcufinder//mcu/
2024-10-06 17:12:06,597 [WARN] DbFile:41 - Overriding database path with different value: C:\Users\hyn02\.stmcufinder\plugins\mcufinder/ => C:\Users\hyn02\.stmcufinder\plugins\mcufinder
2024-10-06 17:12:06,597 [INFO] DbMcusAds:125 - Set database path to: C:\Users\hyn02\.stmcufinder\plugins\mcufinder//mcu/
2024-10-06 17:12:06,598 [WARN] DbFile:41 - Overriding database path with different value: C:\Users\hyn02\.stmcufinder\plugins\mcufinder/ => C:\Users\hyn02\.stmcufinder\plugins\mcufinder
2024-10-06 17:12:06,598 [WARN] DbFile:41 - Overriding database path with different value: C:\Users\hyn02\.stmcufinder\plugins\mcufinder/ => C:\Users\hyn02\.stmcufinder\plugins\mcufinder
2024-10-06 17:12:06,598 [INFO] CrossReferenceDbSqlite:203 - Set database path to: C:\Users\hyn02\.stmcufinder\plugins\mcufinder//mcu/cs/
2024-10-06 17:12:06,690 [INFO] MainPanel:268 - HeapMemory: 268435456
2024-10-06 17:12:06,809 [INFO] DbMcusXml:78 - Set database path to: C:\ST\STM32CubeIDE_1.16.0\STM32CubeIDE\plugins\com.st.stm32cube.common.mx_6.12.0.202406281431\\db\/mcu/
2024-10-06 17:12:06,809 [INFO] ApiDb:274 - Set plugin database path to: C:\ST\STM32CubeIDE_1.16.0\STM32CubeIDE\plugins\com.st.stm32cube.common.mx_6.12.0.202406281431\\db\/plugins/boardmanager/
2024-10-06 17:12:06,809 [INFO] ApiDb:261 - Set plugin images path to: C:\ST\STM32CubeIDE_1.16.0\STM32CubeIDE\plugins\com.st.stm32cube.common.mx_6.12.0.202406281431\\db\/plugins/mcufinder/images/
2024-10-06 17:12:06,809 [WARN] DbFile:41 - Overriding database path with different value: C:\Users\hyn02\.stmcufinder\plugins\mcufinder/ => C:\Users\hyn02\.stmcufinder\plugins\mcufinder
2024-10-06 17:12:06,809 [INFO] ApiDb:250 - Set database path to: C:\Users\hyn02\.stmcufinder\plugins\mcufinder//mcu/
2024-10-06 17:12:06,809 [WARN] DbFile:41 - Overriding database path with different value: C:\Users\hyn02\.stmcufinder\plugins\mcufinder/ => C:\Users\hyn02\.stmcufinder\plugins\mcufinder
2024-10-06 17:12:06,810 [INFO] DbMcusAds:125 - Set database path to: C:\Users\hyn02\.stmcufinder\plugins\mcufinder//mcu/
2024-10-06 17:12:06,810 [WARN] DbFile:41 - Overriding database path with different value: C:\Users\hyn02\.stmcufinder\plugins\mcufinder/ => C:\Users\hyn02\.stmcufinder\plugins\mcufinder
2024-10-06 17:12:06,810 [WARN] DbFile:41 - Overriding database path with different value: C:\Users\hyn02\.stmcufinder\plugins\mcufinder/ => C:\Users\hyn02\.stmcufinder\plugins\mcufinder
2024-10-06 17:12:06,810 [INFO] CrossReferenceDbSqlite:203 - Set database path to: C:\Users\hyn02\.stmcufinder\plugins\mcufinder//mcu/cs/
2024-10-06 17:12:06,829 [INFO] ApplicationProperties:184 - Using Application install path: C:\ST\STM32CubeIDE_1.16.0\STM32CubeIDE\plugins\com.st.stm32cube.common.mx_6.12.0.202406281431
2024-10-06 17:12:06,830 [INFO] PluginManage:196 - Search for loadable plugins [exclusion list=, ]
2024-10-06 17:12:06,832 [INFO] PluginManage:310 - Check plugin analytics
2024-10-06 17:12:07,024 [INFO] AnalyticsPlugin:253 - Accepted Software Licenses: 
2024-10-06 17:12:07,024 [INFO] AnalyticsPlugin:255 - Accepted CMSIS Pack Licenses: 
2024-10-06 17:12:07,024 [INFO] AnalyticsPlugin:257 - Accepted Firmware Licenses: FW.F4.1.28.0
2024-10-06 17:12:07,027 [INFO] PluginManage:359 - Loaded plugin analytics (category:tool,tabindex:-1)
2024-10-06 17:12:07,027 [INFO] PluginManage:310 - Check plugin cadmodel
2024-10-06 17:12:07,042 [INFO] CADModel:105 - Init CAD model plugin
2024-10-06 17:12:07,042 [INFO] PluginManage:359 - Loaded plugin cadmodel (category:power,tabindex:5)
2024-10-06 17:12:07,042 [INFO] PluginManage:310 - Check plugin clock
2024-10-06 17:12:07,062 [INFO] PluginManage:359 - Loaded plugin clock (category:base,tabindex:2)
2024-10-06 17:12:07,063 [INFO] PluginManage:310 - Check plugin ddr
2024-10-06 17:12:07,066 [INFO] PluginManage:359 - Loaded plugin ddr (category:tool,tabindex:6)
2024-10-06 17:12:07,066 [INFO] PluginManage:310 - Check plugin filemanager
2024-10-06 17:12:07,217 [INFO] PluginManage:359 - Loaded plugin filemanager (category:base,tabindex:10)
2024-10-06 17:12:07,217 [INFO] PluginManage:310 - Check plugin ipmanager
2024-10-06 17:12:07,224 [INFO] PluginManage:359 - Loaded plugin ipmanager (category:base,tabindex:5)
2024-10-06 17:12:07,225 [INFO] PluginManage:310 - Check plugin lpbam
2024-10-06 17:12:07,243 [INFO] PluginManage:359 - Loaded plugin lpbam (category:base,tabindex:0)
2024-10-06 17:12:07,243 [INFO] PluginManage:310 - Check plugin memorymap
2024-10-06 17:12:07,269 [INFO] PluginManage:359 - Loaded plugin memorymap (category:base,tabindex:4)
2024-10-06 17:12:07,270 [INFO] PluginManage:310 - Check plugin pinoutandconfiguration
2024-10-06 17:12:07,287 [INFO] PluginManage:359 - Loaded plugin pinoutandconfiguration (category:base,tabindex:1)
2024-10-06 17:12:07,287 [INFO] PluginManage:310 - Check plugin pinoutconfig
2024-10-06 17:12:07,397 [WARN] SupportedApi:132 - Cannot load RTOS API schema: s4s-elt-must-match.1: The content of 'definitions' must match (annotation?, (simpleType | complexType)?, (unique | key | keyref)*)). A problem was found starting at: attribute.
2024-10-06 17:12:07,559 [INFO] PluginManage:359 - Loaded plugin pinoutconfig (category:base,tabindex:0)
2024-10-06 17:12:07,559 [INFO] PluginManage:310 - Check plugin power
2024-10-06 17:12:07,583 [INFO] PluginManage:359 - Loaded plugin power (category:power,tabindex:4)
2024-10-06 17:12:07,583 [INFO] PluginManage:310 - Check plugin projectmanager
2024-10-06 17:12:07,619 [INFO] PluginManage:359 - Loaded plugin projectmanager (category:projectmanager,tabindex:4)
2024-10-06 17:12:07,619 [INFO] PluginManage:310 - Check plugin rif
2024-10-06 17:12:07,641 [INFO] PluginManage:359 - Loaded plugin rif (category:base,tabindex:3)
2024-10-06 17:12:07,641 [INFO] PluginManage:310 - Check plugin thirdparty
2024-10-06 17:12:07,946 [INFO] PluginManage:359 - Loaded plugin thirdparty (category:base,tabindex:-1)
2024-10-06 17:12:07,946 [WARN] IntegrityCheckThread:84 - waiting for thirdparty lock release [integrity check]
2024-10-06 17:12:07,947 [INFO] PluginManage:310 - Check plugin tools
2024-10-06 17:12:07,947 [INFO] IntegrityCheckThread:86 - entering critical section [integrity check]
2024-10-06 17:12:07,947 [INFO] ThirdPartyUpdaterWithRetryManager:70 - Updater plugin not ready yet. [1/15]
2024-10-06 17:12:07,984 [INFO] PluginManage:359 - Loaded plugin tools (category:base,tabindex:7)
2024-10-06 17:12:07,984 [INFO] PluginManage:310 - Check plugin tutovideos
2024-10-06 17:12:08,226 [INFO] PluginManage:359 - Loaded plugin tutovideos (category:base,tabindex:-1)
2024-10-06 17:12:08,226 [INFO] PluginManage:310 - Check plugin updater
2024-10-06 17:12:08,243 [INFO] PluginManage:359 - Loaded plugin updater (category:base,tabindex:12)
2024-10-06 17:12:08,244 [INFO] PluginManage:310 - Check plugin userauth
2024-10-06 17:12:08,251 [INFO] UserAuth:113 - Init User Auth plugin
2024-10-06 17:12:08,251 [INFO] PluginManage:359 - Loaded plugin userauth (category:base,tabindex:14)
2024-10-06 17:12:08,252 [INFO] PluginManage:283 - PluginManage : Loaded plugins [18]
2024-10-06 17:12:08,495 [INFO] PinOutPanel:1561 - setPackage(No Configuration,No Configuration)
2024-10-06 17:12:08,584 [INFO] CADModel:165 - CPN selected for project level
2024-10-06 17:12:08,584 [INFO] CADModel:114 - Register for checkConnection events
2024-10-06 17:12:08,614 [INFO] IPUIPlugin:80 - create IPUIPlugin
2024-10-06 17:12:08,615 [INFO] PluginManager:220 - loadIPPluginJar : add adc
2024-10-06 17:12:08,655 [INFO] IPUIPlugin:80 - create IPUIPlugin
2024-10-06 17:12:08,656 [INFO] PluginManager:220 - loadIPPluginJar : add aes
2024-10-06 17:12:08,703 [INFO] IPUIPlugin:80 - create IPUIPlugin
2024-10-06 17:12:08,703 [INFO] PluginManager:220 - loadIPPluginJar : add can
2024-10-06 17:12:08,731 [INFO] IPUIPlugin:80 - create IPUIPlugin
2024-10-06 17:12:08,731 [INFO] PluginManager:220 - loadIPPluginJar : add comp
2024-10-06 17:12:08,775 [INFO] IPUIPlugin:80 - create IPUIPlugin
2024-10-06 17:12:08,776 [INFO] PluginManager:220 - loadIPPluginJar : add cryp
2024-10-06 17:12:08,787 [INFO] IPUIPlugin:80 - create IPUIPlugin
2024-10-06 17:12:08,787 [INFO] PluginManager:220 - loadIPPluginJar : add ddr_ctrl_phy
2024-10-06 17:12:08,818 [INFO] IPUIPlugin:80 - create IPUIPlugin
2024-10-06 17:12:08,819 [INFO] PluginManager:220 - loadIPPluginJar : add dfsdm
2024-10-06 17:12:08,834 [INFO] IPUIPlugin:80 - create IPUIPlugin
2024-10-06 17:12:08,835 [INFO] PluginManager:220 - loadIPPluginJar : add dma
2024-10-06 17:12:08,888 [INFO] IPUIPlugin:80 - create IPUIPlugin
2024-10-06 17:12:08,888 [INFO] PluginManager:220 - loadIPPluginJar : add dma3
2024-10-06 17:12:08,938 [INFO] IPUIPlugin:80 - create IPUIPlugin
2024-10-06 17:12:08,939 [INFO] PluginManager:220 - loadIPPluginJar : add extmemmanager
2024-10-06 17:12:08,968 [INFO] IPUIPlugin:80 - create IPUIPlugin
2024-10-06 17:12:08,968 [INFO] PluginManager:220 - loadIPPluginJar : add fatfs
2024-10-06 17:12:09,018 [INFO] IPUIPlugin:80 - create IPUIPlugin
2024-10-06 17:12:09,018 [INFO] PluginManager:220 - loadIPPluginJar : add fmc
2024-10-06 17:12:09,033 [INFO] IPUIPlugin:80 - create IPUIPlugin
2024-10-06 17:12:09,034 [INFO] PluginManager:220 - loadIPPluginJar : add freertos
2024-10-06 17:12:09,055 [INFO] IPUIPlugin:80 - create IPUIPlugin
2024-10-06 17:12:09,055 [INFO] PluginManager:220 - loadIPPluginJar : add genericplugin
2024-10-06 17:12:09,161 [INFO] IPUIPlugin:80 - create IPUIPlugin
2024-10-06 17:12:09,161 [INFO] PluginManager:220 - loadIPPluginJar : add gfxmmu
2024-10-06 17:12:09,331 [INFO] IPUIPlugin:80 - create IPUIPlugin
2024-10-06 17:12:09,332 [INFO] PluginManager:220 - loadIPPluginJar : add gic
2024-10-06 17:12:09,350 [INFO] IPUIPlugin:80 - create IPUIPlugin
2024-10-06 17:12:09,350 [INFO] PluginManager:220 - loadIPPluginJar : add gpio
2024-10-06 17:12:09,458 [INFO] IPUIPlugin:80 - create IPUIPlugin
2024-10-06 17:12:09,458 [INFO] PluginManager:220 - loadIPPluginJar : add gtzc
2024-10-06 17:12:09,495 [INFO] IPUIPlugin:80 - create IPUIPlugin
2024-10-06 17:12:09,495 [INFO] PluginManager:220 - loadIPPluginJar : add hash
2024-10-06 17:12:09,553 [INFO] IPUIPlugin:80 - create IPUIPlugin
2024-10-06 17:12:09,554 [INFO] PluginManager:220 - loadIPPluginJar : add i2c
2024-10-06 17:12:09,598 [INFO] IPUIPlugin:80 - create IPUIPlugin
2024-10-06 17:12:09,598 [INFO] PluginManager:220 - loadIPPluginJar : add i2s
2024-10-06 17:12:09,646 [INFO] IPUIPlugin:80 - create IPUIPlugin
2024-10-06 17:12:09,646 [INFO] PluginManager:220 - loadIPPluginJar : add i3c
2024-10-06 17:12:09,752 [INFO] IPUIPlugin:80 - create IPUIPlugin
2024-10-06 17:12:09,753 [INFO] PluginManager:220 - loadIPPluginJar : add ipddr
2024-10-06 17:12:09,856 [INFO] IPUIPlugin:80 - create IPUIPlugin
2024-10-06 17:12:09,856 [INFO] PluginManager:220 - loadIPPluginJar : add linkedlist
2024-10-06 17:12:09,897 [INFO] IPUIPlugin:80 - create IPUIPlugin
2024-10-06 17:12:09,897 [INFO] PluginManager:220 - loadIPPluginJar : add lorawan
2024-10-06 17:12:09,935 [INFO] IPUIPlugin:80 - create IPUIPlugin
2024-10-06 17:12:09,935 [INFO] PluginManager:220 - loadIPPluginJar : add ltdc
2024-10-06 17:12:09,950 [INFO] IPUIPlugin:80 - create IPUIPlugin
2024-10-06 17:12:09,950 [INFO] PluginManager:220 - loadIPPluginJar : add mdma
2024-10-06 17:12:09,963 [INFO] IPUIPlugin:80 - create IPUIPlugin
2024-10-06 17:12:09,963 [INFO] PluginManager:220 - loadIPPluginJar : add nvic
2024-10-06 17:12:10,002 [INFO] IPUIPlugin:80 - create IPUIPlugin
2024-10-06 17:12:10,002 [INFO] PluginManager:220 - loadIPPluginJar : add opamp
2024-10-06 17:12:10,070 [INFO] IPUIPlugin:80 - create IPUIPlugin
2024-10-06 17:12:10,071 [INFO] PluginManager:220 - loadIPPluginJar : add openamp
2024-10-06 17:12:10,117 [INFO] IPUIPlugin:80 - create IPUIPlugin
2024-10-06 17:12:10,117 [INFO] PluginManager:220 - loadIPPluginJar : add pdm2pcm
2024-10-06 17:12:10,132 [INFO] IPUIPlugin:80 - create IPUIPlugin
2024-10-06 17:12:10,134 [INFO] PluginManager:220 - loadIPPluginJar : add plateformsettings
2024-10-06 17:12:10,159 [INFO] IPUIPlugin:80 - create IPUIPlugin
2024-10-06 17:12:10,159 [INFO] PluginManager:220 - loadIPPluginJar : add quadspi
2024-10-06 17:12:10,186 [INFO] IPUIPlugin:80 - create IPUIPlugin
2024-10-06 17:12:10,187 [INFO] PluginManager:220 - loadIPPluginJar : add radio
2024-10-06 17:12:10,200 [INFO] IPUIPlugin:80 - create IPUIPlugin
2024-10-06 17:12:10,200 [INFO] PluginManager:220 - loadIPPluginJar : add resmgrutility
2024-10-06 17:12:10,250 [INFO] IPUIPlugin:80 - create IPUIPlugin
2024-10-06 17:12:10,250 [INFO] PluginManager:220 - loadIPPluginJar : add sai
2024-10-06 17:12:10,289 [INFO] IPUIPlugin:80 - create IPUIPlugin
2024-10-06 17:12:10,289 [INFO] PluginManager:220 - loadIPPluginJar : add spi
2024-10-06 17:12:10,359 [INFO] IPUIPlugin:80 - create IPUIPlugin
2024-10-06 17:12:10,359 [INFO] PluginManager:220 - loadIPPluginJar : add stm32_wpan
2024-10-06 17:12:10,385 [INFO] IPUIPlugin:80 - create IPUIPlugin
2024-10-06 17:12:10,385 [INFO] PluginManager:220 - loadIPPluginJar : add tim
2024-10-06 17:12:10,458 [INFO] IPUIPlugin:80 - create IPUIPlugin
2024-10-06 17:12:10,459 [INFO] PluginManager:220 - loadIPPluginJar : add touchsensing
2024-10-06 17:12:10,483 [INFO] IPUIPlugin:80 - create IPUIPlugin
2024-10-06 17:12:10,483 [INFO] PluginManager:220 - loadIPPluginJar : add tracer_emb
2024-10-06 17:12:10,510 [INFO] IPUIPlugin:80 - create IPUIPlugin
2024-10-06 17:12:10,510 [INFO] PluginManager:220 - loadIPPluginJar : add ts
2024-10-06 17:12:10,534 [INFO] IPUIPlugin:80 - create IPUIPlugin
2024-10-06 17:12:10,534 [INFO] PluginManager:220 - loadIPPluginJar : add tsc
2024-10-06 17:12:10,558 [INFO] IPUIPlugin:80 - create IPUIPlugin
2024-10-06 17:12:10,559 [INFO] PluginManager:220 - loadIPPluginJar : add ucpd
2024-10-06 17:12:10,609 [INFO] IPUIPlugin:80 - create IPUIPlugin
2024-10-06 17:12:10,609 [INFO] PluginManager:220 - loadIPPluginJar : add usart
2024-10-06 17:12:10,654 [INFO] IPUIPlugin:80 - create IPUIPlugin
2024-10-06 17:12:10,654 [INFO] PluginManager:220 - loadIPPluginJar : add usbx
2024-10-06 17:12:10,782 [INFO] CADModel:165 - CPN selected for project level
2024-10-06 17:12:10,782 [INFO] CADModel:114 - Register for checkConnection events
2024-10-06 17:12:10,782 [FATAL] Updater:334 - Updater called before beeing initialized
2024-10-06 17:12:10,782 [ERROR] CADModel:125 - Updater not yet initialized, retry later 
2024-10-06 17:12:10,931 [INFO] CADModel:165 - CPN selected for project level
2024-10-06 17:12:10,931 [INFO] CADModel:114 - Register for checkConnection events
2024-10-06 17:12:10,931 [FATAL] Updater:334 - Updater called before beeing initialized
2024-10-06 17:12:10,931 [ERROR] CADModel:125 - Updater not yet initialized, retry later 
2024-10-06 17:12:10,934 [FATAL] Updater:334 - Updater called before beeing initialized
2024-10-06 17:12:10,948 [INFO] ThirdPartyUpdaterWithRetryManager:70 - Updater plugin not ready yet. [2/15]
2024-10-06 17:12:11,044 [FATAL] Updater:334 - Updater called before beeing initialized
2024-10-06 17:12:11,057 [INFO] DbMcusAds:53 - JSON generation date=Mon Sep 16 23:40:22 KST 2024 (1726497622318)
2024-10-06 17:12:11,057 [FATAL] Updater:334 - Updater called before beeing initialized
2024-10-06 17:12:11,096 [WARN] DetailPanel:346 - Failed to get advertising image, set to default
2024-10-06 17:12:11,183 [FATAL] Updater:334 - Updater called before beeing initialized
2024-10-06 17:12:11,185 [FATAL] Updater:334 - Updater called before beeing initialized
2024-10-06 17:12:11,186 [FATAL] Updater:334 - Updater called before beeing initialized
2024-10-06 17:12:11,186 [WARN] DetailPanel:346 - Failed to get advertising image, set to default
2024-10-06 17:12:11,186 [FATAL] Updater:334 - Updater called before beeing initialized
2024-10-06 17:12:11,278 [ERROR] Updater:1164 - MainUpdater not yet initialized. External WinMGr cannot be set.
2024-10-06 17:12:11,296 [INFO] Updater:1100 - Updater Version found : 6.12.0
2024-10-06 17:12:11,314 [INFO] ApplicationProperties:184 - Using Application install path: C:\ST\STM32CubeIDE_1.16.0\STM32CubeIDE\plugins\com.st.stm32cube.common.mx_6.12.0.202406281431
2024-10-06 17:12:12,892 [ERROR] LogOutputStream:75 - [STDERR_REDIRECT] Oct 06, 2024 5:12:12 PM java.util.prefs.WindowsPreferences <init>
2024-10-06 17:12:12,893 [ERROR] LogOutputStream:75 - [STDERR_REDIRECT] WARNING: Could not open/create prefs root node Software\JavaSoft\Prefs at root 0xffffffff80000002. Windows RegCreateKeyEx(...) returned error code 5.
2024-10-06 17:12:12,893 [ERROR] LogOutputStream:75 - [STDERR_REDIRECT] 
2024-10-06 17:12:13,338 [INFO] MainUpdater:2873 - connection check result : 10
2024-10-06 17:12:13,338 [INFO] MainUpdater:3567 - Updater definition file requires update
2024-10-06 17:12:13,339 [INFO] MainUpdater:290 - Updater Check For Update Now.
2024-10-06 17:12:13,339 [INFO] MicroXplorer:498 - Change Database Version : DB.6.0.120
2024-10-06 17:12:13,357 [INFO] McuFinderGlobals:63 - Set McuFinder mode to 2 (CubeIDE integrated)
2024-10-06 17:12:13,363 [INFO] UserAuth:417 - Internet connection configuration mode: 1
2024-10-06 17:12:13,392 [INFO] JxBrowserEngine:152 - Initiate JxBrowser Engine with user profile folder
2024-10-06 17:12:13,558 [INFO] ServerAccessManage:473 - Download File updaters.zip
2024-10-06 17:12:13,782 [INFO] FileExtend:240 - Unzip File : updaters.zip
2024-10-06 17:12:13,782 [INFO] FileExtend:255 - Standard Zip Deflate
2024-10-06 17:12:13,949 [WARN] MainUpdater:1194 - Updater busy. Cannot search thirdparties
2024-10-06 17:12:13,949 [INFO] ThirdPartyUpdaterWithRetryManager:96 - Updater plugin is busy. [1/15]
2024-10-06 17:12:14,292 [INFO] ServerAccessManage:473 - Download File PacksControlFlags.xml
2024-10-06 17:12:14,488 [INFO] ServerAccessManage:473 - Download File cubemx.pidx
2024-10-06 17:12:15,119 [INFO] ServerAccessManage:473 - Download File STMicroelectronics.X-CUBE-AI.pdsc
2024-10-06 17:12:16,950 [WARN] MainUpdater:1194 - Updater busy. Cannot search thirdparties
2024-10-06 17:12:16,950 [INFO] ThirdPartyUpdaterWithRetryManager:96 - Updater plugin is busy. [2/15]
2024-10-06 17:12:17,691 [INFO] ServerAccessManage:473 - Download File STMicroelectronics.X-CUBE-IPS.pdsc
2024-10-06 17:12:18,641 [INFO] ServerAccessManage:473 - Download File STMicroelectronics.X-CUBE-WB05N.pdsc
2024-10-06 17:12:19,124 [WARN] PackLoader:240 - Cannot read IP mode file for STMicroelectronics.X-CUBE-AI.9.1.0
2024-10-06 17:12:19,144 [WARN] PackLoader:240 - Cannot read IP mode file for STMicroelectronics.X-CUBE-IPS.3.0.0
2024-10-06 17:12:19,160 [WARN] PackLoader:240 - Cannot read IP mode file for STMicroelectronics.X-CUBE-WB05N.1.1.0
2024-10-06 17:12:19,161 [INFO] PopulateThirdPartyThread:66 - Ending populate Thread
2024-10-06 17:12:19,163 [INFO] ThirdParty:1030 - CMSIS Pack Vendor :STMicroelectronics X-CUBE-IPS 3.0.0
2024-10-06 17:12:19,163 [INFO] ThirdParty:1030 - CMSIS Pack Vendor :STMicroelectronics X-CUBE-AI 9.1.0
2024-10-06 17:12:19,163 [INFO] ThirdParty:1030 - CMSIS Pack Vendor :STMicroelectronics X-CUBE-WB05N 1.1.0
2024-10-06 17:12:19,163 [INFO] LoadServerUpdatesThread:375 - End of LoadServerUpdate Thread
2024-10-06 17:12:19,322 [INFO] CheckServerUpdateThread:120 - End of CheckServer Thread
2024-10-06 17:12:20,108 [WARN] PackLoader:240 - Cannot read IP mode file for STMicroelectronics.FP-SNS-MOTENVWB1.1.4.0
2024-10-06 17:12:20,121 [WARN] PackLoader:240 - Cannot read IP mode file for STMicroelectronics.X-CUBE-SMBUS.2.1.0
2024-10-06 17:12:20,125 [WARN] PackLoader:240 - Cannot read IP mode file for STMicroelectronics.X-CUBE-WB05N.1.1.0
2024-10-06 17:12:20,180 [WARN] PackLoader:240 - Cannot read IP mode file for STMicroelectronics.X-CUBE-AZRTOS-F7.1.1.0
2024-10-06 17:12:20,258 [WARN] PackLoader:240 - Cannot read IP mode file for STMicroelectronics.X-CUBE-MEMS1.11.0.0
2024-10-06 17:12:20,505 [WARN] PackLoader:240 - Cannot read IP mode file for STMicroelectronics.FP-SNS-FLIGHT1.5.0.2
2024-10-06 17:12:20,551 [WARN] PackLoader:240 - Cannot read IP mode file for STMicroelectronics.X-CUBE-DISPLAY.3.0.0
2024-10-06 17:12:20,644 [WARN] PackLoader:240 - Cannot read IP mode file for STMicroelectronics.X-CUBE-BLE1.7.0.0
2024-10-06 17:12:20,687 [WARN] PackLoader:240 - Cannot read IP mode file for STMicroelectronics.X-CUBE-NFC10.1.0.0
2024-10-06 17:12:20,716 [WARN] PackLoader:240 - Cannot read IP mode file for emotas.I-CUBE-CANOPEN.1.3.0
2024-10-06 17:12:20,739 [WARN] PackLoader:240 - Cannot read IP mode file for STMicroelectronics.X-CUBE-BLEMGR.3.1.0
2024-10-06 17:12:20,757 [WARN] PackLoader:240 - Cannot read IP mode file for STMicroelectronics.FP-SNS-SMARTAG2.1.2.0
2024-10-06 17:12:20,792 [INFO] LogOutputStream:77 - [STDOUT_REDIRECT] 1 : Invalid condition id : UX_CORESTACK_Condition cause : null
2024-10-06 17:12:20,803 [INFO] LogOutputStream:77 - [STDOUT_REDIRECT] 1 : Invalid condition id : UX_CORESTACK_Condition cause : null
2024-10-06 17:12:20,806 [INFO] LogOutputStream:77 - [STDOUT_REDIRECT] 1 : Invalid condition id : UX_CORESTACK_Condition cause : null
2024-10-06 17:12:20,808 [INFO] LogOutputStream:77 - [STDOUT_REDIRECT] 1 : Invalid condition id : UX_CORESTACK_Condition cause : null
2024-10-06 17:12:20,810 [INFO] LogOutputStream:77 - [STDOUT_REDIRECT] 1 : Invalid condition id : UX_CORESTACK_Condition cause : null
2024-10-06 17:12:20,813 [WARN] PackLoader:240 - Cannot read IP mode file for STMicroelectronics.X-CUBE-AZRTOS-WL.2.0.0
2024-10-06 17:12:20,838 [WARN] PackLoader:240 - Cannot read IP mode file for STMicroelectronics.FP-SNS-MOTENV1.5.0.0
2024-10-06 17:12:20,847 [WARN] PackLoader:240 - Cannot read IP mode file for wolfSSL.I-CUBE-wolfMQTT.1.19.0
2024-10-06 17:12:20,865 [WARN] PackLoader:240 - Cannot read IP mode file for WES.I-CUBE-Cesium.1.3.0
2024-10-06 17:12:20,867 [INFO] WebApp:167 - Instantiating new browser for Auth
2024-10-06 17:12:20,898 [WARN] PackLoader:240 - Cannot read IP mode file for STMicroelectronics.X-CUBE-BLE2.3.3.0
2024-10-06 17:12:20,917 [WARN] PackLoader:240 - Cannot read IP mode file for STMicroelectronics.X-CUBE-NFC9.1.0.0
2024-10-06 17:12:20,961 [WARN] PackLoader:240 - Cannot read IP mode file for STMicroelectronics.X-CUBE-TCPP.4.1.0
2024-10-06 17:12:21,005 [WARN] PackLoader:240 - Cannot read IP mode file for STMicroelectronics.X-CUBE-AZRTOS-G0.1.1.0
2024-10-06 17:12:21,053 [WARN] PackLoader:240 - Cannot read IP mode file for STMicroelectronics.X-CUBE-SAFEA1.1.2.2
2024-10-06 17:12:21,111 [WARN] PackLoader:240 - Cannot read IP mode file for STMicroelectronics.X-CUBE-NFC4.3.0.0
2024-10-06 17:12:21,157 [WARN] PackLoader:240 - Cannot read IP mode file for EmbeddedOffice.I-CUBE-FS-RTOS.1.0.1
2024-10-06 17:12:21,158 [ERROR] ConditionMgr:805 - Attr not supported : Dmpu
2024-10-06 17:12:21,158 [ERROR] ConditionMgr:805 - Attr not supported : Dmpu
2024-10-06 17:12:21,158 [ERROR] ConditionMgr:805 - Attr not supported : Dmpu
2024-10-06 17:12:21,158 [ERROR] ConditionMgr:805 - Attr not supported : Dmpu
2024-10-06 17:12:21,158 [ERROR] ConditionMgr:805 - Attr not supported : Dmpu
2024-10-06 17:12:21,158 [ERROR] ConditionMgr:805 - Attr not supported : Dmpu
2024-10-06 17:12:21,158 [ERROR] ConditionMgr:805 - Attr not supported : Dmpu
2024-10-06 17:12:21,158 [ERROR] ConditionMgr:805 - Attr not supported : Dmpu
2024-10-06 17:12:21,158 [ERROR] ConditionMgr:805 - Attr not supported : Dmpu
2024-10-06 17:12:21,158 [ERROR] ConditionMgr:805 - Attr not supported : Dmpu
2024-10-06 17:12:21,158 [ERROR] ConditionMgr:805 - Attr not supported : Dmpu
2024-10-06 17:12:21,159 [ERROR] ConditionMgr:805 - Attr not supported : Dmpu
2024-10-06 17:12:21,159 [ERROR] ConditionMgr:805 - Attr not supported : Dmpu
2024-10-06 17:12:21,159 [ERROR] ConditionMgr:805 - Attr not supported : Dmpu
2024-10-06 17:12:21,159 [ERROR] ConditionMgr:805 - Attr not supported : Dmpu
2024-10-06 17:12:21,159 [ERROR] ConditionMgr:805 - Attr not supported : Dmpu
2024-10-06 17:12:21,159 [ERROR] ConditionMgr:805 - Attr not supported : Dmpu
2024-10-06 17:12:21,159 [ERROR] ConditionMgr:805 - Attr not supported : Dmpu
2024-10-06 17:12:21,159 [ERROR] ConditionMgr:805 - Attr not supported : Dmpu
2024-10-06 17:12:21,159 [ERROR] ConditionMgr:805 - Attr not supported : Dmpu
2024-10-06 17:12:21,159 [ERROR] ConditionMgr:805 - Attr not supported : Dmpu
2024-10-06 17:12:21,159 [ERROR] ConditionMgr:805 - Attr not supported : Dmpu
2024-10-06 17:12:21,159 [ERROR] ConditionMgr:805 - Attr not supported : Dmpu
2024-10-06 17:12:21,159 [ERROR] ConditionMgr:805 - Attr not supported : Dmpu
2024-10-06 17:12:21,159 [ERROR] ConditionMgr:805 - Attr not supported : Dmpu
2024-10-06 17:12:21,159 [ERROR] ConditionMgr:805 - Attr not supported : Dmpu
2024-10-06 17:12:21,160 [ERROR] ConditionMgr:805 - Attr not supported : Dmpu
2024-10-06 17:12:21,160 [ERROR] ConditionMgr:805 - Attr not supported : Dmpu
2024-10-06 17:12:21,160 [ERROR] ConditionMgr:805 - Attr not supported : Dmpu
2024-10-06 17:12:21,160 [ERROR] ConditionMgr:805 - Attr not supported : Dmpu
2024-10-06 17:12:21,160 [ERROR] ConditionMgr:805 - Attr not supported : Dmpu
2024-10-06 17:12:21,160 [ERROR] ConditionMgr:805 - Attr not supported : Dmpu
2024-10-06 17:12:21,160 [ERROR] ConditionMgr:805 - Attr not supported : Dmpu
2024-10-06 17:12:21,160 [ERROR] ConditionMgr:805 - Attr not supported : Dmpu
2024-10-06 17:12:21,160 [ERROR] ConditionMgr:805 - Attr not supported : Dmpu
2024-10-06 17:12:21,161 [ERROR] ConditionMgr:805 - Attr not supported : Dmpu
2024-10-06 17:12:21,161 [ERROR] ConditionMgr:805 - Attr not supported : Dmpu
2024-10-06 17:12:21,161 [ERROR] ConditionMgr:805 - Attr not supported : Dmpu
2024-10-06 17:12:21,161 [ERROR] ConditionMgr:805 - Attr not supported : Dmpu
2024-10-06 17:12:21,161 [ERROR] ConditionMgr:805 - Attr not supported : Dmpu
2024-10-06 17:12:21,161 [ERROR] ConditionMgr:805 - Attr not supported : Dmpu
2024-10-06 17:12:21,161 [ERROR] ConditionMgr:805 - Attr not supported : Dmpu
2024-10-06 17:12:21,161 [ERROR] ConditionMgr:805 - Attr not supported : Dmpu
2024-10-06 17:12:21,161 [ERROR] ConditionMgr:805 - Attr not supported : Dmpu
2024-10-06 17:12:21,161 [ERROR] ConditionMgr:805 - Attr not supported : Dmpu
2024-10-06 17:12:21,161 [ERROR] ConditionMgr:805 - Attr not supported : Dmpu
2024-10-06 17:12:21,161 [ERROR] ConditionMgr:805 - Attr not supported : Dmpu
2024-10-06 17:12:21,161 [ERROR] ConditionMgr:805 - Attr not supported : Dmpu
2024-10-06 17:12:21,161 [ERROR] ConditionMgr:805 - Attr not supported : Dmpu
2024-10-06 17:12:21,162 [ERROR] ConditionMgr:805 - Attr not supported : Dmpu
2024-10-06 17:12:21,162 [ERROR] ConditionMgr:805 - Attr not supported : Dmpu
2024-10-06 17:12:21,162 [ERROR] ConditionMgr:805 - Attr not supported : Dmpu
2024-10-06 17:12:21,162 [ERROR] ConditionMgr:805 - Attr not supported : Dmpu
2024-10-06 17:12:21,162 [ERROR] ConditionMgr:805 - Attr not supported : Dmpu
2024-10-06 17:12:21,162 [ERROR] ConditionMgr:805 - Attr not supported : Dmpu
2024-10-06 17:12:21,162 [ERROR] ConditionMgr:805 - Attr not supported : Dmpu
2024-10-06 17:12:21,162 [ERROR] ConditionMgr:805 - Attr not supported : Dmpu
2024-10-06 17:12:21,162 [ERROR] ConditionMgr:805 - Attr not supported : Dmpu
2024-10-06 17:12:21,162 [ERROR] ConditionMgr:805 - Attr not supported : Dmpu
2024-10-06 17:12:21,162 [ERROR] ConditionMgr:805 - Attr not supported : Dmpu
2024-10-06 17:12:21,162 [ERROR] ConditionMgr:805 - Attr not supported : Dmpu
2024-10-06 17:12:21,162 [ERROR] ConditionMgr:805 - Attr not supported : Dmpu
2024-10-06 17:12:21,162 [ERROR] ConditionMgr:805 - Attr not supported : Dmpu
2024-10-06 17:12:21,163 [ERROR] ConditionMgr:805 - Attr not supported : Dmpu
2024-10-06 17:12:21,183 [WARN] PackLoader:240 - Cannot read IP mode file for RealThread.X-CUBE-RT-Thread_Nano.4.1.1
2024-10-06 17:12:21,198 [WARN] PackLoader:240 - Cannot read IP mode file for STMicroelectronics.FP-ATR-SIGFOX1.3.2.0
2024-10-06 17:12:21,230 [WARN] PackLoader:240 - Cannot read IP mode file for wolfSSL.I-CUBE-wolfSSL.5.7.2
2024-10-06 17:12:21,273 [WARN] PackLoader:240 - Cannot read IP mode file for STMicroelectronics.X-CUBE-EEPRMA1.5.1.0
2024-10-06 17:12:21,331 [WARN] PackLoader:240 - Cannot read IP mode file for ITTIA_DB.I-CUBE-ITTIADB.8.9.0
2024-10-06 17:12:21,394 [WARN] PackLoader:240 - Cannot read IP mode file for SEGGER.I-CUBE-embOS.1.3.1
2024-10-06 17:12:21,470 [WARN] PackLoader:240 - Cannot read IP mode file for STMicroelectronics.X-CUBE-ALGOBUILD.1.4.0
2024-10-06 17:12:21,475 [WARN] PackLoader:240 - Cannot read IP mode file for STMicroelectronics.X-CUBE-AI.9.1.0
2024-10-06 17:12:21,514 [WARN] PackLoader:240 - Cannot read IP mode file for STMicroelectronics.X-CUBE-AZRTOS-F4.1.1.0
2024-10-06 17:12:21,555 [WARN] PackLoader:240 - Cannot read IP mode file for STMicroelectronics.X-CUBE-ISPU.2.1.0
2024-10-06 17:12:21,581 [WARN] PackLoader:240 - Cannot read IP mode file for STMicroelectronics.X-CUBE-FREERTOS.1.2.0
2024-10-06 17:12:21,620 [WARN] PackLoader:240 - Cannot read IP mode file for STMicroelectronics.X-CUBE-AZRTOS-L5.2.0.0
2024-10-06 17:12:21,697 [WARN] PackLoader:240 - Cannot read IP mode file for STMicroelectronics.X-CUBE-NFC6.3.1.0
2024-10-06 17:12:21,719 [WARN] PackLoader:240 - Cannot read IP mode file for STMicroelectronics.X-CUBE-DPower.1.2.0
2024-10-06 17:12:21,742 [WARN] PackLoader:240 - Cannot read IP mode file for STMicroelectronics.X-CUBE-AI.9.0.0
2024-10-06 17:12:21,762 [WARN] PackLoader:240 - Cannot read IP mode file for STMicroelectronics.X-CUBE-NFC7.1.0.1
2024-10-06 17:12:21,821 [WARN] ConditionMgr:438 - getConditionDescription Invalid condition id : LAN8742 Phy interface Condition cause : null
2024-10-06 17:12:21,822 [WARN] PackLoader:240 - Cannot read IP mode file for STMicroelectronics.X-CUBE-AZRTOS-L4.2.0.0
2024-10-06 17:12:21,825 [WARN] ConditionMgr:1039 - genDependencies : Invalid condition id : LAN8742 Phy interface Condition cause : null
2024-10-06 17:12:21,827 [WARN] ConditionMgr:1039 - genDependencies : Invalid condition id : LAN8742 Phy interface Condition cause : null
2024-10-06 17:12:21,828 [WARN] ConditionMgr:1039 - genDependencies : Invalid condition id : LAN8742 Phy interface Condition cause : null
2024-10-06 17:12:21,850 [WARN] PackLoader:240 - Cannot read IP mode file for STMicroelectronics.X-CUBE-SFXS2LP1.4.0.0
2024-10-06 17:12:21,947 [WARN] PackLoader:240 - Cannot read IP mode file for STMicroelectronics.X-CUBE-AZRTOS-H7.3.3.0
2024-10-06 17:12:21,991 [WARN] PackLoader:240 - Cannot read IP mode file for STMicroelectronics.X-CUBE-IPS.3.0.0
2024-10-06 17:12:22,035 [WARN] ConditionMgr:438 - getConditionDescription Invalid condition id : UX DEVICE CLASS RTOS Condition cause : null
2024-10-06 17:12:22,035 [WARN] ConditionMgr:438 - getConditionDescription Invalid condition id : UX DEVICE CLASS RTOS Condition cause : null
2024-10-06 17:12:22,037 [WARN] PackLoader:240 - Cannot read IP mode file for STMicroelectronics.X-CUBE-AZRTOS-WB.2.0.0
2024-10-06 17:12:22,038 [WARN] ConditionMgr:1039 - genDependencies : Invalid condition id : UX DEVICE CLASS RTOS Condition cause : null
2024-10-06 17:12:22,039 [WARN] ConditionMgr:1039 - genDependencies : Invalid condition id : UX DEVICE CLASS RTOS Condition cause : null
2024-10-06 17:12:22,039 [WARN] ConditionMgr:1039 - genDependencies : Invalid condition id : UX DEVICE CLASS RTOS Condition cause : null
2024-10-06 17:12:22,039 [WARN] ConditionMgr:1039 - genDependencies : Invalid condition id : UX DEVICE CLASS RTOS Condition cause : null
2024-10-06 17:12:22,040 [WARN] ConditionMgr:1039 - genDependencies : Invalid condition id : UX DEVICE CLASS RTOS Condition cause : null
2024-10-06 17:12:22,066 [WARN] PackLoader:240 - Cannot read IP mode file for STMicroelectronics.X-CUBE-GNSS1.7.0.0
2024-10-06 17:12:22,086 [WARN] PackLoader:240 - Cannot read IP mode file for STMicroelectronics.FP-SNS-STBOX1.2.0.0
2024-10-06 17:12:22,189 [WARN] PackLoader:240 - Cannot read IP mode file for STMicroelectronics.X-CUBE-SUBG2.5.0.0
2024-10-06 17:12:22,212 [WARN] PackLoader:240 - Cannot read IP mode file for Cesanta.I-CUBE-Mongoose.7.13.0
2024-10-06 17:12:22,246 [WARN] PackLoader:240 - Cannot read IP mode file for STMicroelectronics.X-CUBE-AZRTOS-G4.2.0.0
2024-10-06 17:12:22,313 [WARN] PackLoader:240 - Cannot read IP mode file for STMicroelectronics.X-CUBE-ISPU.2.0.0
2024-10-06 17:12:22,342 [WARN] PackLoader:240 - Cannot read IP mode file for STMicroelectronics.X-CUBE-ALS.1.0.2
2024-10-06 17:12:22,351 [INFO] WebApp:448 - Apply proxy settings
2024-10-06 17:12:22,351 [INFO] WebApp:533 - Chromium requires no authentication
2024-10-06 17:12:22,369 [INFO] WebApp:476 - Direct internet connection detected
2024-10-06 17:12:22,418 [INFO] WebApp:869 - Register for checkConnection events
2024-10-06 17:12:22,418 [INFO] WebApp:448 - Apply proxy settings
2024-10-06 17:12:22,418 [INFO] WebApp:533 - Chromium requires no authentication
2024-10-06 17:12:22,419 [INFO] WebApp:476 - Direct internet connection detected
2024-10-06 17:12:22,426 [WARN] PackLoader:240 - Cannot read IP mode file for STMicroelectronics.X-CUBE-TOUCHGFX.4.24.0
2024-10-06 17:12:22,443 [WARN] PackLoader:240 - Cannot read IP mode file for STMicroelectronics.X-CUBE-TOUCHGFX.4.24.1
2024-10-06 17:12:22,449 [WARN] PackLoader:240 - Cannot read IP mode file for wolfSSL.I-CUBE-wolfTPM.3.4.0
2024-10-06 17:12:22,467 [WARN] PackLoader:240 - Cannot read IP mode file for portGmbH.I-Cube-SoM-uGOAL.1.1.0
2024-10-06 17:12:22,502 [WARN] PackLoader:240 - Cannot read IP mode file for STMicroelectronics.X-CUBE-AZRTOS-H7RS.1.0.0
2024-10-06 17:12:22,510 [WARN] PackLoader:240 - Cannot read IP mode file for STMicroelectronics.FP-ATR-ASTRA1.2.0.0
2024-10-06 17:12:22,531 [WARN] PackLoader:240 - Cannot read IP mode file for STMicroelectronics.X-CUBE-TOF1.3.4.2
2024-10-06 17:12:22,579 [WARN] PackLoader:240 - Cannot read IP mode file for Infineon.AIROC-Wi-Fi-Bluetooth-STM32.1.6.1
2024-10-06 17:12:22,586 [WARN] PackLoader:240 - Cannot read IP mode file for wolfSSL.I-CUBE-wolfSSH.1.4.17
2024-10-06 17:12:22,586 [INFO] ThirdParty:978 - Integrity check success = true
2024-10-06 17:12:22,586 [INFO] IntegrityCheckThread:100 - exiting critical section [integrity check]
2024-10-06 17:12:22,587 [INFO] IntegrityCheckThread:103 - End integrity checks thread
2024-10-06 17:12:22,719 [INFO] WebApp:220 - Starting web application
2024-10-06 17:12:22,719 [INFO] WebApp:578 - Web application path used C:\ST\STM32CubeIDE_1.16.0\STM32CubeIDE\plugins\com.st.stm32cube.common.mx_6.12.0.202406281431\db\plugins\mcufinder\reactClient1\index.html
2024-10-06 17:12:22,758 [INFO] WebApp:186 - Connection restablished
2024-10-06 17:12:22,934 [INFO] UserAuth:417 - Internet connection configuration mode: 1
2024-10-06 19:43:04,733 [INFO] WebApp:189 - Connection lost
2024-10-06 19:43:04,987 [INFO] WebApp:186 - Connection restablished
2024-10-06 19:43:13,241 [INFO] WebApp:189 - Connection lost
2024-10-06 19:43:13,437 [INFO] WebApp:186 - Connection restablished
