2024-09-28 10:44:52,343 [ERROR] LogOutputStream:75 - [STDERR_REDIRECT] 
2024-09-28 11:15:45,024 [INFO] Activator:176 - 


2024-09-28 11:15:45,026 [INFO] Activator:177 - !SESSION log4j initialized
2024-09-28 11:15:51,786 [INFO] LogOutputStream:77 - [STDOUT_REDIRECT] 
2024-09-28 11:15:53,836 [INFO] ApplicationProperties:184 - Using Application install path: C:\ST\STM32CubeIDE_1.16.0\STM32CubeIDE\plugins\com.st.stm32cube.common.mx_6.12.0.202406281431
2024-09-28 11:15:53,858 [INFO] DbMcusXml:78 - Set database path to: C:\ST\STM32CubeIDE_1.16.0\STM32CubeIDE\plugins\com.st.stm32cube.common.mx_6.12.0.202406281431\\db\/mcu/
2024-09-28 11:15:53,859 [INFO] ApiDb:274 - Set plugin database path to: C:\ST\STM32CubeIDE_1.16.0\STM32CubeIDE\plugins\com.st.stm32cube.common.mx_6.12.0.202406281431\\db\/plugins/boardmanager/
2024-09-28 11:15:53,860 [WARN] ApiDb:259 - Overriding images path with different value:  => C:\ST\STM32CubeIDE_1.16.0\STM32CubeIDE\plugins\com.st.stm32cube.common.mx_6.12.0.202406281431\\db\/plugins/mcufinder/images/
2024-09-28 11:15:53,870 [INFO] ApiDb:250 - Set database path to: C:\Users\hyn02\.stmcufinder\plugins\mcufinder//mcu/
2024-09-28 11:15:53,872 [INFO] DbMcusAds:125 - Set database path to: C:\Users\hyn02\.stmcufinder\plugins\mcufinder//mcu/
2024-09-28 11:15:53,876 [INFO] CrossReferenceDbSqlite:203 - Set database path to: C:\Users\hyn02\.stmcufinder\plugins\mcufinder//mcu/cs/
2024-09-28 11:15:54,025 [INFO] RulesReader:64 - Compatibility file has been processed (297 Rules)
2024-09-28 11:15:54,127 [INFO] DbMcusXml:78 - Set database path to: C:\ST\STM32CubeIDE_1.16.0\STM32CubeIDE\plugins\com.st.stm32cube.common.mx_6.12.0.202406281431\\db\/mcu/
2024-09-28 11:15:54,128 [INFO] ApiDb:274 - Set plugin database path to: C:\ST\STM32CubeIDE_1.16.0\STM32CubeIDE\plugins\com.st.stm32cube.common.mx_6.12.0.202406281431\\db\/plugins/boardmanager/
2024-09-28 11:15:54,128 [INFO] ApiDb:261 - Set plugin images path to: C:\ST\STM32CubeIDE_1.16.0\STM32CubeIDE\plugins\com.st.stm32cube.common.mx_6.12.0.202406281431\\db\/plugins/mcufinder/images/
2024-09-28 11:15:54,128 [WARN] DbFile:41 - Overriding database path with different value: C:\Users\hyn02\.stmcufinder\plugins\mcufinder/ => C:\Users\hyn02\.stmcufinder\plugins\mcufinder
2024-09-28 11:15:54,128 [INFO] ApiDb:250 - Set database path to: C:\Users\hyn02\.stmcufinder\plugins\mcufinder//mcu/
2024-09-28 11:15:54,128 [WARN] DbFile:41 - Overriding database path with different value: C:\Users\hyn02\.stmcufinder\plugins\mcufinder/ => C:\Users\hyn02\.stmcufinder\plugins\mcufinder
2024-09-28 11:15:54,128 [INFO] DbMcusAds:125 - Set database path to: C:\Users\hyn02\.stmcufinder\plugins\mcufinder//mcu/
2024-09-28 11:15:54,128 [WARN] DbFile:41 - Overriding database path with different value: C:\Users\hyn02\.stmcufinder\plugins\mcufinder/ => C:\Users\hyn02\.stmcufinder\plugins\mcufinder
2024-09-28 11:15:54,128 [WARN] DbFile:41 - Overriding database path with different value: C:\Users\hyn02\.stmcufinder\plugins\mcufinder/ => C:\Users\hyn02\.stmcufinder\plugins\mcufinder
2024-09-28 11:15:54,128 [INFO] CrossReferenceDbSqlite:203 - Set database path to: C:\Users\hyn02\.stmcufinder\plugins\mcufinder//mcu/cs/
2024-09-28 11:15:54,220 [INFO] MainPanel:268 - HeapMemory: 268435456
2024-09-28 11:15:54,345 [INFO] DbMcusXml:78 - Set database path to: C:\ST\STM32CubeIDE_1.16.0\STM32CubeIDE\plugins\com.st.stm32cube.common.mx_6.12.0.202406281431\\db\/mcu/
2024-09-28 11:15:54,347 [INFO] ApiDb:274 - Set plugin database path to: C:\ST\STM32CubeIDE_1.16.0\STM32CubeIDE\plugins\com.st.stm32cube.common.mx_6.12.0.202406281431\\db\/plugins/boardmanager/
2024-09-28 11:15:54,347 [INFO] ApiDb:261 - Set plugin images path to: C:\ST\STM32CubeIDE_1.16.0\STM32CubeIDE\plugins\com.st.stm32cube.common.mx_6.12.0.202406281431\\db\/plugins/mcufinder/images/
2024-09-28 11:15:54,347 [WARN] DbFile:41 - Overriding database path with different value: C:\Users\hyn02\.stmcufinder\plugins\mcufinder/ => C:\Users\hyn02\.stmcufinder\plugins\mcufinder
2024-09-28 11:15:54,348 [INFO] ApiDb:250 - Set database path to: C:\Users\hyn02\.stmcufinder\plugins\mcufinder//mcu/
2024-09-28 11:15:54,348 [WARN] DbFile:41 - Overriding database path with different value: C:\Users\hyn02\.stmcufinder\plugins\mcufinder/ => C:\Users\hyn02\.stmcufinder\plugins\mcufinder
2024-09-28 11:15:54,348 [INFO] DbMcusAds:125 - Set database path to: C:\Users\hyn02\.stmcufinder\plugins\mcufinder//mcu/
2024-09-28 11:15:54,348 [WARN] DbFile:41 - Overriding database path with different value: C:\Users\hyn02\.stmcufinder\plugins\mcufinder/ => C:\Users\hyn02\.stmcufinder\plugins\mcufinder
2024-09-28 11:15:54,348 [WARN] DbFile:41 - Overriding database path with different value: C:\Users\hyn02\.stmcufinder\plugins\mcufinder/ => C:\Users\hyn02\.stmcufinder\plugins\mcufinder
2024-09-28 11:15:54,348 [INFO] CrossReferenceDbSqlite:203 - Set database path to: C:\Users\hyn02\.stmcufinder\plugins\mcufinder//mcu/cs/
2024-09-28 11:15:54,370 [INFO] ApplicationProperties:184 - Using Application install path: C:\ST\STM32CubeIDE_1.16.0\STM32CubeIDE\plugins\com.st.stm32cube.common.mx_6.12.0.202406281431
2024-09-28 11:15:54,371 [INFO] PluginManage:196 - Search for loadable plugins [exclusion list=, ]
2024-09-28 11:15:54,374 [INFO] PluginManage:310 - Check plugin analytics
2024-09-28 11:15:54,627 [INFO] AnalyticsPlugin:253 - Accepted Software Licenses: 
2024-09-28 11:15:54,627 [INFO] AnalyticsPlugin:255 - Accepted CMSIS Pack Licenses: 
2024-09-28 11:15:54,628 [INFO] AnalyticsPlugin:257 - Accepted Firmware Licenses: FW.F4.1.28.0
2024-09-28 11:15:54,629 [INFO] PluginManage:359 - Loaded plugin analytics (category:tool,tabindex:-1)
2024-09-28 11:15:54,630 [INFO] PluginManage:310 - Check plugin cadmodel
2024-09-28 11:15:54,660 [INFO] CADModel:105 - Init CAD model plugin
2024-09-28 11:15:54,661 [INFO] PluginManage:359 - Loaded plugin cadmodel (category:power,tabindex:5)
2024-09-28 11:15:54,661 [INFO] PluginManage:310 - Check plugin clock
2024-09-28 11:15:54,693 [INFO] PluginManage:359 - Loaded plugin clock (category:base,tabindex:2)
2024-09-28 11:15:54,693 [INFO] PluginManage:310 - Check plugin ddr
2024-09-28 11:15:54,698 [INFO] PluginManage:359 - Loaded plugin ddr (category:tool,tabindex:6)
2024-09-28 11:15:54,698 [INFO] PluginManage:310 - Check plugin filemanager
2024-09-28 11:15:54,862 [INFO] PluginManage:359 - Loaded plugin filemanager (category:base,tabindex:10)
2024-09-28 11:15:54,863 [INFO] PluginManage:310 - Check plugin ipmanager
2024-09-28 11:15:54,872 [INFO] PluginManage:359 - Loaded plugin ipmanager (category:base,tabindex:5)
2024-09-28 11:15:54,873 [INFO] PluginManage:310 - Check plugin lpbam
2024-09-28 11:15:54,895 [INFO] PluginManage:359 - Loaded plugin lpbam (category:base,tabindex:0)
2024-09-28 11:15:54,895 [INFO] PluginManage:310 - Check plugin memorymap
2024-09-28 11:15:54,920 [INFO] PluginManage:359 - Loaded plugin memorymap (category:base,tabindex:4)
2024-09-28 11:15:54,920 [INFO] PluginManage:310 - Check plugin pinoutandconfiguration
2024-09-28 11:15:54,940 [INFO] PluginManage:359 - Loaded plugin pinoutandconfiguration (category:base,tabindex:1)
2024-09-28 11:15:54,940 [INFO] PluginManage:310 - Check plugin pinoutconfig
2024-09-28 11:15:55,049 [WARN] SupportedApi:132 - Cannot load RTOS API schema: s4s-elt-must-match.1: The content of 'definitions' must match (annotation?, (simpleType | complexType)?, (unique | key | keyref)*)). A problem was found starting at: attribute.
2024-09-28 11:15:55,205 [INFO] PluginManage:359 - Loaded plugin pinoutconfig (category:base,tabindex:0)
2024-09-28 11:15:55,205 [INFO] PluginManage:310 - Check plugin power
2024-09-28 11:15:55,229 [INFO] PluginManage:359 - Loaded plugin power (category:power,tabindex:4)
2024-09-28 11:15:55,229 [INFO] PluginManage:310 - Check plugin projectmanager
2024-09-28 11:15:55,255 [INFO] PluginManage:359 - Loaded plugin projectmanager (category:projectmanager,tabindex:4)
2024-09-28 11:15:55,256 [INFO] PluginManage:310 - Check plugin rif
2024-09-28 11:15:55,275 [INFO] PluginManage:359 - Loaded plugin rif (category:base,tabindex:3)
2024-09-28 11:15:55,275 [INFO] PluginManage:310 - Check plugin thirdparty
2024-09-28 11:15:55,624 [INFO] PluginManage:359 - Loaded plugin thirdparty (category:base,tabindex:-1)
2024-09-28 11:15:55,624 [WARN] IntegrityCheckThread:84 - waiting for thirdparty lock release [integrity check]
2024-09-28 11:15:55,624 [INFO] PluginManage:310 - Check plugin tools
2024-09-28 11:15:55,625 [INFO] IntegrityCheckThread:86 - entering critical section [integrity check]
2024-09-28 11:15:55,626 [INFO] ThirdPartyUpdaterWithRetryManager:70 - Updater plugin not ready yet. [1/15]
2024-09-28 11:15:55,680 [INFO] PluginManage:359 - Loaded plugin tools (category:base,tabindex:7)
2024-09-28 11:15:55,680 [INFO] PluginManage:310 - Check plugin tutovideos
2024-09-28 11:15:55,923 [INFO] PluginManage:359 - Loaded plugin tutovideos (category:base,tabindex:-1)
2024-09-28 11:15:55,923 [INFO] PluginManage:310 - Check plugin updater
2024-09-28 11:15:55,946 [INFO] PluginManage:359 - Loaded plugin updater (category:base,tabindex:12)
2024-09-28 11:15:55,946 [INFO] PluginManage:310 - Check plugin userauth
2024-09-28 11:15:55,953 [INFO] UserAuth:113 - Init User Auth plugin
2024-09-28 11:15:55,953 [INFO] PluginManage:359 - Loaded plugin userauth (category:base,tabindex:14)
2024-09-28 11:15:55,954 [INFO] PluginManage:283 - PluginManage : Loaded plugins [18]
2024-09-28 11:15:56,239 [INFO] PinOutPanel:1561 - setPackage(No Configuration,No Configuration)
2024-09-28 11:15:56,339 [INFO] CADModel:165 - CPN selected for project level
2024-09-28 11:15:56,340 [INFO] CADModel:114 - Register for checkConnection events
2024-09-28 11:15:56,371 [INFO] IPUIPlugin:80 - create IPUIPlugin
2024-09-28 11:15:56,371 [INFO] PluginManager:220 - loadIPPluginJar : add adc
2024-09-28 11:15:56,424 [INFO] IPUIPlugin:80 - create IPUIPlugin
2024-09-28 11:15:56,424 [INFO] PluginManager:220 - loadIPPluginJar : add aes
2024-09-28 11:15:56,495 [INFO] IPUIPlugin:80 - create IPUIPlugin
2024-09-28 11:15:56,496 [INFO] PluginManager:220 - loadIPPluginJar : add can
2024-09-28 11:15:56,535 [INFO] IPUIPlugin:80 - create IPUIPlugin
2024-09-28 11:15:56,535 [INFO] PluginManager:220 - loadIPPluginJar : add comp
2024-09-28 11:15:56,603 [INFO] IPUIPlugin:80 - create IPUIPlugin
2024-09-28 11:15:56,604 [INFO] PluginManager:220 - loadIPPluginJar : add cryp
2024-09-28 11:15:56,626 [INFO] IPUIPlugin:80 - create IPUIPlugin
2024-09-28 11:15:56,626 [INFO] PluginManager:220 - loadIPPluginJar : add ddr_ctrl_phy
2024-09-28 11:15:56,668 [INFO] IPUIPlugin:80 - create IPUIPlugin
2024-09-28 11:15:56,668 [INFO] PluginManager:220 - loadIPPluginJar : add dfsdm
2024-09-28 11:15:56,685 [INFO] IPUIPlugin:80 - create IPUIPlugin
2024-09-28 11:15:56,685 [INFO] PluginManager:220 - loadIPPluginJar : add dma
2024-09-28 11:15:56,747 [INFO] IPUIPlugin:80 - create IPUIPlugin
2024-09-28 11:15:56,748 [INFO] PluginManager:220 - loadIPPluginJar : add dma3
2024-09-28 11:15:56,820 [INFO] IPUIPlugin:80 - create IPUIPlugin
2024-09-28 11:15:56,820 [INFO] PluginManager:220 - loadIPPluginJar : add extmemmanager
2024-09-28 11:15:56,861 [INFO] IPUIPlugin:80 - create IPUIPlugin
2024-09-28 11:15:56,861 [INFO] PluginManager:220 - loadIPPluginJar : add fatfs
2024-09-28 11:15:56,954 [INFO] IPUIPlugin:80 - create IPUIPlugin
2024-09-28 11:15:56,955 [INFO] PluginManager:220 - loadIPPluginJar : add fmc
2024-09-28 11:15:56,978 [INFO] IPUIPlugin:80 - create IPUIPlugin
2024-09-28 11:15:56,978 [INFO] PluginManager:220 - loadIPPluginJar : add freertos
2024-09-28 11:15:57,009 [INFO] IPUIPlugin:80 - create IPUIPlugin
2024-09-28 11:15:57,009 [INFO] PluginManager:220 - loadIPPluginJar : add genericplugin
2024-09-28 11:15:57,198 [INFO] IPUIPlugin:80 - create IPUIPlugin
2024-09-28 11:15:57,198 [INFO] PluginManager:220 - loadIPPluginJar : add gfxmmu
2024-09-28 11:15:57,472 [INFO] IPUIPlugin:80 - create IPUIPlugin
2024-09-28 11:15:57,473 [INFO] PluginManager:220 - loadIPPluginJar : add gic
2024-09-28 11:15:57,490 [INFO] IPUIPlugin:80 - create IPUIPlugin
2024-09-28 11:15:57,490 [INFO] PluginManager:220 - loadIPPluginJar : add gpio
2024-09-28 11:15:57,638 [INFO] IPUIPlugin:80 - create IPUIPlugin
2024-09-28 11:15:57,638 [INFO] PluginManager:220 - loadIPPluginJar : add gtzc
2024-09-28 11:15:57,681 [INFO] IPUIPlugin:80 - create IPUIPlugin
2024-09-28 11:15:57,681 [INFO] PluginManager:220 - loadIPPluginJar : add hash
2024-09-28 11:15:57,753 [INFO] IPUIPlugin:80 - create IPUIPlugin
2024-09-28 11:15:57,753 [INFO] PluginManager:220 - loadIPPluginJar : add i2c
2024-09-28 11:15:57,809 [INFO] IPUIPlugin:80 - create IPUIPlugin
2024-09-28 11:15:57,809 [INFO] PluginManager:220 - loadIPPluginJar : add i2s
2024-09-28 11:15:57,870 [INFO] IPUIPlugin:80 - create IPUIPlugin
2024-09-28 11:15:57,870 [INFO] PluginManager:220 - loadIPPluginJar : add i3c
2024-09-28 11:15:58,011 [INFO] IPUIPlugin:80 - create IPUIPlugin
2024-09-28 11:15:58,012 [INFO] PluginManager:220 - loadIPPluginJar : add ipddr
2024-09-28 11:15:58,153 [INFO] IPUIPlugin:80 - create IPUIPlugin
2024-09-28 11:15:58,153 [INFO] PluginManager:220 - loadIPPluginJar : add linkedlist
2024-09-28 11:15:58,201 [INFO] IPUIPlugin:80 - create IPUIPlugin
2024-09-28 11:15:58,201 [INFO] PluginManager:220 - loadIPPluginJar : add lorawan
2024-09-28 11:15:58,264 [INFO] IPUIPlugin:80 - create IPUIPlugin
2024-09-28 11:15:58,264 [INFO] PluginManager:220 - loadIPPluginJar : add ltdc
2024-09-28 11:15:58,283 [INFO] IPUIPlugin:80 - create IPUIPlugin
2024-09-28 11:15:58,284 [INFO] PluginManager:220 - loadIPPluginJar : add mdma
2024-09-28 11:15:58,299 [INFO] IPUIPlugin:80 - create IPUIPlugin
2024-09-28 11:15:58,300 [INFO] PluginManager:220 - loadIPPluginJar : add nvic
2024-09-28 11:15:58,345 [INFO] IPUIPlugin:80 - create IPUIPlugin
2024-09-28 11:15:58,346 [INFO] PluginManager:220 - loadIPPluginJar : add opamp
2024-09-28 11:15:58,443 [INFO] IPUIPlugin:80 - create IPUIPlugin
2024-09-28 11:15:58,443 [INFO] PluginManager:220 - loadIPPluginJar : add openamp
2024-09-28 11:15:58,509 [INFO] IPUIPlugin:80 - create IPUIPlugin
2024-09-28 11:15:58,509 [INFO] PluginManager:220 - loadIPPluginJar : add pdm2pcm
2024-09-28 11:15:58,526 [INFO] IPUIPlugin:80 - create IPUIPlugin
2024-09-28 11:15:58,528 [INFO] PluginManager:220 - loadIPPluginJar : add plateformsettings
2024-09-28 11:15:58,556 [INFO] IPUIPlugin:80 - create IPUIPlugin
2024-09-28 11:15:58,556 [INFO] PluginManager:220 - loadIPPluginJar : add quadspi
2024-09-28 11:15:58,591 [INFO] IPUIPlugin:80 - create IPUIPlugin
2024-09-28 11:15:58,592 [INFO] PluginManager:220 - loadIPPluginJar : add radio
2024-09-28 11:15:58,609 [INFO] IPUIPlugin:80 - create IPUIPlugin
2024-09-28 11:15:58,609 [INFO] PluginManager:220 - loadIPPluginJar : add resmgrutility
2024-09-28 11:15:58,627 [INFO] ThirdPartyUpdaterWithRetryManager:70 - Updater plugin not ready yet. [2/15]
2024-09-28 11:15:58,679 [INFO] IPUIPlugin:80 - create IPUIPlugin
2024-09-28 11:15:58,679 [INFO] PluginManager:220 - loadIPPluginJar : add sai
2024-09-28 11:15:58,733 [INFO] IPUIPlugin:80 - create IPUIPlugin
2024-09-28 11:15:58,733 [INFO] PluginManager:220 - loadIPPluginJar : add spi
2024-09-28 11:15:58,828 [INFO] IPUIPlugin:80 - create IPUIPlugin
2024-09-28 11:15:58,828 [INFO] PluginManager:220 - loadIPPluginJar : add stm32_wpan
2024-09-28 11:15:58,871 [INFO] IPUIPlugin:80 - create IPUIPlugin
2024-09-28 11:15:58,871 [INFO] PluginManager:220 - loadIPPluginJar : add tim
2024-09-28 11:15:58,967 [INFO] IPUIPlugin:80 - create IPUIPlugin
2024-09-28 11:15:58,967 [INFO] PluginManager:220 - loadIPPluginJar : add touchsensing
2024-09-28 11:15:59,006 [INFO] IPUIPlugin:80 - create IPUIPlugin
2024-09-28 11:15:59,006 [INFO] PluginManager:220 - loadIPPluginJar : add tracer_emb
2024-09-28 11:15:59,038 [INFO] IPUIPlugin:80 - create IPUIPlugin
2024-09-28 11:15:59,038 [INFO] PluginManager:220 - loadIPPluginJar : add ts
2024-09-28 11:15:59,070 [INFO] IPUIPlugin:80 - create IPUIPlugin
2024-09-28 11:15:59,070 [INFO] PluginManager:220 - loadIPPluginJar : add tsc
2024-09-28 11:15:59,104 [INFO] IPUIPlugin:80 - create IPUIPlugin
2024-09-28 11:15:59,105 [INFO] PluginManager:220 - loadIPPluginJar : add ucpd
2024-09-28 11:15:59,165 [INFO] IPUIPlugin:80 - create IPUIPlugin
2024-09-28 11:15:59,166 [INFO] PluginManager:220 - loadIPPluginJar : add usart
2024-09-28 11:15:59,223 [INFO] IPUIPlugin:80 - create IPUIPlugin
2024-09-28 11:15:59,224 [INFO] PluginManager:220 - loadIPPluginJar : add usbx
2024-09-28 11:15:59,361 [INFO] CADModel:165 - CPN selected for project level
2024-09-28 11:15:59,361 [INFO] CADModel:114 - Register for checkConnection events
2024-09-28 11:15:59,361 [FATAL] Updater:334 - Updater called before beeing initialized
2024-09-28 11:15:59,361 [ERROR] CADModel:125 - Updater not yet initialized, retry later 
2024-09-28 11:15:59,544 [INFO] CADModel:165 - CPN selected for project level
2024-09-28 11:15:59,544 [INFO] CADModel:114 - Register for checkConnection events
2024-09-28 11:15:59,544 [FATAL] Updater:334 - Updater called before beeing initialized
2024-09-28 11:15:59,544 [ERROR] CADModel:125 - Updater not yet initialized, retry later 
2024-09-28 11:15:59,548 [FATAL] Updater:334 - Updater called before beeing initialized
2024-09-28 11:15:59,689 [FATAL] Updater:334 - Updater called before beeing initialized
2024-09-28 11:15:59,703 [INFO] DbMcusAds:53 - JSON generation date=Mon Sep 16 23:40:22 KST 2024 (1726497622318)
2024-09-28 11:15:59,703 [FATAL] Updater:334 - Updater called before beeing initialized
2024-09-28 11:15:59,750 [WARN] DetailPanel:346 - Failed to get advertising image, set to default
2024-09-28 11:15:59,847 [FATAL] Updater:334 - Updater called before beeing initialized
2024-09-28 11:15:59,850 [FATAL] Updater:334 - Updater called before beeing initialized
2024-09-28 11:15:59,851 [FATAL] Updater:334 - Updater called before beeing initialized
2024-09-28 11:15:59,851 [WARN] DetailPanel:346 - Failed to get advertising image, set to default
2024-09-28 11:15:59,852 [FATAL] Updater:334 - Updater called before beeing initialized
2024-09-28 11:15:59,945 [ERROR] Updater:1164 - MainUpdater not yet initialized. External WinMGr cannot be set.
2024-09-28 11:15:59,957 [INFO] Updater:1100 - Updater Version found : 6.12.0
2024-09-28 11:15:59,976 [INFO] ApplicationProperties:184 - Using Application install path: C:\ST\STM32CubeIDE_1.16.0\STM32CubeIDE\plugins\com.st.stm32cube.common.mx_6.12.0.202406281431
2024-09-28 11:16:01,565 [ERROR] LogOutputStream:75 - [STDERR_REDIRECT] Sep 28, 2024 11:16:01 AM java.util.prefs.WindowsPreferences <init>
2024-09-28 11:16:01,566 [ERROR] LogOutputStream:75 - [STDERR_REDIRECT] WARNING: Could not open/create prefs root node Software\JavaSoft\Prefs at root 0xffffffff80000002. Windows RegCreateKeyEx(...) returned error code 5.
2024-09-28 11:16:01,567 [ERROR] LogOutputStream:75 - [STDERR_REDIRECT] 
2024-09-28 11:16:01,628 [INFO] ThirdPartyUpdaterWithRetryManager:70 - Updater plugin not ready yet. [3/15]
2024-09-28 11:16:02,006 [INFO] MainUpdater:2873 - connection check result : 10
2024-09-28 11:16:02,007 [INFO] MainUpdater:3567 - Updater definition file requires update
2024-09-28 11:16:02,008 [INFO] MainUpdater:290 - Updater Check For Update Now.
2024-09-28 11:16:02,008 [INFO] MicroXplorer:498 - Change Database Version : DB.6.0.120
2024-09-28 11:16:02,029 [INFO] McuFinderGlobals:63 - Set McuFinder mode to 2 (CubeIDE integrated)
2024-09-28 11:16:02,038 [INFO] UserAuth:417 - Internet connection configuration mode: 1
2024-09-28 11:16:02,070 [INFO] JxBrowserEngine:152 - Initiate JxBrowser Engine with user profile folder
2024-09-28 11:16:02,210 [INFO] ServerAccessManage:473 - Download File updaters.zip
2024-09-28 11:16:02,424 [INFO] FileExtend:240 - Unzip File : updaters.zip
2024-09-28 11:16:02,424 [INFO] FileExtend:255 - Standard Zip Deflate
2024-09-28 11:16:03,182 [INFO] ServerAccessManage:473 - Download File PacksControlFlags.xml
2024-09-28 11:16:03,349 [INFO] ServerAccessManage:473 - Download File cubemx.pidx
2024-09-28 11:16:04,630 [WARN] MainUpdater:1194 - Updater busy. Cannot search thirdparties
2024-09-28 11:16:04,630 [INFO] ThirdPartyUpdaterWithRetryManager:96 - Updater plugin is busy. [1/15]
2024-09-28 11:16:04,691 [INFO] ServerAccessManage:473 - Download File STMicroelectronics.X-CUBE-NFC9.pdsc
2024-09-28 11:16:04,983 [INFO] ServerAccessManage:473 - Download File STMicroelectronics.X-CUBE-NFC10.pdsc
2024-09-28 11:16:06,260 [WARN] PackLoader:240 - Cannot read IP mode file for STMicroelectronics.X-CUBE-NFC9.1.0.0
2024-09-28 11:16:06,279 [WARN] PackLoader:240 - Cannot read IP mode file for STMicroelectronics.X-CUBE-NFC10.1.0.0
2024-09-28 11:16:06,284 [INFO] PopulateThirdPartyThread:66 - Ending populate Thread
2024-09-28 11:16:06,286 [INFO] ThirdParty:1030 - CMSIS Pack Vendor :STMicroelectronics X-CUBE-NFC9 1.0.0
2024-09-28 11:16:06,286 [INFO] ThirdParty:1030 - CMSIS Pack Vendor :STMicroelectronics X-CUBE-NFC10 1.0.0
2024-09-28 11:16:06,286 [INFO] LoadServerUpdatesThread:375 - End of LoadServerUpdate Thread
2024-09-28 11:16:06,333 [INFO] WebApp:167 - Instantiating new browser for Auth
2024-09-28 11:16:06,389 [INFO] CheckServerUpdateThread:120 - End of CheckServer Thread
2024-09-28 11:16:07,248 [INFO] WebApp:448 - Apply proxy settings
2024-09-28 11:16:07,248 [INFO] WebApp:533 - Chromium requires no authentication
2024-09-28 11:16:07,270 [INFO] WebApp:476 - Direct internet connection detected
2024-09-28 11:16:07,315 [INFO] WebApp:869 - Register for checkConnection events
2024-09-28 11:16:07,315 [INFO] WebApp:448 - Apply proxy settings
2024-09-28 11:16:07,316 [INFO] WebApp:533 - Chromium requires no authentication
2024-09-28 11:16:07,316 [INFO] WebApp:476 - Direct internet connection detected
2024-09-28 11:16:07,539 [INFO] WebApp:220 - Starting web application
2024-09-28 11:16:07,539 [INFO] WebApp:578 - Web application path used C:\ST\STM32CubeIDE_1.16.0\STM32CubeIDE\plugins\com.st.stm32cube.common.mx_6.12.0.202406281431\db\plugins\mcufinder\reactClient1\index.html
2024-09-28 11:16:07,581 [INFO] WebApp:186 - Connection restablished
2024-09-28 11:16:07,791 [INFO] UserAuth:417 - Internet connection configuration mode: 1
2024-09-28 11:16:07,958 [WARN] PackLoader:240 - Cannot read IP mode file for STMicroelectronics.FP-SNS-MOTENVWB1.1.4.0
2024-09-28 11:16:07,988 [WARN] PackLoader:240 - Cannot read IP mode file for STMicroelectronics.X-CUBE-SMBUS.2.1.0
2024-09-28 11:16:08,036 [WARN] PackLoader:240 - Cannot read IP mode file for STMicroelectronics.X-CUBE-AZRTOS-F7.1.1.0
2024-09-28 11:16:08,243 [WARN] PackLoader:240 - Cannot read IP mode file for STMicroelectronics.X-CUBE-MEMS1.11.0.0
2024-09-28 11:16:08,600 [WARN] PackLoader:240 - Cannot read IP mode file for STMicroelectronics.FP-SNS-FLIGHT1.5.0.2
2024-09-28 11:16:08,625 [WARN] PackLoader:240 - Cannot read IP mode file for STMicroelectronics.X-CUBE-DISPLAY.3.0.0
2024-09-28 11:16:08,660 [WARN] PackLoader:240 - Cannot read IP mode file for STMicroelectronics.X-CUBE-BLE1.7.0.0
2024-09-28 11:16:08,666 [WARN] PackLoader:240 - Cannot read IP mode file for STMicroelectronics.X-CUBE-NFC10.1.0.0
2024-09-28 11:16:08,689 [WARN] PackLoader:240 - Cannot read IP mode file for emotas.I-CUBE-CANOPEN.1.3.0
2024-09-28 11:16:08,709 [WARN] PackLoader:240 - Cannot read IP mode file for STMicroelectronics.X-CUBE-BLEMGR.3.1.0
2024-09-28 11:16:08,731 [WARN] PackLoader:240 - Cannot read IP mode file for STMicroelectronics.FP-SNS-SMARTAG2.1.2.0
2024-09-28 11:16:08,761 [INFO] LogOutputStream:77 - [STDOUT_REDIRECT] 1 : Invalid condition id : UX_CORESTACK_Condition cause : null
2024-09-28 11:16:08,761 [INFO] LogOutputStream:77 - [STDOUT_REDIRECT] 1 : Invalid condition id : UX_CORESTACK_Condition cause : null
2024-09-28 11:16:08,765 [INFO] LogOutputStream:77 - [STDOUT_REDIRECT] 1 : Invalid condition id : UX_CORESTACK_Condition cause : null
2024-09-28 11:16:08,766 [INFO] LogOutputStream:77 - [STDOUT_REDIRECT] 1 : Invalid condition id : UX_CORESTACK_Condition cause : null
2024-09-28 11:16:08,767 [INFO] LogOutputStream:77 - [STDOUT_REDIRECT] 1 : Invalid condition id : UX_CORESTACK_Condition cause : null
2024-09-28 11:16:08,770 [WARN] PackLoader:240 - Cannot read IP mode file for STMicroelectronics.X-CUBE-AZRTOS-WL.2.0.0
2024-09-28 11:16:08,788 [WARN] PackLoader:240 - Cannot read IP mode file for STMicroelectronics.FP-SNS-MOTENV1.5.0.0
2024-09-28 11:16:08,794 [WARN] PackLoader:240 - Cannot read IP mode file for wolfSSL.I-CUBE-wolfMQTT.1.19.0
2024-09-28 11:16:08,816 [WARN] PackLoader:240 - Cannot read IP mode file for WES.I-CUBE-Cesium.1.3.0
2024-09-28 11:16:08,834 [WARN] PackLoader:240 - Cannot read IP mode file for STMicroelectronics.X-CUBE-BLE2.3.3.0
2024-09-28 11:16:08,840 [WARN] PackLoader:240 - Cannot read IP mode file for STMicroelectronics.X-CUBE-NFC9.1.0.0
2024-09-28 11:16:08,859 [WARN] PackLoader:240 - Cannot read IP mode file for STMicroelectronics.X-CUBE-TCPP.4.1.0
2024-09-28 11:16:08,891 [WARN] PackLoader:240 - Cannot read IP mode file for STMicroelectronics.X-CUBE-AZRTOS-G0.1.1.0
2024-09-28 11:16:08,907 [WARN] PackLoader:240 - Cannot read IP mode file for STMicroelectronics.X-CUBE-SAFEA1.1.2.2
2024-09-28 11:16:08,925 [WARN] PackLoader:240 - Cannot read IP mode file for STMicroelectronics.X-CUBE-NFC4.3.0.0
2024-09-28 11:16:08,947 [WARN] PackLoader:240 - Cannot read IP mode file for EmbeddedOffice.I-CUBE-FS-RTOS.1.0.1
2024-09-28 11:16:08,948 [ERROR] ConditionMgr:805 - Attr not supported : Dmpu
2024-09-28 11:16:08,948 [ERROR] ConditionMgr:805 - Attr not supported : Dmpu
2024-09-28 11:16:08,948 [ERROR] ConditionMgr:805 - Attr not supported : Dmpu
2024-09-28 11:16:08,948 [ERROR] ConditionMgr:805 - Attr not supported : Dmpu
2024-09-28 11:16:08,948 [ERROR] ConditionMgr:805 - Attr not supported : Dmpu
2024-09-28 11:16:08,948 [ERROR] ConditionMgr:805 - Attr not supported : Dmpu
2024-09-28 11:16:08,948 [ERROR] ConditionMgr:805 - Attr not supported : Dmpu
2024-09-28 11:16:08,948 [ERROR] ConditionMgr:805 - Attr not supported : Dmpu
2024-09-28 11:16:08,948 [ERROR] ConditionMgr:805 - Attr not supported : Dmpu
2024-09-28 11:16:08,948 [ERROR] ConditionMgr:805 - Attr not supported : Dmpu
2024-09-28 11:16:08,948 [ERROR] ConditionMgr:805 - Attr not supported : Dmpu
2024-09-28 11:16:08,948 [ERROR] ConditionMgr:805 - Attr not supported : Dmpu
2024-09-28 11:16:08,948 [ERROR] ConditionMgr:805 - Attr not supported : Dmpu
2024-09-28 11:16:08,948 [ERROR] ConditionMgr:805 - Attr not supported : Dmpu
2024-09-28 11:16:08,948 [ERROR] ConditionMgr:805 - Attr not supported : Dmpu
2024-09-28 11:16:08,948 [ERROR] ConditionMgr:805 - Attr not supported : Dmpu
2024-09-28 11:16:08,948 [ERROR] ConditionMgr:805 - Attr not supported : Dmpu
2024-09-28 11:16:08,948 [ERROR] ConditionMgr:805 - Attr not supported : Dmpu
2024-09-28 11:16:08,948 [ERROR] ConditionMgr:805 - Attr not supported : Dmpu
2024-09-28 11:16:08,948 [ERROR] ConditionMgr:805 - Attr not supported : Dmpu
2024-09-28 11:16:08,948 [ERROR] ConditionMgr:805 - Attr not supported : Dmpu
2024-09-28 11:16:08,949 [ERROR] ConditionMgr:805 - Attr not supported : Dmpu
2024-09-28 11:16:08,949 [ERROR] ConditionMgr:805 - Attr not supported : Dmpu
2024-09-28 11:16:08,949 [ERROR] ConditionMgr:805 - Attr not supported : Dmpu
2024-09-28 11:16:08,949 [ERROR] ConditionMgr:805 - Attr not supported : Dmpu
2024-09-28 11:16:08,949 [ERROR] ConditionMgr:805 - Attr not supported : Dmpu
2024-09-28 11:16:08,949 [ERROR] ConditionMgr:805 - Attr not supported : Dmpu
2024-09-28 11:16:08,949 [ERROR] ConditionMgr:805 - Attr not supported : Dmpu
2024-09-28 11:16:08,949 [ERROR] ConditionMgr:805 - Attr not supported : Dmpu
2024-09-28 11:16:08,949 [ERROR] ConditionMgr:805 - Attr not supported : Dmpu
2024-09-28 11:16:08,949 [ERROR] ConditionMgr:805 - Attr not supported : Dmpu
2024-09-28 11:16:08,949 [ERROR] ConditionMgr:805 - Attr not supported : Dmpu
2024-09-28 11:16:08,950 [ERROR] ConditionMgr:805 - Attr not supported : Dmpu
2024-09-28 11:16:08,950 [ERROR] ConditionMgr:805 - Attr not supported : Dmpu
2024-09-28 11:16:08,950 [ERROR] ConditionMgr:805 - Attr not supported : Dmpu
2024-09-28 11:16:08,950 [ERROR] ConditionMgr:805 - Attr not supported : Dmpu
2024-09-28 11:16:08,950 [ERROR] ConditionMgr:805 - Attr not supported : Dmpu
2024-09-28 11:16:08,950 [ERROR] ConditionMgr:805 - Attr not supported : Dmpu
2024-09-28 11:16:08,950 [ERROR] ConditionMgr:805 - Attr not supported : Dmpu
2024-09-28 11:16:08,950 [ERROR] ConditionMgr:805 - Attr not supported : Dmpu
2024-09-28 11:16:08,950 [ERROR] ConditionMgr:805 - Attr not supported : Dmpu
2024-09-28 11:16:08,951 [ERROR] ConditionMgr:805 - Attr not supported : Dmpu
2024-09-28 11:16:08,951 [ERROR] ConditionMgr:805 - Attr not supported : Dmpu
2024-09-28 11:16:08,951 [ERROR] ConditionMgr:805 - Attr not supported : Dmpu
2024-09-28 11:16:08,951 [ERROR] ConditionMgr:805 - Attr not supported : Dmpu
2024-09-28 11:16:08,951 [ERROR] ConditionMgr:805 - Attr not supported : Dmpu
2024-09-28 11:16:08,951 [ERROR] ConditionMgr:805 - Attr not supported : Dmpu
2024-09-28 11:16:08,951 [ERROR] ConditionMgr:805 - Attr not supported : Dmpu
2024-09-28 11:16:08,951 [ERROR] ConditionMgr:805 - Attr not supported : Dmpu
2024-09-28 11:16:08,951 [ERROR] ConditionMgr:805 - Attr not supported : Dmpu
2024-09-28 11:16:08,951 [ERROR] ConditionMgr:805 - Attr not supported : Dmpu
2024-09-28 11:16:08,951 [ERROR] ConditionMgr:805 - Attr not supported : Dmpu
2024-09-28 11:16:08,951 [ERROR] ConditionMgr:805 - Attr not supported : Dmpu
2024-09-28 11:16:08,951 [ERROR] ConditionMgr:805 - Attr not supported : Dmpu
2024-09-28 11:16:08,952 [ERROR] ConditionMgr:805 - Attr not supported : Dmpu
2024-09-28 11:16:08,952 [ERROR] ConditionMgr:805 - Attr not supported : Dmpu
2024-09-28 11:16:08,952 [ERROR] ConditionMgr:805 - Attr not supported : Dmpu
2024-09-28 11:16:08,952 [ERROR] ConditionMgr:805 - Attr not supported : Dmpu
2024-09-28 11:16:08,952 [ERROR] ConditionMgr:805 - Attr not supported : Dmpu
2024-09-28 11:16:08,952 [ERROR] ConditionMgr:805 - Attr not supported : Dmpu
2024-09-28 11:16:08,952 [ERROR] ConditionMgr:805 - Attr not supported : Dmpu
2024-09-28 11:16:08,952 [ERROR] ConditionMgr:805 - Attr not supported : Dmpu
2024-09-28 11:16:08,952 [ERROR] ConditionMgr:805 - Attr not supported : Dmpu
2024-09-28 11:16:08,952 [ERROR] ConditionMgr:805 - Attr not supported : Dmpu
2024-09-28 11:16:08,966 [WARN] PackLoader:240 - Cannot read IP mode file for RealThread.X-CUBE-RT-Thread_Nano.4.1.1
2024-09-28 11:16:08,972 [WARN] PackLoader:240 - Cannot read IP mode file for STMicroelectronics.FP-ATR-SIGFOX1.3.2.0
2024-09-28 11:16:08,997 [WARN] PackLoader:240 - Cannot read IP mode file for wolfSSL.I-CUBE-wolfSSL.5.7.2
2024-09-28 11:16:09,016 [WARN] PackLoader:240 - Cannot read IP mode file for STMicroelectronics.X-CUBE-EEPRMA1.5.1.0
2024-09-28 11:16:09,036 [WARN] PackLoader:240 - Cannot read IP mode file for ITTIA_DB.I-CUBE-ITTIADB.8.9.0
2024-09-28 11:16:09,080 [WARN] PackLoader:240 - Cannot read IP mode file for SEGGER.I-CUBE-embOS.1.3.1
2024-09-28 11:16:09,143 [WARN] PackLoader:240 - Cannot read IP mode file for STMicroelectronics.X-CUBE-ALGOBUILD.1.4.0
2024-09-28 11:16:09,193 [WARN] PackLoader:240 - Cannot read IP mode file for STMicroelectronics.X-CUBE-AZRTOS-F4.1.1.0
2024-09-28 11:16:09,235 [WARN] PackLoader:240 - Cannot read IP mode file for STMicroelectronics.X-CUBE-ISPU.2.1.0
2024-09-28 11:16:09,267 [WARN] PackLoader:240 - Cannot read IP mode file for STMicroelectronics.X-CUBE-FREERTOS.1.2.0
2024-09-28 11:16:09,304 [WARN] PackLoader:240 - Cannot read IP mode file for STMicroelectronics.X-CUBE-AZRTOS-L5.2.0.0
2024-09-28 11:16:09,323 [WARN] PackLoader:240 - Cannot read IP mode file for STMicroelectronics.X-CUBE-NFC6.3.1.0
2024-09-28 11:16:09,342 [WARN] PackLoader:240 - Cannot read IP mode file for STMicroelectronics.X-CUBE-DPower.1.2.0
2024-09-28 11:16:09,358 [WARN] PackLoader:240 - Cannot read IP mode file for STMicroelectronics.X-CUBE-AI.9.0.0
2024-09-28 11:16:09,374 [WARN] PackLoader:240 - Cannot read IP mode file for STMicroelectronics.X-CUBE-NFC7.1.0.1
2024-09-28 11:16:09,409 [WARN] ConditionMgr:438 - getConditionDescription Invalid condition id : LAN8742 Phy interface Condition cause : null
2024-09-28 11:16:09,409 [WARN] PackLoader:240 - Cannot read IP mode file for STMicroelectronics.X-CUBE-AZRTOS-L4.2.0.0
2024-09-28 11:16:09,410 [WARN] ConditionMgr:1039 - genDependencies : Invalid condition id : LAN8742 Phy interface Condition cause : null
2024-09-28 11:16:09,411 [WARN] ConditionMgr:1039 - genDependencies : Invalid condition id : LAN8742 Phy interface Condition cause : null
2024-09-28 11:16:09,412 [WARN] ConditionMgr:1039 - genDependencies : Invalid condition id : LAN8742 Phy interface Condition cause : null
2024-09-28 11:16:09,433 [WARN] PackLoader:240 - Cannot read IP mode file for STMicroelectronics.X-CUBE-SFXS2LP1.4.0.0
2024-09-28 11:16:09,471 [WARN] PackLoader:240 - Cannot read IP mode file for STMicroelectronics.X-CUBE-AZRTOS-H7.3.3.0
2024-09-28 11:16:09,502 [WARN] ConditionMgr:438 - getConditionDescription Invalid condition id : UX DEVICE CLASS RTOS Condition cause : null
2024-09-28 11:16:09,502 [WARN] ConditionMgr:438 - getConditionDescription Invalid condition id : UX DEVICE CLASS RTOS Condition cause : null
2024-09-28 11:16:09,504 [WARN] PackLoader:240 - Cannot read IP mode file for STMicroelectronics.X-CUBE-AZRTOS-WB.2.0.0
2024-09-28 11:16:09,505 [WARN] ConditionMgr:1039 - genDependencies : Invalid condition id : UX DEVICE CLASS RTOS Condition cause : null
2024-09-28 11:16:09,505 [WARN] ConditionMgr:1039 - genDependencies : Invalid condition id : UX DEVICE CLASS RTOS Condition cause : null
2024-09-28 11:16:09,505 [WARN] ConditionMgr:1039 - genDependencies : Invalid condition id : UX DEVICE CLASS RTOS Condition cause : null
2024-09-28 11:16:09,506 [WARN] ConditionMgr:1039 - genDependencies : Invalid condition id : UX DEVICE CLASS RTOS Condition cause : null
2024-09-28 11:16:09,506 [WARN] ConditionMgr:1039 - genDependencies : Invalid condition id : UX DEVICE CLASS RTOS Condition cause : null
2024-09-28 11:16:09,523 [WARN] PackLoader:240 - Cannot read IP mode file for STMicroelectronics.X-CUBE-GNSS1.7.0.0
2024-09-28 11:16:09,543 [WARN] PackLoader:240 - Cannot read IP mode file for STMicroelectronics.FP-SNS-STBOX1.2.0.0
2024-09-28 11:16:09,571 [WARN] PackLoader:240 - Cannot read IP mode file for STMicroelectronics.X-CUBE-SUBG2.5.0.0
2024-09-28 11:16:09,583 [WARN] PackLoader:240 - Cannot read IP mode file for Cesanta.I-CUBE-Mongoose.7.13.0
2024-09-28 11:16:09,616 [WARN] PackLoader:240 - Cannot read IP mode file for STMicroelectronics.X-CUBE-AZRTOS-G4.2.0.0
2024-09-28 11:16:09,634 [WARN] PackLoader:240 - Cannot read IP mode file for STMicroelectronics.X-CUBE-ISPU.2.0.0
2024-09-28 11:16:09,650 [WARN] PackLoader:240 - Cannot read IP mode file for STMicroelectronics.X-CUBE-ALS.1.0.2
2024-09-28 11:16:09,667 [WARN] PackLoader:240 - Cannot read IP mode file for STMicroelectronics.X-CUBE-TOUCHGFX.4.24.0
2024-09-28 11:16:09,682 [WARN] PackLoader:240 - Cannot read IP mode file for STMicroelectronics.X-CUBE-TOUCHGFX.4.24.1
2024-09-28 11:16:09,690 [WARN] PackLoader:240 - Cannot read IP mode file for wolfSSL.I-CUBE-wolfTPM.3.4.0
2024-09-28 11:16:09,707 [WARN] PackLoader:240 - Cannot read IP mode file for portGmbH.I-Cube-SoM-uGOAL.1.1.0
2024-09-28 11:16:09,738 [WARN] PackLoader:240 - Cannot read IP mode file for STMicroelectronics.X-CUBE-AZRTOS-H7RS.1.0.0
2024-09-28 11:16:09,744 [WARN] PackLoader:240 - Cannot read IP mode file for STMicroelectronics.FP-ATR-ASTRA1.2.0.0
2024-09-28 11:16:09,770 [WARN] PackLoader:240 - Cannot read IP mode file for STMicroelectronics.X-CUBE-TOF1.3.4.2
2024-09-28 11:16:09,814 [WARN] PackLoader:240 - Cannot read IP mode file for Infineon.AIROC-Wi-Fi-Bluetooth-STM32.1.6.1
2024-09-28 11:16:09,821 [WARN] PackLoader:240 - Cannot read IP mode file for wolfSSL.I-CUBE-wolfSSH.1.4.17
2024-09-28 11:16:09,822 [INFO] ThirdParty:978 - Integrity check success = true
2024-09-28 11:16:09,822 [INFO] IntegrityCheckThread:100 - exiting critical section [integrity check]
2024-09-28 11:16:09,822 [INFO] IntegrityCheckThread:103 - End integrity checks thread
2024-09-28 19:00:34,336 [ERROR] LogOutputStream:75 - [STDERR_REDIRECT] 
2024-09-28 19:02:39,060 [INFO] Activator:176 - 


2024-09-28 19:02:39,065 [INFO] Activator:177 - !SESSION log4j initialized
2024-09-28 19:02:47,313 [INFO] LogOutputStream:77 - [STDOUT_REDIRECT] 
2024-09-28 19:02:49,398 [INFO] ApplicationProperties:184 - Using Application install path: C:\ST\STM32CubeIDE_1.16.0\STM32CubeIDE\plugins\com.st.stm32cube.common.mx_6.12.0.202406281431
2024-09-28 19:02:49,424 [INFO] DbMcusXml:78 - Set database path to: C:\ST\STM32CubeIDE_1.16.0\STM32CubeIDE\plugins\com.st.stm32cube.common.mx_6.12.0.202406281431\\db\/mcu/
2024-09-28 19:02:49,424 [INFO] ApiDb:274 - Set plugin database path to: C:\ST\STM32CubeIDE_1.16.0\STM32CubeIDE\plugins\com.st.stm32cube.common.mx_6.12.0.202406281431\\db\/plugins/boardmanager/
2024-09-28 19:02:49,425 [WARN] ApiDb:259 - Overriding images path with different value:  => C:\ST\STM32CubeIDE_1.16.0\STM32CubeIDE\plugins\com.st.stm32cube.common.mx_6.12.0.202406281431\\db\/plugins/mcufinder/images/
2024-09-28 19:02:49,433 [INFO] ApiDb:250 - Set database path to: C:\Users\hyn02\.stmcufinder\plugins\mcufinder//mcu/
2024-09-28 19:02:49,436 [INFO] DbMcusAds:125 - Set database path to: C:\Users\hyn02\.stmcufinder\plugins\mcufinder//mcu/
2024-09-28 19:02:49,439 [INFO] CrossReferenceDbSqlite:203 - Set database path to: C:\Users\hyn02\.stmcufinder\plugins\mcufinder//mcu/cs/
2024-09-28 19:02:49,586 [INFO] RulesReader:64 - Compatibility file has been processed (297 Rules)
2024-09-28 19:02:49,691 [INFO] DbMcusXml:78 - Set database path to: C:\ST\STM32CubeIDE_1.16.0\STM32CubeIDE\plugins\com.st.stm32cube.common.mx_6.12.0.202406281431\\db\/mcu/
2024-09-28 19:02:49,691 [INFO] ApiDb:274 - Set plugin database path to: C:\ST\STM32CubeIDE_1.16.0\STM32CubeIDE\plugins\com.st.stm32cube.common.mx_6.12.0.202406281431\\db\/plugins/boardmanager/
2024-09-28 19:02:49,691 [INFO] ApiDb:261 - Set plugin images path to: C:\ST\STM32CubeIDE_1.16.0\STM32CubeIDE\plugins\com.st.stm32cube.common.mx_6.12.0.202406281431\\db\/plugins/mcufinder/images/
2024-09-28 19:02:49,691 [WARN] DbFile:41 - Overriding database path with different value: C:\Users\hyn02\.stmcufinder\plugins\mcufinder/ => C:\Users\hyn02\.stmcufinder\plugins\mcufinder
2024-09-28 19:02:49,691 [INFO] ApiDb:250 - Set database path to: C:\Users\hyn02\.stmcufinder\plugins\mcufinder//mcu/
2024-09-28 19:02:49,691 [WARN] DbFile:41 - Overriding database path with different value: C:\Users\hyn02\.stmcufinder\plugins\mcufinder/ => C:\Users\hyn02\.stmcufinder\plugins\mcufinder
2024-09-28 19:02:49,691 [INFO] DbMcusAds:125 - Set database path to: C:\Users\hyn02\.stmcufinder\plugins\mcufinder//mcu/
2024-09-28 19:02:49,691 [WARN] DbFile:41 - Overriding database path with different value: C:\Users\hyn02\.stmcufinder\plugins\mcufinder/ => C:\Users\hyn02\.stmcufinder\plugins\mcufinder
2024-09-28 19:02:49,691 [WARN] DbFile:41 - Overriding database path with different value: C:\Users\hyn02\.stmcufinder\plugins\mcufinder/ => C:\Users\hyn02\.stmcufinder\plugins\mcufinder
2024-09-28 19:02:49,692 [INFO] CrossReferenceDbSqlite:203 - Set database path to: C:\Users\hyn02\.stmcufinder\plugins\mcufinder//mcu/cs/
2024-09-28 19:02:49,802 [INFO] MainPanel:268 - HeapMemory: 268435456
2024-09-28 19:02:49,957 [INFO] DbMcusXml:78 - Set database path to: C:\ST\STM32CubeIDE_1.16.0\STM32CubeIDE\plugins\com.st.stm32cube.common.mx_6.12.0.202406281431\\db\/mcu/
2024-09-28 19:02:49,957 [INFO] ApiDb:274 - Set plugin database path to: C:\ST\STM32CubeIDE_1.16.0\STM32CubeIDE\plugins\com.st.stm32cube.common.mx_6.12.0.202406281431\\db\/plugins/boardmanager/
2024-09-28 19:02:49,958 [INFO] ApiDb:261 - Set plugin images path to: C:\ST\STM32CubeIDE_1.16.0\STM32CubeIDE\plugins\com.st.stm32cube.common.mx_6.12.0.202406281431\\db\/plugins/mcufinder/images/
2024-09-28 19:02:49,958 [WARN] DbFile:41 - Overriding database path with different value: C:\Users\hyn02\.stmcufinder\plugins\mcufinder/ => C:\Users\hyn02\.stmcufinder\plugins\mcufinder
2024-09-28 19:02:49,958 [INFO] ApiDb:250 - Set database path to: C:\Users\hyn02\.stmcufinder\plugins\mcufinder//mcu/
2024-09-28 19:02:49,959 [WARN] DbFile:41 - Overriding database path with different value: C:\Users\hyn02\.stmcufinder\plugins\mcufinder/ => C:\Users\hyn02\.stmcufinder\plugins\mcufinder
2024-09-28 19:02:49,959 [INFO] DbMcusAds:125 - Set database path to: C:\Users\hyn02\.stmcufinder\plugins\mcufinder//mcu/
2024-09-28 19:02:49,959 [WARN] DbFile:41 - Overriding database path with different value: C:\Users\hyn02\.stmcufinder\plugins\mcufinder/ => C:\Users\hyn02\.stmcufinder\plugins\mcufinder
2024-09-28 19:02:49,959 [WARN] DbFile:41 - Overriding database path with different value: C:\Users\hyn02\.stmcufinder\plugins\mcufinder/ => C:\Users\hyn02\.stmcufinder\plugins\mcufinder
2024-09-28 19:02:49,959 [INFO] CrossReferenceDbSqlite:203 - Set database path to: C:\Users\hyn02\.stmcufinder\plugins\mcufinder//mcu/cs/
2024-09-28 19:02:49,984 [INFO] ApplicationProperties:184 - Using Application install path: C:\ST\STM32CubeIDE_1.16.0\STM32CubeIDE\plugins\com.st.stm32cube.common.mx_6.12.0.202406281431
2024-09-28 19:02:49,987 [INFO] PluginManage:196 - Search for loadable plugins [exclusion list=, ]
2024-09-28 19:02:49,990 [INFO] PluginManage:310 - Check plugin analytics
2024-09-28 19:02:50,208 [INFO] AnalyticsPlugin:253 - Accepted Software Licenses: 
2024-09-28 19:02:50,208 [INFO] AnalyticsPlugin:255 - Accepted CMSIS Pack Licenses: 
2024-09-28 19:02:50,208 [INFO] AnalyticsPlugin:257 - Accepted Firmware Licenses: FW.F4.1.28.0
2024-09-28 19:02:50,211 [INFO] PluginManage:359 - Loaded plugin analytics (category:tool,tabindex:-1)
2024-09-28 19:02:50,211 [INFO] PluginManage:310 - Check plugin cadmodel
2024-09-28 19:02:50,237 [INFO] CADModel:105 - Init CAD model plugin
2024-09-28 19:02:50,238 [INFO] PluginManage:359 - Loaded plugin cadmodel (category:power,tabindex:5)
2024-09-28 19:02:50,238 [INFO] PluginManage:310 - Check plugin clock
2024-09-28 19:02:50,261 [INFO] PluginManage:359 - Loaded plugin clock (category:base,tabindex:2)
2024-09-28 19:02:50,261 [INFO] PluginManage:310 - Check plugin ddr
2024-09-28 19:02:50,266 [INFO] PluginManage:359 - Loaded plugin ddr (category:tool,tabindex:6)
2024-09-28 19:02:50,266 [INFO] PluginManage:310 - Check plugin filemanager
2024-09-28 19:02:50,473 [INFO] PluginManage:359 - Loaded plugin filemanager (category:base,tabindex:10)
2024-09-28 19:02:50,473 [INFO] PluginManage:310 - Check plugin ipmanager
2024-09-28 19:02:50,486 [INFO] PluginManage:359 - Loaded plugin ipmanager (category:base,tabindex:5)
2024-09-28 19:02:50,487 [INFO] PluginManage:310 - Check plugin lpbam
2024-09-28 19:02:50,513 [INFO] PluginManage:359 - Loaded plugin lpbam (category:base,tabindex:0)
2024-09-28 19:02:50,514 [INFO] PluginManage:310 - Check plugin memorymap
2024-09-28 19:02:50,544 [INFO] PluginManage:359 - Loaded plugin memorymap (category:base,tabindex:4)
2024-09-28 19:02:50,544 [INFO] PluginManage:310 - Check plugin pinoutandconfiguration
2024-09-28 19:02:50,561 [INFO] PluginManage:359 - Loaded plugin pinoutandconfiguration (category:base,tabindex:1)
2024-09-28 19:02:50,563 [INFO] PluginManage:310 - Check plugin pinoutconfig
2024-09-28 19:02:50,692 [WARN] SupportedApi:132 - Cannot load RTOS API schema: s4s-elt-must-match.1: The content of 'definitions' must match (annotation?, (simpleType | complexType)?, (unique | key | keyref)*)). A problem was found starting at: attribute.
2024-09-28 19:02:50,878 [INFO] PluginManage:359 - Loaded plugin pinoutconfig (category:base,tabindex:0)
2024-09-28 19:02:50,878 [INFO] PluginManage:310 - Check plugin power
2024-09-28 19:02:50,901 [INFO] PluginManage:359 - Loaded plugin power (category:power,tabindex:4)
2024-09-28 19:02:50,901 [INFO] PluginManage:310 - Check plugin projectmanager
2024-09-28 19:02:50,922 [INFO] PluginManage:359 - Loaded plugin projectmanager (category:projectmanager,tabindex:4)
2024-09-28 19:02:50,922 [INFO] PluginManage:310 - Check plugin rif
2024-09-28 19:02:50,945 [INFO] PluginManage:359 - Loaded plugin rif (category:base,tabindex:3)
2024-09-28 19:02:50,945 [INFO] PluginManage:310 - Check plugin thirdparty
2024-09-28 19:02:51,299 [INFO] PluginManage:359 - Loaded plugin thirdparty (category:base,tabindex:-1)
2024-09-28 19:02:51,299 [INFO] PluginManage:310 - Check plugin tools
2024-09-28 19:02:51,299 [WARN] IntegrityCheckThread:84 - waiting for thirdparty lock release [integrity check]
2024-09-28 19:02:51,299 [INFO] IntegrityCheckThread:86 - entering critical section [integrity check]
2024-09-28 19:02:51,300 [INFO] ThirdPartyUpdaterWithRetryManager:70 - Updater plugin not ready yet. [1/15]
2024-09-28 19:02:51,362 [INFO] PluginManage:359 - Loaded plugin tools (category:base,tabindex:7)
2024-09-28 19:02:51,362 [INFO] PluginManage:310 - Check plugin tutovideos
2024-09-28 19:02:51,633 [INFO] PluginManage:359 - Loaded plugin tutovideos (category:base,tabindex:-1)
2024-09-28 19:02:51,633 [INFO] PluginManage:310 - Check plugin updater
2024-09-28 19:02:51,657 [INFO] PluginManage:359 - Loaded plugin updater (category:base,tabindex:12)
2024-09-28 19:02:51,657 [INFO] PluginManage:310 - Check plugin userauth
2024-09-28 19:02:51,664 [INFO] UserAuth:113 - Init User Auth plugin
2024-09-28 19:02:51,664 [INFO] PluginManage:359 - Loaded plugin userauth (category:base,tabindex:14)
2024-09-28 19:02:51,665 [INFO] PluginManage:283 - PluginManage : Loaded plugins [18]
2024-09-28 19:02:51,972 [INFO] PinOutPanel:1561 - setPackage(No Configuration,No Configuration)
2024-09-28 19:02:52,087 [INFO] CADModel:165 - CPN selected for project level
2024-09-28 19:02:52,087 [INFO] CADModel:114 - Register for checkConnection events
2024-09-28 19:02:52,123 [INFO] IPUIPlugin:80 - create IPUIPlugin
2024-09-28 19:02:52,124 [INFO] PluginManager:220 - loadIPPluginJar : add adc
2024-09-28 19:02:52,175 [INFO] IPUIPlugin:80 - create IPUIPlugin
2024-09-28 19:02:52,175 [INFO] PluginManager:220 - loadIPPluginJar : add aes
2024-09-28 19:02:52,231 [INFO] IPUIPlugin:80 - create IPUIPlugin
2024-09-28 19:02:52,231 [INFO] PluginManager:220 - loadIPPluginJar : add can
2024-09-28 19:02:52,262 [INFO] IPUIPlugin:80 - create IPUIPlugin
2024-09-28 19:02:52,262 [INFO] PluginManager:220 - loadIPPluginJar : add comp
2024-09-28 19:02:52,307 [INFO] IPUIPlugin:80 - create IPUIPlugin
2024-09-28 19:02:52,307 [INFO] PluginManager:220 - loadIPPluginJar : add cryp
2024-09-28 19:02:52,322 [INFO] IPUIPlugin:80 - create IPUIPlugin
2024-09-28 19:02:52,324 [INFO] PluginManager:220 - loadIPPluginJar : add ddr_ctrl_phy
2024-09-28 19:02:52,370 [INFO] IPUIPlugin:80 - create IPUIPlugin
2024-09-28 19:02:52,370 [INFO] PluginManager:220 - loadIPPluginJar : add dfsdm
2024-09-28 19:02:52,388 [INFO] IPUIPlugin:80 - create IPUIPlugin
2024-09-28 19:02:52,388 [INFO] PluginManager:220 - loadIPPluginJar : add dma
2024-09-28 19:02:52,452 [INFO] IPUIPlugin:80 - create IPUIPlugin
2024-09-28 19:02:52,452 [INFO] PluginManager:220 - loadIPPluginJar : add dma3
2024-09-28 19:02:52,535 [INFO] IPUIPlugin:80 - create IPUIPlugin
2024-09-28 19:02:52,535 [INFO] PluginManager:220 - loadIPPluginJar : add extmemmanager
2024-09-28 19:02:52,572 [INFO] IPUIPlugin:80 - create IPUIPlugin
2024-09-28 19:02:52,573 [INFO] PluginManager:220 - loadIPPluginJar : add fatfs
2024-09-28 19:02:52,646 [INFO] IPUIPlugin:80 - create IPUIPlugin
2024-09-28 19:02:52,647 [INFO] PluginManager:220 - loadIPPluginJar : add fmc
2024-09-28 19:02:52,667 [INFO] IPUIPlugin:80 - create IPUIPlugin
2024-09-28 19:02:52,667 [INFO] PluginManager:220 - loadIPPluginJar : add freertos
2024-09-28 19:02:52,704 [INFO] IPUIPlugin:80 - create IPUIPlugin
2024-09-28 19:02:52,705 [INFO] PluginManager:220 - loadIPPluginJar : add genericplugin
2024-09-28 19:02:52,844 [INFO] IPUIPlugin:80 - create IPUIPlugin
2024-09-28 19:02:52,844 [INFO] PluginManager:220 - loadIPPluginJar : add gfxmmu
2024-09-28 19:02:53,016 [INFO] IPUIPlugin:80 - create IPUIPlugin
2024-09-28 19:02:53,016 [INFO] PluginManager:220 - loadIPPluginJar : add gic
2024-09-28 19:02:53,030 [INFO] IPUIPlugin:80 - create IPUIPlugin
2024-09-28 19:02:53,030 [INFO] PluginManager:220 - loadIPPluginJar : add gpio
2024-09-28 19:02:53,159 [INFO] IPUIPlugin:80 - create IPUIPlugin
2024-09-28 19:02:53,160 [INFO] PluginManager:220 - loadIPPluginJar : add gtzc
2024-09-28 19:02:53,244 [INFO] IPUIPlugin:80 - create IPUIPlugin
2024-09-28 19:02:53,244 [INFO] PluginManager:220 - loadIPPluginJar : add hash
2024-09-28 19:02:53,322 [INFO] IPUIPlugin:80 - create IPUIPlugin
2024-09-28 19:02:53,322 [INFO] PluginManager:220 - loadIPPluginJar : add i2c
2024-09-28 19:02:53,379 [INFO] IPUIPlugin:80 - create IPUIPlugin
2024-09-28 19:02:53,379 [INFO] PluginManager:220 - loadIPPluginJar : add i2s
2024-09-28 19:02:53,435 [INFO] IPUIPlugin:80 - create IPUIPlugin
2024-09-28 19:02:53,435 [INFO] PluginManager:220 - loadIPPluginJar : add i3c
2024-09-28 19:02:53,574 [INFO] IPUIPlugin:80 - create IPUIPlugin
2024-09-28 19:02:53,574 [INFO] PluginManager:220 - loadIPPluginJar : add ipddr
2024-09-28 19:02:53,712 [INFO] IPUIPlugin:80 - create IPUIPlugin
2024-09-28 19:02:53,712 [INFO] PluginManager:220 - loadIPPluginJar : add linkedlist
2024-09-28 19:02:53,761 [INFO] IPUIPlugin:80 - create IPUIPlugin
2024-09-28 19:02:53,761 [INFO] PluginManager:220 - loadIPPluginJar : add lorawan
2024-09-28 19:02:53,812 [INFO] IPUIPlugin:80 - create IPUIPlugin
2024-09-28 19:02:53,812 [INFO] PluginManager:220 - loadIPPluginJar : add ltdc
2024-09-28 19:02:53,829 [INFO] IPUIPlugin:80 - create IPUIPlugin
2024-09-28 19:02:53,829 [INFO] PluginManager:220 - loadIPPluginJar : add mdma
2024-09-28 19:02:53,844 [INFO] IPUIPlugin:80 - create IPUIPlugin
2024-09-28 19:02:53,844 [INFO] PluginManager:220 - loadIPPluginJar : add nvic
2024-09-28 19:02:53,896 [INFO] IPUIPlugin:80 - create IPUIPlugin
2024-09-28 19:02:53,896 [INFO] PluginManager:220 - loadIPPluginJar : add opamp
2024-09-28 19:02:53,979 [INFO] IPUIPlugin:80 - create IPUIPlugin
2024-09-28 19:02:53,979 [INFO] PluginManager:220 - loadIPPluginJar : add openamp
2024-09-28 19:02:54,034 [INFO] IPUIPlugin:80 - create IPUIPlugin
2024-09-28 19:02:54,034 [INFO] PluginManager:220 - loadIPPluginJar : add pdm2pcm
2024-09-28 19:02:54,051 [INFO] IPUIPlugin:80 - create IPUIPlugin
2024-09-28 19:02:54,054 [INFO] PluginManager:220 - loadIPPluginJar : add plateformsettings
2024-09-28 19:02:54,081 [INFO] IPUIPlugin:80 - create IPUIPlugin
2024-09-28 19:02:54,081 [INFO] PluginManager:220 - loadIPPluginJar : add quadspi
2024-09-28 19:02:54,117 [INFO] IPUIPlugin:80 - create IPUIPlugin
2024-09-28 19:02:54,118 [INFO] PluginManager:220 - loadIPPluginJar : add radio
2024-09-28 19:02:54,132 [INFO] IPUIPlugin:80 - create IPUIPlugin
2024-09-28 19:02:54,132 [INFO] PluginManager:220 - loadIPPluginJar : add resmgrutility
2024-09-28 19:02:54,191 [INFO] IPUIPlugin:80 - create IPUIPlugin
2024-09-28 19:02:54,191 [INFO] PluginManager:220 - loadIPPluginJar : add sai
2024-09-28 19:02:54,235 [INFO] IPUIPlugin:80 - create IPUIPlugin
2024-09-28 19:02:54,237 [INFO] PluginManager:220 - loadIPPluginJar : add spi
2024-09-28 19:02:54,301 [INFO] ThirdPartyUpdaterWithRetryManager:70 - Updater plugin not ready yet. [2/15]
2024-09-28 19:02:54,322 [INFO] IPUIPlugin:80 - create IPUIPlugin
2024-09-28 19:02:54,322 [INFO] PluginManager:220 - loadIPPluginJar : add stm32_wpan
2024-09-28 19:02:54,350 [INFO] IPUIPlugin:80 - create IPUIPlugin
2024-09-28 19:02:54,350 [INFO] PluginManager:220 - loadIPPluginJar : add tim
2024-09-28 19:02:54,421 [INFO] IPUIPlugin:80 - create IPUIPlugin
2024-09-28 19:02:54,421 [INFO] PluginManager:220 - loadIPPluginJar : add touchsensing
2024-09-28 19:02:54,458 [INFO] IPUIPlugin:80 - create IPUIPlugin
2024-09-28 19:02:54,458 [INFO] PluginManager:220 - loadIPPluginJar : add tracer_emb
2024-09-28 19:02:54,499 [INFO] IPUIPlugin:80 - create IPUIPlugin
2024-09-28 19:02:54,499 [INFO] PluginManager:220 - loadIPPluginJar : add ts
2024-09-28 19:02:54,536 [INFO] IPUIPlugin:80 - create IPUIPlugin
2024-09-28 19:02:54,536 [INFO] PluginManager:220 - loadIPPluginJar : add tsc
2024-09-28 19:02:54,575 [INFO] IPUIPlugin:80 - create IPUIPlugin
2024-09-28 19:02:54,575 [INFO] PluginManager:220 - loadIPPluginJar : add ucpd
2024-09-28 19:02:54,658 [INFO] IPUIPlugin:80 - create IPUIPlugin
2024-09-28 19:02:54,658 [INFO] PluginManager:220 - loadIPPluginJar : add usart
2024-09-28 19:02:54,740 [INFO] IPUIPlugin:80 - create IPUIPlugin
2024-09-28 19:02:54,740 [INFO] PluginManager:220 - loadIPPluginJar : add usbx
2024-09-28 19:02:54,889 [INFO] CADModel:165 - CPN selected for project level
2024-09-28 19:02:54,889 [INFO] CADModel:114 - Register for checkConnection events
2024-09-28 19:02:54,889 [FATAL] Updater:334 - Updater called before beeing initialized
2024-09-28 19:02:54,889 [ERROR] CADModel:125 - Updater not yet initialized, retry later 
2024-09-28 19:02:55,056 [INFO] CADModel:165 - CPN selected for project level
2024-09-28 19:02:55,056 [INFO] CADModel:114 - Register for checkConnection events
2024-09-28 19:02:55,056 [FATAL] Updater:334 - Updater called before beeing initialized
2024-09-28 19:02:55,056 [ERROR] CADModel:125 - Updater not yet initialized, retry later 
2024-09-28 19:02:55,061 [FATAL] Updater:334 - Updater called before beeing initialized
2024-09-28 19:02:55,191 [FATAL] Updater:334 - Updater called before beeing initialized
2024-09-28 19:02:55,203 [INFO] DbMcusAds:53 - JSON generation date=Mon Sep 16 23:40:22 KST 2024 (1726497622318)
2024-09-28 19:02:55,204 [FATAL] Updater:334 - Updater called before beeing initialized
2024-09-28 19:02:55,252 [WARN] DetailPanel:346 - Failed to get advertising image, set to default
2024-09-28 19:02:55,350 [FATAL] Updater:334 - Updater called before beeing initialized
2024-09-28 19:02:55,353 [FATAL] Updater:334 - Updater called before beeing initialized
2024-09-28 19:02:55,353 [FATAL] Updater:334 - Updater called before beeing initialized
2024-09-28 19:02:55,353 [WARN] DetailPanel:346 - Failed to get advertising image, set to default
2024-09-28 19:02:55,355 [FATAL] Updater:334 - Updater called before beeing initialized
2024-09-28 19:02:55,435 [ERROR] Updater:1164 - MainUpdater not yet initialized. External WinMGr cannot be set.
2024-09-28 19:02:55,449 [INFO] Updater:1100 - Updater Version found : 6.12.0
2024-09-28 19:02:55,471 [INFO] ApplicationProperties:184 - Using Application install path: C:\ST\STM32CubeIDE_1.16.0\STM32CubeIDE\plugins\com.st.stm32cube.common.mx_6.12.0.202406281431
2024-09-28 19:02:57,052 [ERROR] LogOutputStream:75 - [STDERR_REDIRECT] Sep 28, 2024 7:02:57 PM java.util.prefs.WindowsPreferences <init>
2024-09-28 19:02:57,054 [ERROR] LogOutputStream:75 - [STDERR_REDIRECT] WARNING: Could not open/create prefs root node Software\JavaSoft\Prefs at root 0xffffffff80000002. Windows RegCreateKeyEx(...) returned error code 5.
2024-09-28 19:02:57,054 [ERROR] LogOutputStream:75 - [STDERR_REDIRECT] 
2024-09-28 19:02:57,301 [INFO] ThirdPartyUpdaterWithRetryManager:70 - Updater plugin not ready yet. [3/15]
2024-09-28 19:02:57,568 [INFO] MainUpdater:2873 - connection check result : 10
2024-09-28 19:02:57,568 [INFO] MainUpdater:290 - Updater Check For Update Now.
2024-09-28 19:02:57,568 [INFO] MicroXplorer:498 - Change Database Version : DB.6.0.120
2024-09-28 19:02:57,706 [INFO] McuFinderGlobals:63 - Set McuFinder mode to 2 (CubeIDE integrated)
2024-09-28 19:02:57,794 [INFO] UserAuth:417 - Internet connection configuration mode: 1
2024-09-28 19:02:57,829 [INFO] JxBrowserEngine:152 - Initiate JxBrowser Engine with user profile folder
2024-09-28 19:02:57,899 [INFO] CheckServerUpdateThread:120 - End of CheckServer Thread
2024-09-28 19:03:00,517 [WARN] PackLoader:240 - Cannot read IP mode file for STMicroelectronics.FP-SNS-MOTENVWB1.1.4.0
2024-09-28 19:03:00,543 [WARN] PackLoader:240 - Cannot read IP mode file for STMicroelectronics.X-CUBE-SMBUS.2.1.0
2024-09-28 19:03:00,602 [WARN] PackLoader:240 - Cannot read IP mode file for STMicroelectronics.X-CUBE-AZRTOS-F7.1.1.0
2024-09-28 19:03:00,721 [WARN] PackLoader:240 - Cannot read IP mode file for STMicroelectronics.X-CUBE-MEMS1.11.0.0
2024-09-28 19:03:00,981 [WARN] PackLoader:240 - Cannot read IP mode file for STMicroelectronics.FP-SNS-FLIGHT1.5.0.2
2024-09-28 19:03:01,018 [WARN] PackLoader:240 - Cannot read IP mode file for STMicroelectronics.X-CUBE-DISPLAY.3.0.0
2024-09-28 19:03:01,057 [WARN] PackLoader:240 - Cannot read IP mode file for STMicroelectronics.X-CUBE-BLE1.7.0.0
2024-09-28 19:03:01,102 [WARN] PackLoader:240 - Cannot read IP mode file for STMicroelectronics.X-CUBE-NFC10.1.0.0
2024-09-28 19:03:01,158 [WARN] PackLoader:240 - Cannot read IP mode file for emotas.I-CUBE-CANOPEN.1.3.0
2024-09-28 19:03:01,218 [WARN] PackLoader:240 - Cannot read IP mode file for STMicroelectronics.X-CUBE-BLEMGR.3.1.0
2024-09-28 19:03:01,281 [INFO] WebApp:167 - Instantiating new browser for Auth
2024-09-28 19:03:01,485 [WARN] PackLoader:240 - Cannot read IP mode file for STMicroelectronics.FP-SNS-SMARTAG2.1.2.0
2024-09-28 19:03:01,513 [INFO] LogOutputStream:77 - [STDOUT_REDIRECT] 1 : Invalid condition id : UX_CORESTACK_Condition cause : null
2024-09-28 19:03:01,513 [INFO] LogOutputStream:77 - [STDOUT_REDIRECT] 1 : Invalid condition id : UX_CORESTACK_Condition cause : null
2024-09-28 19:03:01,528 [INFO] LogOutputStream:77 - [STDOUT_REDIRECT] 1 : Invalid condition id : UX_CORESTACK_Condition cause : null
2024-09-28 19:03:01,531 [INFO] LogOutputStream:77 - [STDOUT_REDIRECT] 1 : Invalid condition id : UX_CORESTACK_Condition cause : null
2024-09-28 19:03:01,532 [INFO] LogOutputStream:77 - [STDOUT_REDIRECT] 1 : Invalid condition id : UX_CORESTACK_Condition cause : null
2024-09-28 19:03:01,538 [WARN] PackLoader:240 - Cannot read IP mode file for STMicroelectronics.X-CUBE-AZRTOS-WL.2.0.0
2024-09-28 19:03:01,561 [WARN] PackLoader:240 - Cannot read IP mode file for STMicroelectronics.FP-SNS-MOTENV1.5.0.0
2024-09-28 19:03:01,717 [WARN] PackLoader:240 - Cannot read IP mode file for wolfSSL.I-CUBE-wolfMQTT.1.19.0
2024-09-28 19:03:01,745 [WARN] PackLoader:240 - Cannot read IP mode file for WES.I-CUBE-Cesium.1.3.0
2024-09-28 19:03:01,771 [WARN] PackLoader:240 - Cannot read IP mode file for STMicroelectronics.X-CUBE-BLE2.3.3.0
2024-09-28 19:03:01,808 [WARN] PackLoader:240 - Cannot read IP mode file for STMicroelectronics.X-CUBE-NFC9.1.0.0
2024-09-28 19:03:01,862 [WARN] PackLoader:240 - Cannot read IP mode file for STMicroelectronics.X-CUBE-TCPP.4.1.0
2024-09-28 19:03:01,906 [WARN] PackLoader:240 - Cannot read IP mode file for STMicroelectronics.X-CUBE-AZRTOS-G0.1.1.0
2024-09-28 19:03:01,983 [WARN] PackLoader:240 - Cannot read IP mode file for STMicroelectronics.X-CUBE-SAFEA1.1.2.2
2024-09-28 19:03:02,006 [WARN] PackLoader:240 - Cannot read IP mode file for STMicroelectronics.X-CUBE-NFC4.3.0.0
2024-09-28 19:03:02,037 [WARN] PackLoader:240 - Cannot read IP mode file for EmbeddedOffice.I-CUBE-FS-RTOS.1.0.1
2024-09-28 19:03:02,037 [ERROR] ConditionMgr:805 - Attr not supported : Dmpu
2024-09-28 19:03:02,038 [ERROR] ConditionMgr:805 - Attr not supported : Dmpu
2024-09-28 19:03:02,038 [ERROR] ConditionMgr:805 - Attr not supported : Dmpu
2024-09-28 19:03:02,038 [ERROR] ConditionMgr:805 - Attr not supported : Dmpu
2024-09-28 19:03:02,038 [ERROR] ConditionMgr:805 - Attr not supported : Dmpu
2024-09-28 19:03:02,038 [ERROR] ConditionMgr:805 - Attr not supported : Dmpu
2024-09-28 19:03:02,038 [ERROR] ConditionMgr:805 - Attr not supported : Dmpu
2024-09-28 19:03:02,038 [ERROR] ConditionMgr:805 - Attr not supported : Dmpu
2024-09-28 19:03:02,038 [ERROR] ConditionMgr:805 - Attr not supported : Dmpu
2024-09-28 19:03:02,038 [ERROR] ConditionMgr:805 - Attr not supported : Dmpu
2024-09-28 19:03:02,038 [ERROR] ConditionMgr:805 - Attr not supported : Dmpu
2024-09-28 19:03:02,038 [ERROR] ConditionMgr:805 - Attr not supported : Dmpu
2024-09-28 19:03:02,038 [ERROR] ConditionMgr:805 - Attr not supported : Dmpu
2024-09-28 19:03:02,039 [ERROR] ConditionMgr:805 - Attr not supported : Dmpu
2024-09-28 19:03:02,039 [ERROR] ConditionMgr:805 - Attr not supported : Dmpu
2024-09-28 19:03:02,039 [ERROR] ConditionMgr:805 - Attr not supported : Dmpu
2024-09-28 19:03:02,039 [ERROR] ConditionMgr:805 - Attr not supported : Dmpu
2024-09-28 19:03:02,039 [ERROR] ConditionMgr:805 - Attr not supported : Dmpu
2024-09-28 19:03:02,039 [ERROR] ConditionMgr:805 - Attr not supported : Dmpu
2024-09-28 19:03:02,039 [ERROR] ConditionMgr:805 - Attr not supported : Dmpu
2024-09-28 19:03:02,039 [ERROR] ConditionMgr:805 - Attr not supported : Dmpu
2024-09-28 19:03:02,039 [ERROR] ConditionMgr:805 - Attr not supported : Dmpu
2024-09-28 19:03:02,040 [ERROR] ConditionMgr:805 - Attr not supported : Dmpu
2024-09-28 19:03:02,040 [ERROR] ConditionMgr:805 - Attr not supported : Dmpu
2024-09-28 19:03:02,040 [ERROR] ConditionMgr:805 - Attr not supported : Dmpu
2024-09-28 19:03:02,040 [ERROR] ConditionMgr:805 - Attr not supported : Dmpu
2024-09-28 19:03:02,040 [ERROR] ConditionMgr:805 - Attr not supported : Dmpu
2024-09-28 19:03:02,040 [ERROR] ConditionMgr:805 - Attr not supported : Dmpu
2024-09-28 19:03:02,040 [ERROR] ConditionMgr:805 - Attr not supported : Dmpu
2024-09-28 19:03:02,040 [ERROR] ConditionMgr:805 - Attr not supported : Dmpu
2024-09-28 19:03:02,040 [ERROR] ConditionMgr:805 - Attr not supported : Dmpu
2024-09-28 19:03:02,040 [ERROR] ConditionMgr:805 - Attr not supported : Dmpu
2024-09-28 19:03:02,041 [ERROR] ConditionMgr:805 - Attr not supported : Dmpu
2024-09-28 19:03:02,041 [ERROR] ConditionMgr:805 - Attr not supported : Dmpu
2024-09-28 19:03:02,041 [ERROR] ConditionMgr:805 - Attr not supported : Dmpu
2024-09-28 19:03:02,041 [ERROR] ConditionMgr:805 - Attr not supported : Dmpu
2024-09-28 19:03:02,041 [ERROR] ConditionMgr:805 - Attr not supported : Dmpu
2024-09-28 19:03:02,041 [ERROR] ConditionMgr:805 - Attr not supported : Dmpu
2024-09-28 19:03:02,041 [ERROR] ConditionMgr:805 - Attr not supported : Dmpu
2024-09-28 19:03:02,041 [ERROR] ConditionMgr:805 - Attr not supported : Dmpu
2024-09-28 19:03:02,041 [ERROR] ConditionMgr:805 - Attr not supported : Dmpu
2024-09-28 19:03:02,041 [ERROR] ConditionMgr:805 - Attr not supported : Dmpu
2024-09-28 19:03:02,041 [ERROR] ConditionMgr:805 - Attr not supported : Dmpu
2024-09-28 19:03:02,041 [ERROR] ConditionMgr:805 - Attr not supported : Dmpu
2024-09-28 19:03:02,042 [ERROR] ConditionMgr:805 - Attr not supported : Dmpu
2024-09-28 19:03:02,042 [ERROR] ConditionMgr:805 - Attr not supported : Dmpu
2024-09-28 19:03:02,042 [ERROR] ConditionMgr:805 - Attr not supported : Dmpu
2024-09-28 19:03:02,042 [ERROR] ConditionMgr:805 - Attr not supported : Dmpu
2024-09-28 19:03:02,042 [ERROR] ConditionMgr:805 - Attr not supported : Dmpu
2024-09-28 19:03:02,042 [ERROR] ConditionMgr:805 - Attr not supported : Dmpu
2024-09-28 19:03:02,042 [ERROR] ConditionMgr:805 - Attr not supported : Dmpu
2024-09-28 19:03:02,042 [ERROR] ConditionMgr:805 - Attr not supported : Dmpu
2024-09-28 19:03:02,042 [ERROR] ConditionMgr:805 - Attr not supported : Dmpu
2024-09-28 19:03:02,042 [ERROR] ConditionMgr:805 - Attr not supported : Dmpu
2024-09-28 19:03:02,042 [ERROR] ConditionMgr:805 - Attr not supported : Dmpu
2024-09-28 19:03:02,042 [ERROR] ConditionMgr:805 - Attr not supported : Dmpu
2024-09-28 19:03:02,042 [ERROR] ConditionMgr:805 - Attr not supported : Dmpu
2024-09-28 19:03:02,042 [ERROR] ConditionMgr:805 - Attr not supported : Dmpu
2024-09-28 19:03:02,042 [ERROR] ConditionMgr:805 - Attr not supported : Dmpu
2024-09-28 19:03:02,042 [ERROR] ConditionMgr:805 - Attr not supported : Dmpu
2024-09-28 19:03:02,042 [ERROR] ConditionMgr:805 - Attr not supported : Dmpu
2024-09-28 19:03:02,042 [ERROR] ConditionMgr:805 - Attr not supported : Dmpu
2024-09-28 19:03:02,042 [ERROR] ConditionMgr:805 - Attr not supported : Dmpu
2024-09-28 19:03:02,044 [ERROR] ConditionMgr:805 - Attr not supported : Dmpu
2024-09-28 19:03:02,097 [WARN] PackLoader:240 - Cannot read IP mode file for RealThread.X-CUBE-RT-Thread_Nano.4.1.1
2024-09-28 19:03:02,133 [WARN] PackLoader:240 - Cannot read IP mode file for STMicroelectronics.FP-ATR-SIGFOX1.3.2.0
2024-09-28 19:03:02,155 [WARN] PackLoader:240 - Cannot read IP mode file for wolfSSL.I-CUBE-wolfSSL.5.7.2
2024-09-28 19:03:02,183 [WARN] PackLoader:240 - Cannot read IP mode file for STMicroelectronics.X-CUBE-EEPRMA1.5.1.0
2024-09-28 19:03:02,213 [WARN] PackLoader:240 - Cannot read IP mode file for ITTIA_DB.I-CUBE-ITTIADB.8.9.0
2024-09-28 19:03:02,274 [WARN] PackLoader:240 - Cannot read IP mode file for SEGGER.I-CUBE-embOS.1.3.1
2024-09-28 19:03:02,363 [WARN] PackLoader:240 - Cannot read IP mode file for STMicroelectronics.X-CUBE-ALGOBUILD.1.4.0
2024-09-28 19:03:02,408 [WARN] PackLoader:240 - Cannot read IP mode file for STMicroelectronics.X-CUBE-AZRTOS-F4.1.1.0
2024-09-28 19:03:02,431 [WARN] PackLoader:240 - Cannot read IP mode file for STMicroelectronics.X-CUBE-ISPU.2.1.0
2024-09-28 19:03:02,451 [WARN] PackLoader:240 - Cannot read IP mode file for STMicroelectronics.X-CUBE-FREERTOS.1.2.0
2024-09-28 19:03:02,495 [WARN] PackLoader:240 - Cannot read IP mode file for STMicroelectronics.X-CUBE-AZRTOS-L5.2.0.0
2024-09-28 19:03:02,527 [WARN] PackLoader:240 - Cannot read IP mode file for STMicroelectronics.X-CUBE-NFC6.3.1.0
2024-09-28 19:03:02,579 [WARN] PackLoader:240 - Cannot read IP mode file for STMicroelectronics.X-CUBE-DPower.1.2.0
2024-09-28 19:03:02,619 [WARN] PackLoader:240 - Cannot read IP mode file for STMicroelectronics.X-CUBE-AI.9.0.0
2024-09-28 19:03:02,654 [WARN] PackLoader:240 - Cannot read IP mode file for STMicroelectronics.X-CUBE-NFC7.1.0.1
2024-09-28 19:03:02,694 [WARN] ConditionMgr:438 - getConditionDescription Invalid condition id : LAN8742 Phy interface Condition cause : null
2024-09-28 19:03:02,695 [WARN] PackLoader:240 - Cannot read IP mode file for STMicroelectronics.X-CUBE-AZRTOS-L4.2.0.0
2024-09-28 19:03:02,697 [WARN] ConditionMgr:1039 - genDependencies : Invalid condition id : LAN8742 Phy interface Condition cause : null
2024-09-28 19:03:02,697 [WARN] ConditionMgr:1039 - genDependencies : Invalid condition id : LAN8742 Phy interface Condition cause : null
2024-09-28 19:03:02,698 [WARN] ConditionMgr:1039 - genDependencies : Invalid condition id : LAN8742 Phy interface Condition cause : null
2024-09-28 19:03:02,722 [WARN] PackLoader:240 - Cannot read IP mode file for STMicroelectronics.X-CUBE-SFXS2LP1.4.0.0
2024-09-28 19:03:02,776 [WARN] PackLoader:240 - Cannot read IP mode file for STMicroelectronics.X-CUBE-AZRTOS-H7.3.3.0
2024-09-28 19:03:02,826 [WARN] ConditionMgr:438 - getConditionDescription Invalid condition id : UX DEVICE CLASS RTOS Condition cause : null
2024-09-28 19:03:02,826 [WARN] ConditionMgr:438 - getConditionDescription Invalid condition id : UX DEVICE CLASS RTOS Condition cause : null
2024-09-28 19:03:02,829 [WARN] PackLoader:240 - Cannot read IP mode file for STMicroelectronics.X-CUBE-AZRTOS-WB.2.0.0
2024-09-28 19:03:02,830 [WARN] ConditionMgr:1039 - genDependencies : Invalid condition id : UX DEVICE CLASS RTOS Condition cause : null
2024-09-28 19:03:02,830 [WARN] ConditionMgr:1039 - genDependencies : Invalid condition id : UX DEVICE CLASS RTOS Condition cause : null
2024-09-28 19:03:02,831 [WARN] ConditionMgr:1039 - genDependencies : Invalid condition id : UX DEVICE CLASS RTOS Condition cause : null
2024-09-28 19:03:02,831 [WARN] ConditionMgr:1039 - genDependencies : Invalid condition id : UX DEVICE CLASS RTOS Condition cause : null
2024-09-28 19:03:02,831 [WARN] ConditionMgr:1039 - genDependencies : Invalid condition id : UX DEVICE CLASS RTOS Condition cause : null
2024-09-28 19:03:02,895 [WARN] PackLoader:240 - Cannot read IP mode file for STMicroelectronics.X-CUBE-GNSS1.7.0.0
2024-09-28 19:03:02,944 [WARN] PackLoader:240 - Cannot read IP mode file for STMicroelectronics.FP-SNS-STBOX1.2.0.0
2024-09-28 19:03:02,989 [WARN] PackLoader:240 - Cannot read IP mode file for STMicroelectronics.X-CUBE-SUBG2.5.0.0
2024-09-28 19:03:03,011 [WARN] PackLoader:240 - Cannot read IP mode file for Cesanta.I-CUBE-Mongoose.7.13.0
2024-09-28 19:03:03,044 [WARN] PackLoader:240 - Cannot read IP mode file for STMicroelectronics.X-CUBE-AZRTOS-G4.2.0.0
2024-09-28 19:03:03,077 [INFO] WebApp:448 - Apply proxy settings
2024-09-28 19:03:03,077 [INFO] WebApp:533 - Chromium requires no authentication
2024-09-28 19:03:03,083 [WARN] PackLoader:240 - Cannot read IP mode file for STMicroelectronics.X-CUBE-ISPU.2.0.0
2024-09-28 19:03:03,097 [INFO] WebApp:476 - Direct internet connection detected
2024-09-28 19:03:03,104 [WARN] PackLoader:240 - Cannot read IP mode file for STMicroelectronics.X-CUBE-ALS.1.0.2
2024-09-28 19:03:03,156 [INFO] WebApp:869 - Register for checkConnection events
2024-09-28 19:03:03,157 [INFO] WebApp:448 - Apply proxy settings
2024-09-28 19:03:03,157 [INFO] WebApp:533 - Chromium requires no authentication
2024-09-28 19:03:03,158 [INFO] WebApp:476 - Direct internet connection detected
2024-09-28 19:03:03,161 [WARN] PackLoader:240 - Cannot read IP mode file for STMicroelectronics.X-CUBE-TOUCHGFX.4.24.0
2024-09-28 19:03:03,189 [WARN] PackLoader:240 - Cannot read IP mode file for STMicroelectronics.X-CUBE-TOUCHGFX.4.24.1
2024-09-28 19:03:03,206 [WARN] PackLoader:240 - Cannot read IP mode file for wolfSSL.I-CUBE-wolfTPM.3.4.0
2024-09-28 19:03:03,229 [WARN] PackLoader:240 - Cannot read IP mode file for portGmbH.I-Cube-SoM-uGOAL.1.1.0
2024-09-28 19:03:03,269 [WARN] PackLoader:240 - Cannot read IP mode file for STMicroelectronics.X-CUBE-AZRTOS-H7RS.1.0.0
2024-09-28 19:03:03,451 [WARN] PackLoader:240 - Cannot read IP mode file for STMicroelectronics.FP-ATR-ASTRA1.2.0.0
2024-09-28 19:03:03,495 [WARN] PackLoader:240 - Cannot read IP mode file for STMicroelectronics.X-CUBE-TOF1.3.4.2
2024-09-28 19:03:03,508 [INFO] WebApp:220 - Starting web application
2024-09-28 19:03:03,509 [INFO] WebApp:578 - Web application path used C:\ST\STM32CubeIDE_1.16.0\STM32CubeIDE\plugins\com.st.stm32cube.common.mx_6.12.0.202406281431\db\plugins\mcufinder\reactClient1\index.html
2024-09-28 19:03:03,581 [WARN] PackLoader:240 - Cannot read IP mode file for Infineon.AIROC-Wi-Fi-Bluetooth-STM32.1.6.1
2024-09-28 19:03:03,646 [WARN] PackLoader:240 - Cannot read IP mode file for wolfSSL.I-CUBE-wolfSSH.1.4.17
2024-09-28 19:03:03,646 [INFO] ThirdParty:978 - Integrity check success = true
2024-09-28 19:03:03,646 [INFO] IntegrityCheckThread:100 - exiting critical section [integrity check]
2024-09-28 19:03:03,647 [INFO] IntegrityCheckThread:103 - End integrity checks thread
2024-09-28 19:03:03,780 [INFO] UserAuth:417 - Internet connection configuration mode: 1
2024-09-28 19:03:04,059 [INFO] WebApp:186 - Connection restablished
